Archive member included to satisfy reference by file (symbol)

D:/BL602/final_code/build_2/build_out/bl602\libbl602.a(start.o)
                              (bl602_start)
D:/BL602/final_code/build_2/build_out/hal_drv\libhal_drv.a(hal_boot2.o)
                              D:/BL602/final_code/build_2/build_out/bl602\libbl602.a(start.o) (hal_boot2_get_flash_addr)
D:/BL602/final_code/build_2/build_out/hal_drv\libhal_drv.a(bl_boot2.o)
                              D:/BL602/final_code/build_2/build_out/hal_drv\libhal_drv.a(hal_boot2.o) (PtTable_Update_Entry)
D:/BL602/final_code/build_2/build_out/hal_drv\libhal_drv.a(bl_flash.o)
                              D:/BL602/final_code/build_2/build_out/hal_drv\libhal_drv.a(bl_boot2.o) (bl_flash_erase)
D:/BL602/final_code/build_2/build_out/main2_file\libmain2_file.a(main.o)
                              D:/BL602/final_code/build_2/build_out/bl602\libbl602.a(start.o) (bfl_main)
D:/BL602/final_code/build_2/build_out/main2_file\libmain2_file.a(adc.o)
                              D:/BL602/final_code/build_2/build_out/main2_file\libmain2_file.a(main.o) (task_adc)
D:/BL602/final_code/build_2/build_out/main2_file\libmain2_file.a(dht.o)
                              D:/BL602/final_code/build_2/build_out/main2_file\libmain2_file.a(main.o) (task_dht)
D:/BL602/final_code/build_2/build_out/bl602\libbl602.a(debug.o)
                              D:/BL602/final_code/build_2/build_out/main2_file\libmain2_file.a(adc.o) (printf)
D:/BL602/final_code/build_2/build_out/bl602_std\libbl602_std.a(softcrc.o)
                              D:/BL602/final_code/build_2/build_out/hal_drv\libhal_drv.a(bl_boot2.o) (BFLB_Soft_CRC32)
D:/BL602/final_code/build_2/build_out/freertos_riscv_ram\libfreertos_riscv_ram.a(tasks.o)
                              D:/BL602/final_code/build_2/build_out/main2_file\libmain2_file.a(main.o) (xTaskCreateStatic)
D:/BL602/final_code/build_2/build_out/freertos_riscv_ram\libfreertos_riscv_ram.a(timers.o)
                              D:/BL602/final_code/build_2/build_out/freertos_riscv_ram\libfreertos_riscv_ram.a(tasks.o) (xTimerCreateTimerTask)
D:/BL602/final_code/build_2/build_out/freertos_riscv_ram\libfreertos_riscv_ram.a(port.o)
                              D:/BL602/final_code/build_2/build_out/freertos_riscv_ram\libfreertos_riscv_ram.a(tasks.o) (xPortStartScheduler)
D:/BL602/final_code/build_2/build_out/freertos_riscv_ram\libfreertos_riscv_ram.a(portASM.o)
                              D:/BL602/final_code/build_2/build_out/freertos_riscv_ram\libfreertos_riscv_ram.a(port.o) (xPortStartFirstTask)
D:/BL602/final_code/build_2/build_out/freertos_riscv_ram\libfreertos_riscv_ram.a(heap_5.o)
                              D:/BL602/final_code/build_2/build_out/freertos_riscv_ram\libfreertos_riscv_ram.a(tasks.o) (pvPortMalloc)
D:/BL602/final_code/build_2/build_out/freertos_riscv_ram\libfreertos_riscv_ram.a(list.o)
                              D:/BL602/final_code/build_2/build_out/freertos_riscv_ram\libfreertos_riscv_ram.a(tasks.o) (vListInitialise)
D:/BL602/final_code/build_2/build_out/freertos_riscv_ram\libfreertos_riscv_ram.a(queue.o)
                              D:/BL602/final_code/build_2/build_out/freertos_riscv_ram\libfreertos_riscv_ram.a(timers.o) (xQueueGenericCreateStatic)
D:/BL602/final_code/build_2/build_out/hal_drv\libhal_drv.a(bl_uart.o)
                              D:/BL602/final_code/build_2/build_out/main2_file\libmain2_file.a(main.o) (bl_uart_init)
D:/BL602/final_code/build_2/build_out/hal_drv\libhal_drv.a(bl_sys.o)
                              D:/BL602/final_code/build_2/build_out/bl602\libbl602.a(debug.o) (sys_log_all_enable)
D:/BL602/final_code/build_2/build_out/hal_drv\libhal_drv.a(bl_dma.o)
                              D:/BL602/final_code/build_2/build_out/main2_file\libmain2_file.a(adc.o) (bl_dma_find_ctx_by_channel)
D:/BL602/final_code/build_2/build_out/hal_drv\libhal_drv.a(bl_irq.o)
                              D:/BL602/final_code/build_2/build_out/hal_drv\libhal_drv.a(bl_uart.o) (bl_irq_enable)
D:/BL602/final_code/build_2/build_out/hal_drv\libhal_drv.a(bl_timer.o)
                              D:/BL602/final_code/build_2/build_out/main2_file\libmain2_file.a(dht.o) (bl_timer_delay_us)
D:/BL602/final_code/build_2/build_out/hal_drv\libhal_drv.a(bl_gpio.o)
                              D:/BL602/final_code/build_2/build_out/main2_file\libmain2_file.a(adc.o) (bl_gpio_enable_output)
D:/BL602/final_code/build_2/build_out/hal_drv\libhal_drv.a(bl_adc.o)
                              D:/BL602/final_code/build_2/build_out/main2_file\libmain2_file.a(adc.o) (bl_adc_freq_init)
D:/BL602/final_code/build_2/build_out/main2_file\libmain2_file.a(freertos.o)
                              D:/BL602/final_code/build_2/build_out/freertos_riscv_ram\libfreertos_riscv_ram.a(tasks.o) (vAssertCalled)
D:/BL602/final_code/build_2/build_out/utils\libutils.a(utils_log.o)
                              D:/BL602/final_code/build_2/build_out/hal_drv\libhal_drv.a(bl_adc.o) (bl_printk)
[...]
Memory Configuration

Name             Origin             Length             Attributes
rom              0x0000000021015000 0x000000000000b000 axrl !w
flash            0x0000000023000000 0x0000000000400000 axrl !w
ram_tcm          0x000000004200c000 0x0000000000036000 axw
ram_wifi         0x0000000042042000 0x000000000000a000 axw
*default*        0x0000000000000000 0xffffffffffffffff

Linker script and memory map

START GROUP
LOAD D:/BL602/final_code/build_2/build_out/bl602\libbl602.a
LOAD D:/BL602/final_code/build_2/build_out/bl602_std\libbl602_std.a
LOAD D:/BL602/final_code/build_2/build_out/blfdt\libblfdt.a
LOAD D:/BL602/final_code/build_2/build_out/blmtd\libblmtd.a
LOAD D:/BL602/final_code/build_2/build_out/blog\libblog.a
LOAD D:/BL602/final_code/build_2/build_out/blog_testc\libblog_testc.a
LOAD D:/BL602/final_code/build_2/build_out/bloop\libbloop.a
LOAD D:/BL602/final_code/build_2/build_out/bltime\libbltime.a
LOAD D:/BL602/final_code/build_2/build_out/cli\libcli.a
LOAD D:/BL602/final_code/build_2/build_out/freertos_riscv_ram\libfreertos_riscv_ram.a
LOAD D:/BL602/final_code/build_2/build_out/hal_drv\libhal_drv.a
LOAD D:/BL602/final_code/build_2/build_out/looprt\liblooprt.a
LOAD D:/BL602/final_code/build_2/build_out/loopset\libloopset.a
LOAD D:/BL602/final_code/build_2/build_out/main2_file\libmain2_file.a
LOAD D:/BL602/final_code/build_2/build_out/romfs\libromfs.a
LOAD D:/BL602/final_code/build_2/build_out/utils\libutils.a
LOAD D:/BL602/final_code/build_2/build_out/vfs\libvfs.a
LOAD D:/BL602/final_code/build_2/build_out/yloop\libyloop.a
END GROUP
LOAD d:/bl602/newbl602_sdk/bl_iot_sdk/toolchain/riscv/msys/bin/../lib/gcc/riscv64-unknown-elf/8.3.0/../../../../riscv64-unknown-elf/lib/rv32imf/ilp32f\libm.a
LOAD d:/bl602/newbl602_sdk/bl_iot_sdk/toolchain/riscv/msys/bin/../lib/gcc/riscv64-unknown-elf/8.3.0/rv32imf/ilp32f\libgcc.a
START GROUP
LOAD d:/bl602/newbl602_sdk/bl_iot_sdk/toolchain/riscv/msys/bin/../lib/gcc/riscv64-unknown-elf/8.3.0/../../../../riscv64-unknown-elf/lib/rv32imf/ilp32f\libc.a
LOAD d:/bl602/newbl602_sdk/bl_iot_sdk/toolchain/riscv/msys/bin/../lib/gcc/riscv64-unknown-elf/8.3.0/../../../../riscv64-unknown-elf/lib/rv32imf/ilp32f\libgloss.a
END GROUP
LOAD d:/bl602/newbl602_sdk/bl_iot_sdk/toolchain/riscv/msys/bin/../lib/gcc/riscv64-unknown-elf/8.3.0/rv32imf/ilp32f\libgcc.a
                0x0000000000000000                __EM_SIZE = DEFINED (ble_controller_init)?0x2000:0x0
                0x0000000000000800                __stack_size = DEFINED (__stack_size)?__stack_size:0x800
                0x0000000042049c00                BOOT2_PT_ADDR = 0x42049c00
                0x0000000042049c18                BOOT2_FLASHCFG_ADDR = 0x42049c18

.init           0x0000000023000000      0x282
 *(SORT_NONE(.init))
 .init          0x0000000023000000      0x134 D:/BL602/final_code/build_2/build_out/bl602\libbl602.a(start.o)
                0x0000000023000000                bl602_start
 *fill*         0x0000000023000134        0xc 
 .init          0x0000000023000140      0x142 D:/BL602/final_code/build_2/build_out/bl602_std\libbl602_std.a(interrupt.o)
                0x0000000023000140                __Vectors

.text           0x0000000023000300     0x8a20
 *(.text.unlikely .text.unlikely.*)
 *(.text.startup .text.startup.*)
 *(.text .text.*)
 .text.hal_boot2_get_flash_addr
                0x0000000023000300       0x1c D:/BL602/final_code/build_2/build_out/hal_drv\libhal_drv.a(hal_boot2.o)
                0x0000000023000300                hal_boot2_get_flash_addr
 .text.bfl_main
                0x000000002300031c       0x8a D:/BL602/final_code/build_2/build_out/main2_file\libmain2_file.a(main.o)
                0x000000002300031c                bfl_main
 .text.init_adc
                0x00000000230003a6       0x8a D:/BL602/final_code/build_2/build_out/main2_file\libmain2_file.a(adc.o)
                0x00000000230003a6                init_adc
 .text.read_adc
                0x0000000023000430       0x50 D:/BL602/final_code/build_2/build_out/main2_file\libmain2_file.a(adc.o)
                0x0000000023000430                read_adc
 .text.task_adc
                0x0000000023000480       0x9e D:/BL602/final_code/build_2/build_out/main2_file\libmain2_file.a(adc.o)
                0x0000000023000480                task_adc
 .text.initiateGPIO
                0x000000002300051e        0xa D:/BL602/final_code/build_2/build_out/main2_file\libmain2_file.a(dht.o)
                0x000000002300051e                initiateGPIO
 .text.sendStartSignal
                0x0000000023000528       0x24 D:/BL602/final_code/build_2/build_out/main2_file\libmain2_file.a(dht.o)
                0x0000000023000528                sendStartSignal
 .text.task_dht
                0x000000002300054c      0x162 D:/BL602/final_code/build_2/build_out/main2_file\libmain2_file.a(dht.o)
                0x000000002300054c                task_dht
 .text.format_int
                0x00000000230006ae      0x25a D:/BL602/final_code/build_2/build_out/bl602\libbl602.a(debug.o)
 .text.cvt      0x0000000023000908      0x23a D:/BL602/final_code/build_2/build_out/bl602\libbl602.a(debug.o)
 .text.ecvtbuf  0x0000000023000b42        0x4 D:/BL602/final_code/build_2/build_out/bl602\libbl602.a(debug.o)
                0x0000000023000b42                ecvtbuf
 .text.fcvtbuf  0x0000000023000b46        0x4 D:/BL602/final_code/build_2/build_out/bl602\libbl602.a(debug.o)
                0x0000000023000b46                fcvtbuf
 .text.flt      0x0000000023000b4a      0x436 D:/BL602/final_code/build_2/build_out/bl602\libbl602.a(debug.o)
 .text.vsnprintf
                0x0000000023000f80      0x4d2 D:/BL602/final_code/build_2/build_out/bl602\libbl602.a(debug.o)
                0x0000000023000f80                vsnprintf
 .text.vsprintf
                0x0000000023001452        0xa D:/BL602/final_code/build_2/build_out/bl602\libbl602.a(debug.o)
                0x0000000023001452                vsprintf
 .text.vprint   0x000000002300145c       0x44 D:/BL602/final_code/build_2/build_out/bl602\libbl602.a(debug.o)
                0x000000002300145c                vprint
 .text.puts     0x00000000230014a0       0x3c D:/BL602/final_code/build_2/build_out/bl602\libbl602.a(debug.o)
                0x00000000230014a0                puts
 .text.printf   0x00000000230014dc       0x2e D:/BL602/final_code/build_2/build_out/bl602\libbl602.a(debug.o)
                0x00000000230014dc                printf
 .text.prvResetNextTaskUnblockTime.part.0
                0x000000002300150a       0x18 D:/BL602/final_code/build_2/build_out/freertos_riscv_ram\libfreertos_riscv_ram.a(tasks.o)
 .text.prvInitialiseNewTask.isra.2
                0x0000000023001522       0xce D:/BL602/final_code/build_2/build_out/freertos_riscv_ram\libfreertos_riscv_ram.a(tasks.o)
 .text.prvDeleteTCB
                0x00000000230015f0       0x36 D:/BL602/final_code/build_2/build_out/freertos_riscv_ram\libfreertos_riscv_ram.a(tasks.o)
 .text.prvAddCurrentTaskToDelayedList
                0x0000000023001626       0xc2 D:/BL602/final_code/build_2/build_out/freertos_riscv_ram\libfreertos_riscv_ram.a(tasks.o)
 .text.vTaskEnterCritical.part.7
                0x00000000230016e8       0x14 D:/BL602/final_code/build_2/build_out/freertos_riscv_ram\libfreertos_riscv_ram.a(tasks.o)
 .text.vTaskExitCritical.part.8
                0x00000000230016fc       0x1c D:/BL602/final_code/build_2/build_out/freertos_riscv_ram\libfreertos_riscv_ram.a(tasks.o)
 .text.prvAddNewTaskToReadyList
                0x0000000023001718      0x15c D:/BL602/final_code/build_2/build_out/freertos_riscv_ram\libfreertos_riscv_ram.a(tasks.o)
 .text.prvIdleTask
                0x0000000023001874       0x9c D:/BL602/final_code/build_2/build_out/freertos_riscv_ram\libfreertos_riscv_ram.a(tasks.o)
 .text.xTaskCreateStatic
                0x0000000023001910       0x9c D:/BL602/final_code/build_2/build_out/freertos_riscv_ram\libfreertos_riscv_ram.a(tasks.o)
                0x0000000023001910                xTaskCreateStatic
 .text.vTaskStartScheduler
                0x00000000230019ac       0x72 D:/BL602/final_code/build_2/build_out/freertos_riscv_ram\libfreertos_riscv_ram.a(tasks.o)
                0x00000000230019ac                vTaskStartScheduler
 .text.vTaskSuspendAll
                0x0000000023001a1e       0x10 D:/BL602/final_code/build_2/build_out/freertos_riscv_ram\libfreertos_riscv_ram.a(tasks.o)
                0x0000000023001a1e                vTaskSuspendAll
 .text.xTaskGetTickCount
                0x0000000023001a2e        0xa D:/BL602/final_code/build_2/build_out/freertos_riscv_ram\libfreertos_riscv_ram.a(tasks.o)
                0x0000000023001a2e                xTaskGetTickCount
 .text.xTaskIncrementTick
                0x0000000023001a38      0x19e D:/BL602/final_code/build_2/build_out/freertos_riscv_ram\libfreertos_riscv_ram.a(tasks.o)
                0x0000000023001a38                xTaskIncrementTick
 .text.xTaskResumeAll
                0x0000000023001bd6      0x150 D:/BL602/final_code/build_2/build_out/freertos_riscv_ram\libfreertos_riscv_ram.a(tasks.o)
                0x0000000023001bd6                xTaskResumeAll
 .text.vTaskDelay
                0x0000000023001d26       0x40 D:/BL602/final_code/build_2/build_out/freertos_riscv_ram\libfreertos_riscv_ram.a(tasks.o)
                0x0000000023001d26                vTaskDelay
 .text.vTaskSwitchContext
                0x0000000023001d66       0xca D:/BL602/final_code/build_2/build_out/freertos_riscv_ram\libfreertos_riscv_ram.a(tasks.o)
                0x0000000023001d66                vTaskSwitchContext
 .text.vTaskPlaceOnEventList
                0x0000000023001e30       0x30 D:/BL602/final_code/build_2/build_out/freertos_riscv_ram\libfreertos_riscv_ram.a(tasks.o)
                0x0000000023001e30                vTaskPlaceOnEventList
 .text.vTaskPlaceOnEventListRestricted
                0x0000000023001e60       0x3a D:/BL602/final_code/build_2/build_out/freertos_riscv_ram\libfreertos_riscv_ram.a(tasks.o)
                0x0000000023001e60                vTaskPlaceOnEventListRestricted
 .text.xTaskRemoveFromEventList
                0x0000000023001e9a       0x98 D:/BL602/final_code/build_2/build_out/freertos_riscv_ram\libfreertos_riscv_ram.a(tasks.o)
                0x0000000023001e9a                xTaskRemoveFromEventList
 .text.vTaskInternalSetTimeOutState
                0x0000000023001f32       0x16 D:/BL602/final_code/build_2/build_out/freertos_riscv_ram\libfreertos_riscv_ram.a(tasks.o)
                0x0000000023001f32                vTaskInternalSetTimeOutState
 .text.xTaskCheckForTimeOut
                0x0000000023001f48       0xb2 D:/BL602/final_code/build_2/build_out/freertos_riscv_ram\libfreertos_riscv_ram.a(tasks.o)
                0x0000000023001f48                xTaskCheckForTimeOut
 .text.vTaskMissedYield
                0x0000000023001ffa        0xc D:/BL602/final_code/build_2/build_out/freertos_riscv_ram\libfreertos_riscv_ram.a(tasks.o)
                0x0000000023001ffa                vTaskMissedYield
 .text.xTaskGetSchedulerState
                0x0000000023002006       0x1c D:/BL602/final_code/build_2/build_out/freertos_riscv_ram\libfreertos_riscv_ram.a(tasks.o)
                0x0000000023002006                xTaskGetSchedulerState
 .text.xTaskPriorityDisinherit
                0x0000000023002022       0xd8 D:/BL602/final_code/build_2/build_out/freertos_riscv_ram\libfreertos_riscv_ram.a(tasks.o)
                0x0000000023002022                xTaskPriorityDisinherit
 .text.vTaskEnterCritical
                0x00000000230020fa       0x14 D:/BL602/final_code/build_2/build_out/freertos_riscv_ram\libfreertos_riscv_ram.a(tasks.o)
                0x00000000230020fa                vTaskEnterCritical
 .text.vTaskExitCritical
                0x000000002300210e       0x1c D:/BL602/final_code/build_2/build_out/freertos_riscv_ram\libfreertos_riscv_ram.a(tasks.o)
                0x000000002300210e                vTaskExitCritical
 .text.prvCheckForValidListAndQueue
                0x000000002300212a       0x80 D:/BL602/final_code/build_2/build_out/freertos_riscv_ram\libfreertos_riscv_ram.a(timers.o)
 .text.prvInsertTimerInActiveList
                0x00000000230021aa       0x58 D:/BL602/final_code/build_2/build_out/freertos_riscv_ram\libfreertos_riscv_ram.a(timers.o)
 .text.xTimerCreateTimerTask
                0x0000000023002202       0x5a D:/BL602/final_code/build_2/build_out/freertos_riscv_ram\libfreertos_riscv_ram.a(timers.o)
                0x0000000023002202                xTimerCreateTimerTask
 .text.xTimerGenericCommand
                0x000000002300225c       0x92 D:/BL602/final_code/build_2/build_out/freertos_riscv_ram\libfreertos_riscv_ram.a(timers.o)
                0x000000002300225c                xTimerGenericCommand
 .text.prvSwitchTimerLists
                0x00000000230022ee       0x88 D:/BL602/final_code/build_2/build_out/freertos_riscv_ram\libfreertos_riscv_ram.a(timers.o)
 .text.prvTimerTask
                0x0000000023002376      0x1e4 D:/BL602/final_code/build_2/build_out/freertos_riscv_ram\libfreertos_riscv_ram.a(timers.o)
 .text.vPortSetupTimerInterrupt
                0x000000002300255a       0x4a D:/BL602/final_code/build_2/build_out/freertos_riscv_ram\libfreertos_riscv_ram.a(port.o)
                0x000000002300255a                vPortSetupTimerInterrupt
 .text.xPortStartScheduler
                0x00000000230025a4       0x3e D:/BL602/final_code/build_2/build_out/freertos_riscv_ram\libfreertos_riscv_ram.a(port.o)
                0x00000000230025a4                xPortStartScheduler
 *fill*         0x00000000230025e2       0x1e 
 .text          0x0000000023002600      0x538 D:/BL602/final_code/build_2/build_out/freertos_riscv_ram\libfreertos_riscv_ram.a(portASM.o)
                0x0000000023002600                freertos_risc_v_trap_handler
                0x0000000023002900                xPortStartFirstTask
                0x0000000023002a00                pxPortInitialiseStack
 .text.prvInsertBlockIntoFreeList
                0x0000000023002b38       0x52 D:/BL602/final_code/build_2/build_out/freertos_riscv_ram\libfreertos_riscv_ram.a(heap_5.o)
 .text.pvPortMalloc
                0x0000000023002b8a       0xe6 D:/BL602/final_code/build_2/build_out/freertos_riscv_ram\libfreertos_riscv_ram.a(heap_5.o)
                0x0000000023002b8a                pvPortMalloc
 .text.vPortFree
                0x0000000023002c70       0x90 D:/BL602/final_code/build_2/build_out/freertos_riscv_ram\libfreertos_riscv_ram.a(heap_5.o)
                0x0000000023002c70                vPortFree
 .text.xPortGetFreeHeapSize
                0x0000000023002d00        0xa D:/BL602/final_code/build_2/build_out/freertos_riscv_ram\libfreertos_riscv_ram.a(heap_5.o)
                0x0000000023002d00                xPortGetFreeHeapSize
 .text.vPortDefineHeapRegions
                0x0000000023002d0a      0x104 D:/BL602/final_code/build_2/build_out/freertos_riscv_ram\libfreertos_riscv_ram.a(heap_5.o)
                0x0000000023002d0a                vPortDefineHeapRegions
 .text.vListInitialise
                0x0000000023002e0e       0x14 D:/BL602/final_code/build_2/build_out/freertos_riscv_ram\libfreertos_riscv_ram.a(list.o)
                0x0000000023002e0e                vListInitialise
 .text.vListInitialiseItem
                0x0000000023002e22        0x6 D:/BL602/final_code/build_2/build_out/freertos_riscv_ram\libfreertos_riscv_ram.a(list.o)
                0x0000000023002e22                vListInitialiseItem
 .text.vListInsertEnd
                0x0000000023002e28       0x16 D:/BL602/final_code/build_2/build_out/freertos_riscv_ram\libfreertos_riscv_ram.a(list.o)
                0x0000000023002e28                vListInsertEnd
 .text.vListInsert
                0x0000000023002e3e       0x30 D:/BL602/final_code/build_2/build_out/freertos_riscv_ram\libfreertos_riscv_ram.a(list.o)
                0x0000000023002e3e                vListInsert
 .text.uxListRemove
                0x0000000023002e6e       0x32 D:/BL602/final_code/build_2/build_out/freertos_riscv_ram\libfreertos_riscv_ram.a(list.o)
                0x0000000023002e6e                uxListRemove
 .text.prvCopyDataToQueue
                0x0000000023002ea0       0xa4 D:/BL602/final_code/build_2/build_out/freertos_riscv_ram\libfreertos_riscv_ram.a(queue.o)
 .text.prvCopyDataFromQueue
                0x0000000023002f44       0x1e D:/BL602/final_code/build_2/build_out/freertos_riscv_ram\libfreertos_riscv_ram.a(queue.o)
 .text.prvUnlockQueue
                0x0000000023002f62       0xb6 D:/BL602/final_code/build_2/build_out/freertos_riscv_ram\libfreertos_riscv_ram.a(queue.o)
 .text.xQueueGenericReset
                0x0000000023003018       0x8e D:/BL602/final_code/build_2/build_out/freertos_riscv_ram\libfreertos_riscv_ram.a(queue.o)
                0x0000000023003018                xQueueGenericReset
 .text.xQueueGenericCreateStatic
                0x00000000230030a6       0x7e D:/BL602/final_code/build_2/build_out/freertos_riscv_ram\libfreertos_riscv_ram.a(queue.o)
                0x00000000230030a6                xQueueGenericCreateStatic
 .text.xQueueGenericSend
                0x0000000023003124      0x150 D:/BL602/final_code/build_2/build_out/freertos_riscv_ram\libfreertos_riscv_ram.a(queue.o)
                0x0000000023003124                xQueueGenericSend
 .text.xQueueGenericSendFromISR
                0x0000000023003274       0xba D:/BL602/final_code/build_2/build_out/freertos_riscv_ram\libfreertos_riscv_ram.a(queue.o)
                0x0000000023003274                xQueueGenericSendFromISR
 .text.xQueueReceive
                0x000000002300332e      0x14c D:/BL602/final_code/build_2/build_out/freertos_riscv_ram\libfreertos_riscv_ram.a(queue.o)
                0x000000002300332e                xQueueReceive
 .text.vQueueAddToRegistry
                0x000000002300347a       0x28 D:/BL602/final_code/build_2/build_out/freertos_riscv_ram\libfreertos_riscv_ram.a(queue.o)
                0x000000002300347a                vQueueAddToRegistry
 .text.vQueueWaitForMessageRestricted
                0x00000000230034a2       0x6c D:/BL602/final_code/build_2/build_out/freertos_riscv_ram\libfreertos_riscv_ram.a(queue.o)
                0x00000000230034a2                vQueueWaitForMessageRestricted
 .text.uart_generic_notify_handler
                0x000000002300350e       0xf2 D:/BL602/final_code/build_2/build_out/hal_drv\libhal_drv.a(bl_uart.o)
 .text.UART0_IRQHandler
                0x0000000023003600        0x4 D:/BL602/final_code/build_2/build_out/hal_drv\libhal_drv.a(bl_uart.o)
                0x0000000023003600                UART0_IRQHandler
 .text.UART1_IRQHandler
                0x0000000023003604        0x4 D:/BL602/final_code/build_2/build_out/hal_drv\libhal_drv.a(bl_uart.o)
                0x0000000023003604                UART1_IRQHandler
 .text.bl_uart_init
                0x0000000023003608       0xf0 D:/BL602/final_code/build_2/build_out/hal_drv\libhal_drv.a(bl_uart.o)
                0x0000000023003608                bl_uart_init
 .text.bl_uart_data_send
                0x00000000230036f8       0x36 D:/BL602/final_code/build_2/build_out/hal_drv\libhal_drv.a(bl_uart.o)
                0x00000000230036f8                bl_uart_data_send
 .text.bl_uart_data_recv
                0x000000002300372e       0x30 D:/BL602/final_code/build_2/build_out/hal_drv\libhal_drv.a(bl_uart.o)
                0x000000002300372e                bl_uart_data_recv
 .text.bl_dma_int_process
                0x000000002300375e       0xa8 D:/BL602/final_code/build_2/build_out/hal_drv\libhal_drv.a(bl_dma.o)
 .text.bl_dma_irq_register.part.2
                0x0000000023003806       0x5c D:/BL602/final_code/build_2/build_out/hal_drv\libhal_drv.a(bl_dma.o)
 .text.bl_dma_int_clear
                0x0000000023003862       0x32 D:/BL602/final_code/build_2/build_out/hal_drv\libhal_drv.a(bl_dma.o)
                0x0000000023003862                bl_dma_int_clear
 .text.bl_dma_IRQHandler
                0x0000000023003894       0x44 D:/BL602/final_code/build_2/build_out/hal_drv\libhal_drv.a(bl_dma.o)
                0x0000000023003894                bl_dma_IRQHandler
 .text.bl_dma_irq_register
                0x00000000230038d8       0x1a D:/BL602/final_code/build_2/build_out/hal_drv\libhal_drv.a(bl_dma.o)
                0x00000000230038d8                bl_dma_irq_register
 .text.bl_dma_find_node_by_channel
                0x00000000230038f2       0x2c D:/BL602/final_code/build_2/build_out/hal_drv\libhal_drv.a(bl_dma.o)
                0x00000000230038f2                bl_dma_find_node_by_channel
 .text.bl_dma_find_ctx_by_channel
                0x000000002300391e        0xe D:/BL602/final_code/build_2/build_out/hal_drv\libhal_drv.a(bl_dma.o)
                0x000000002300391e                bl_dma_find_ctx_by_channel
 .text.bl_dma_init
                0x000000002300392c       0x84 D:/BL602/final_code/build_2/build_out/hal_drv\libhal_drv.a(bl_dma.o)
                0x000000002300392c                bl_dma_init
 .text.bl_irq_enable
                0x00000000230039b0       0x12 D:/BL602/final_code/build_2/build_out/hal_drv\libhal_drv.a(bl_irq.o)
                0x00000000230039b0                bl_irq_enable
 .text.bl_irq_register_with_ctx
                0x00000000230039c2       0x30 D:/BL602/final_code/build_2/build_out/hal_drv\libhal_drv.a(bl_irq.o)
                0x00000000230039c2                bl_irq_register_with_ctx
 .text.bl_irq_ctx_get
                0x00000000230039f2       0x20 D:/BL602/final_code/build_2/build_out/hal_drv\libhal_drv.a(bl_irq.o)
                0x00000000230039f2                bl_irq_ctx_get
 .text.interrupt_entry
                0x0000000023003a12       0x4e D:/BL602/final_code/build_2/build_out/hal_drv\libhal_drv.a(bl_irq.o)
                0x0000000023003a12                interrupt_entry
 .text.exception_entry
                0x0000000023003a60      0x140 D:/BL602/final_code/build_2/build_out/hal_drv\libhal_drv.a(bl_irq.o)
                0x0000000023003a60                exception_entry
 .text.bl_timer_delay_us
                0x0000000023003ba0       0x1e D:/BL602/final_code/build_2/build_out/hal_drv\libhal_drv.a(bl_timer.o)
                0x0000000023003ba0                bl_timer_delay_us
 .text.bl_gpio_enable_output
                0x0000000023003bbe       0x44 D:/BL602/final_code/build_2/build_out/hal_drv\libhal_drv.a(bl_gpio.o)
                0x0000000023003bbe                bl_gpio_enable_output
 .text.bl_gpio_enable_input
                0x0000000023003c02       0x42 D:/BL602/final_code/build_2/build_out/hal_drv\libhal_drv.a(bl_gpio.o)
                0x0000000023003c02                bl_gpio_enable_input
 .text.bl_gpio_output_set
                0x0000000023003c44       0x14 D:/BL602/final_code/build_2/build_out/hal_drv\libhal_drv.a(bl_gpio.o)
                0x0000000023003c44                bl_gpio_output_set
 .text.bl_gpio_input_get_value
                0x0000000023003c58        0x4 D:/BL602/final_code/build_2/build_out/hal_drv\libhal_drv.a(bl_gpio.o)
                0x0000000023003c58                bl_gpio_input_get_value
 .text.adc_data_update
                0x0000000023003c5c       0x3e D:/BL602/final_code/build_2/build_out/hal_drv\libhal_drv.a(bl_adc.o)
 .text.bl_adc_freq_init
                0x0000000023003c9a       0x5a D:/BL602/final_code/build_2/build_out/hal_drv\libhal_drv.a(bl_adc.o)
                0x0000000023003c9a                bl_adc_freq_init
 .text.bl_adc_dma_init
                0x0000000023003cf4       0xfa D:/BL602/final_code/build_2/build_out/hal_drv\libhal_drv.a(bl_adc.o)
                0x0000000023003cf4                bl_adc_dma_init
 .text.bl_adc_start
                0x0000000023003dee       0x36 D:/BL602/final_code/build_2/build_out/hal_drv\libhal_drv.a(bl_adc.o)
                0x0000000023003dee                bl_adc_start
 .text.bl_adc_gpio_init
                0x0000000023003e24       0x1c D:/BL602/final_code/build_2/build_out/hal_drv\libhal_drv.a(bl_adc.o)
                0x0000000023003e24                bl_adc_gpio_init
 .text.bl_adc_get_channel_by_gpio
                0x0000000023003e40       0x56 D:/BL602/final_code/build_2/build_out/hal_drv\libhal_drv.a(bl_adc.o)
                0x0000000023003e40                bl_adc_get_channel_by_gpio
 .text.bl_adc_init
                0x0000000023003e96       0x7e D:/BL602/final_code/build_2/build_out/hal_drv\libhal_drv.a(bl_adc.o)
                0x0000000023003e96                bl_adc_init
 .text.vAssertCalled
                0x0000000023003f14       0x18 D:/BL602/final_code/build_2/build_out/main2_file\libmain2_file.a(freertos.o)
                0x0000000023003f14                vAssertCalled
 .text.vApplicationGetIdleTaskMemory
                0x0000000023003f2c       0x1c D:/BL602/final_code/build_2/build_out/main2_file\libmain2_file.a(freertos.o)
                0x0000000023003f2c                vApplicationGetIdleTaskMemory
 .text.vApplicationGetTimerTaskMemory
                0x0000000023003f48       0x1c D:/BL602/final_code/build_2/build_out/main2_file\libmain2_file.a(freertos.o)
                0x0000000023003f48                vApplicationGetTimerTaskMemory
 .text.vApplicationIdleHook
                0x0000000023003f64        0xa D:/BL602/final_code/build_2/build_out/main2_file\libmain2_file.a(freertos.o)
                0x0000000023003f64                vApplicationIdleHook
 .text.vApplicationMallocFailedHook
                0x0000000023003f6e       0x18 D:/BL602/final_code/build_2/build_out/main2_file\libmain2_file.a(freertos.o)
                0x0000000023003f6e                vApplicationMallocFailedHook
 .text.vApplicationStackOverflowHook
                0x0000000023003f86       0x22 D:/BL602/final_code/build_2/build_out/main2_file\libmain2_file.a(freertos.o)
                0x0000000023003f86                vApplicationStackOverflowHook
 .text.utils_list_init
                0x0000000023003fa8        0xa D:/BL602/final_code/build_2/build_out/utils\libutils.a(utils_list.o)
                0x0000000023003fa8                utils_list_init
 .text.utils_list_pop_front
                0x0000000023003fb2        0xc D:/BL602/final_code/build_2/build_out/utils\libutils.a(utils_list.o)
                0x0000000023003fb2                utils_list_pop_front
 .text.UART_Init
                0x0000000023003fbe       0xf4 D:/BL602/final_code/build_2/build_out/bl602_std\libbl602_std.a(bl602_uart.o)
                0x0000000023003fbe                UART_Init
 .text.UART_FifoConfig
                0x00000000230040b2       0x6a D:/BL602/final_code/build_2/build_out/bl602_std\libbl602_std.a(bl602_uart.o)
                0x00000000230040b2                UART_FifoConfig
 .text.UART_Enable
                0x000000002300411c       0x34 D:/BL602/final_code/build_2/build_out/bl602_std\libbl602_std.a(bl602_uart.o)
                0x000000002300411c                UART_Enable
 .text.UART_Disable
                0x0000000023004150       0x30 D:/BL602/final_code/build_2/build_out/bl602_std\libbl602_std.a(bl602_uart.o)
                0x0000000023004150                UART_Disable
 .text.UART_TxFreeRun
                0x0000000023004180       0x24 D:/BL602/final_code/build_2/build_out/bl602_std\libbl602_std.a(bl602_uart.o)
                0x0000000023004180                UART_TxFreeRun
 .text.UART_IntMask
                0x00000000230041a4       0x3e D:/BL602/final_code/build_2/build_out/bl602_std\libbl602_std.a(bl602_uart.o)
                0x00000000230041a4                UART_IntMask
 .text.UART_GetTxFifoCount
                0x00000000230041e2       0x18 D:/BL602/final_code/build_2/build_out/bl602_std\libbl602_std.a(bl602_uart.o)
                0x00000000230041e2                UART_GetTxFifoCount
 .text.UART_SendData
                0x00000000230041fa       0x70 D:/BL602/final_code/build_2/build_out/bl602_std\libbl602_std.a(bl602_uart.o)
                0x00000000230041fa                UART_SendData
 .text.UART_GetRxFifoCount
                0x000000002300426a       0x1a D:/BL602/final_code/build_2/build_out/bl602_std\libbl602_std.a(bl602_uart.o)
                0x000000002300426a                UART_GetRxFifoCount
 .text.ADC_Reset
                0x0000000023004284       0x28 D:/BL602/final_code/build_2/build_out/bl602_std\libbl602_std.a(bl602_adc.o)
                0x0000000023004284                ADC_Reset
 .text.ADC_Enable
                0x00000000230042ac       0x12 D:/BL602/final_code/build_2/build_out/bl602_std\libbl602_std.a(bl602_adc.o)
                0x00000000230042ac                ADC_Enable
 .text.ADC_Disable
                0x00000000230042be       0x10 D:/BL602/final_code/build_2/build_out/bl602_std\libbl602_std.a(bl602_adc.o)
                0x00000000230042be                ADC_Disable
 .text.ADC_Scan_Channel_Config
                0x00000000230042ce      0x12a D:/BL602/final_code/build_2/build_out/bl602_std\libbl602_std.a(bl602_adc.o)
                0x00000000230042ce                ADC_Scan_Channel_Config
 .text.ADC_Start
                0x00000000230043f8       0x34 D:/BL602/final_code/build_2/build_out/bl602_std\libbl602_std.a(bl602_adc.o)
                0x00000000230043f8                ADC_Start
 .text.ADC_FIFO_Cfg
                0x000000002300442c       0x2a D:/BL602/final_code/build_2/build_out/bl602_std\libbl602_std.a(bl602_adc.o)
                0x000000002300442c                ADC_FIFO_Cfg
 .text.ADC_Get_FIFO_Count
                0x0000000023004456        0xe D:/BL602/final_code/build_2/build_out/bl602_std\libbl602_std.a(bl602_adc.o)
                0x0000000023004456                ADC_Get_FIFO_Count
 .text.ADC_Parse_Result
                0x0000000023004464      0x2c8 D:/BL602/final_code/build_2/build_out/bl602_std\libbl602_std.a(bl602_adc.o)
                0x0000000023004464                ADC_Parse_Result
 .text.ADC_SET_TSVBE_LOW
                0x000000002300472c       0x12 D:/BL602/final_code/build_2/build_out/bl602_std\libbl602_std.a(bl602_adc.o)
                0x000000002300472c                ADC_SET_TSVBE_LOW
 .text.ADC_SET_TSVBE_HIGH
                0x000000002300473e       0x14 D:/BL602/final_code/build_2/build_out/bl602_std\libbl602_std.a(bl602_adc.o)
                0x000000002300473e                ADC_SET_TSVBE_HIGH
 .text.TSEN_Get_V_Error
                0x0000000023004752       0x9c D:/BL602/final_code/build_2/build_out/bl602_std\libbl602_std.a(bl602_adc.o)
                0x0000000023004752                TSEN_Get_V_Error
 .text.ADC_Init
                0x00000000230047ee       0xfa D:/BL602/final_code/build_2/build_out/bl602_std\libbl602_std.a(bl602_adc.o)
                0x00000000230047ee                ADC_Init
 .text.DMA_Enable
                0x00000000230048e8        0xe D:/BL602/final_code/build_2/build_out/bl602_std\libbl602_std.a(bl602_dma.o)
                0x00000000230048e8                DMA_Enable
 .text.DMA_Channel_Enable
                0x00000000230048f6       0x16 D:/BL602/final_code/build_2/build_out/bl602_std\libbl602_std.a(bl602_dma.o)
                0x00000000230048f6                DMA_Channel_Enable
 .text.DMA_Channel_Disable
                0x000000002300490c       0x14 D:/BL602/final_code/build_2/build_out/bl602_std\libbl602_std.a(bl602_dma.o)
                0x000000002300490c                DMA_Channel_Disable
 .text.DMA_LLI_Init
                0x0000000023004920       0x36 D:/BL602/final_code/build_2/build_out/bl602_std\libbl602_std.a(bl602_dma.o)
                0x0000000023004920                DMA_LLI_Init
 .text.DMA_LLI_Update
                0x0000000023004956       0x16 D:/BL602/final_code/build_2/build_out/bl602_std\libbl602_std.a(bl602_dma.o)
                0x0000000023004956                DMA_LLI_Update
 .text.DMA_IntMask
                0x000000002300496c       0x7c D:/BL602/final_code/build_2/build_out/bl602_std\libbl602_std.a(bl602_dma.o)
                0x000000002300496c                DMA_IntMask
 .text.Default_Handler
                0x00000000230049e8        0xa D:/BL602/final_code/build_2/build_out/bl602_std\libbl602_std.a(bl602_common.o)
                0x00000000230049e8                Default_Handler
 .text.GLB_Set_UART_CLK
                0x00000000230049f2       0x3e D:/BL602/final_code/build_2/build_out/bl602_std\libbl602_std.a(bl602_glb.o)
                0x00000000230049f2                GLB_Set_UART_CLK
 .text.GLB_Set_ADC_CLK
                0x0000000023004a30       0x40 D:/BL602/final_code/build_2/build_out/bl602_std\libbl602_std.a(bl602_glb.o)
                0x0000000023004a30                GLB_Set_ADC_CLK
 .text.GLB_UART_Fun_Sel
                0x0000000023004a70       0x24 D:/BL602/final_code/build_2/build_out/bl602_std\libbl602_std.a(bl602_glb.o)
                0x0000000023004a70                GLB_UART_Fun_Sel
 .text.GLB_GPIO_Func_Init
                0x0000000023004a94       0x50 D:/BL602/final_code/build_2/build_out/bl602_std\libbl602_std.a(bl602_glb.o)
                0x0000000023004a94                GLB_GPIO_Func_Init
 .text.GLB_GPIO_Write
                0x0000000023004ae4       0x2a D:/BL602/final_code/build_2/build_out/bl602_std\libbl602_std.a(bl602_glb.o)
                0x0000000023004ae4                GLB_GPIO_Write
 .text.GLB_GPIO_Read
                0x0000000023004b0e       0x20 D:/BL602/final_code/build_2/build_out/bl602_std\libbl602_std.a(bl602_glb.o)
                0x0000000023004b0e                GLB_GPIO_Read
 .text.HBN_Set_UART_CLK_Sel
                0x0000000023004b2e       0x12 D:/BL602/final_code/build_2/build_out/bl602_std\libbl602_std.a(bl602_hbn.o)
                0x0000000023004b2e                HBN_Set_UART_CLK_Sel
 .text.HBN_Get_RTC_Timer_Val
                0x0000000023004b40       0x28 D:/BL602/final_code/build_2/build_out/bl602_std\libbl602_std.a(bl602_hbn.o)
                0x0000000023004b40                HBN_Get_RTC_Timer_Val
 .text.bflb_platform_usart_dbg_send
                0x0000000023004b68        0xa D:/BL602/final_code/build_2/build_out/bl602_std\libbl602_std.a(platform_device.o)
                0x0000000023004b68                bflb_platform_usart_dbg_send
 .text.bflb_platform_printf
                0x0000000023004b72       0x4c D:/BL602/final_code/build_2/build_out/bl602_std\libbl602_std.a(platform_device.o)
                0x0000000023004b72                bflb_platform_printf
 .text.Default_Handler_Stub
                0x0000000023004bbe       0x9c D:/BL602/final_code/build_2/build_out/bl602_std\libbl602_std.a(interrupt.o)
                0x0000000023004bbe                HBN_OUT0_IRQHandler
                0x0000000023004bbe                L1C_BMX_TO_IRQHandler
                0x0000000023004bbe                IRTX_IRQHandler
                0x0000000023004bbe                TIMER_CH0_IRQHandler
                0x0000000023004bbe                SDIO_IRQHandler
                0x0000000023004bbe                WIFI_IPC_PUBLIC_IRQHandler
                0x0000000023004bbe                DMA_BMX_ERR_IRQHandler
                0x0000000023004bbe                MAC_RX_TRG_IRQHandler
                0x0000000023004bbe                EFUSE_IRQHandler
                0x0000000023004bbe                TIMER_WDT_IRQHandler
                0x0000000023004bbe                MAC_TXRX_TIMER_IRQHandler
                0x0000000023004bbe                MAC_GEN_IRQHandler
                0x0000000023004bbe                clic_csoft_handler
                0x0000000023004bbe                BOR_IRQHandler
                0x0000000023004bbe                MAC_PORT_TRG_IRQHandler
                0x0000000023004bbe                SPI_IRQHandler
                0x0000000023004bbe                HBN_OUT1_IRQHandler
                0x0000000023004bbe                SEC_BMX_ERR_IRQHandler
                0x0000000023004bbe                SF_CTRL_IRQHandler
                0x0000000023004bbe                RF_TOP_INT0_IRQHandler
                0x0000000023004bbe                MAC_TXRX_MISC_IRQHandler
                0x0000000023004bbe                BZ_PHY_IRQHandler
                0x0000000023004bbe                DMA_ALL_IRQHandler
                0x0000000023004bbe                SEC_GMAC_IRQHandler
                0x0000000023004bbe                BMX_ERR_IRQHandler
                0x0000000023004bbe                SEC_PKA_IRQHandler
                0x0000000023004bbe                TIMER_CH1_IRQHandler
                0x0000000023004bbe                clic_msip_handler
                0x0000000023004bbe                I2C_IRQHandler
                0x0000000023004bbe                SEC_TRNG_IRQHandler
                0x0000000023004bbe                GPIO_INT0_IRQHandler
                0x0000000023004bbe                IRRX_IRQHandler
                0x0000000023004bbe                L1C_BMX_ERR_IRQHandler
                0x0000000023004bbe                BMX_TO_IRQHandler
                0x0000000023004bbe                SEC_CDET_IRQHandler
                0x0000000023004bbe                WIFI_IRQHandler
                0x0000000023004bbe                clic_mtimer_handler
                0x0000000023004bbe                PDS_WAKEUP_IRQHandler
                0x0000000023004bbe                GPADC_DMA_IRQHandler
                0x0000000023004bbe                BLE_IRQHandler
                0x0000000023004bbe                PWM_IRQHandler
                0x0000000023004bbe                MAC_TX_TRG_IRQHandler
                0x0000000023004bbe                clic_mext_handler
                0x0000000023004bbe                RF_TOP_INT1_IRQHandler
                0x0000000023004bbe                SEC_AES_IRQHandler
                0x0000000023004bbe                SEC_SHA_IRQHandler
                0x0000000023004bbe                Default_Handler_Stub
 .text.bl_sys_time_sync_state
                0x0000000023004c5a       0x62 D:/BL602/final_code/build_2/build_out/bltime\libbltime.a(bl_sys_time.o)
                0x0000000023004c5a                bl_sys_time_sync_state
 .text.misaligned_load_trap
                0x0000000023004cbc      0x152 D:/BL602/final_code/build_2/build_out/freertos_riscv_ram\libfreertos_riscv_ram.a(misaligned_ldst.o)
                0x0000000023004cbc                misaligned_load_trap
 .text.misaligned_store_trap
                0x0000000023004e0e      0x14c D:/BL602/final_code/build_2/build_out/freertos_riscv_ram\libfreertos_riscv_ram.a(misaligned_ldst.o)
                0x0000000023004e0e                misaligned_store_trap
 .text          0x0000000023004f5a      0x200 D:/BL602/final_code/build_2/build_out/freertos_riscv_ram\libfreertos_riscv_ram.a(fp_asm.o)
                0x0000000023004f5a                get_f32_reg
                0x000000002300505a                put_f32_reg
 .text.backtrace_riscv
                0x000000002300515a        0x4 D:/BL602/final_code/build_2/build_out/freertos_riscv_ram\libfreertos_riscv_ram.a(panic_c.o)
                0x000000002300515a                backtrace_now
                0x000000002300515a                backtrace_riscv
 .text.bl_rtc_get_counter
                0x000000002300515e       0x16 D:/BL602/final_code/build_2/build_out/hal_drv\libhal_drv.a(bl_rtc.o)
                0x000000002300515e                bl_rtc_get_counter
 .text.bl_rtc_get_timestamp_ms
                0x0000000023005174       0x4e D:/BL602/final_code/build_2/build_out/hal_drv\libhal_drv.a(bl_rtc.o)
                0x0000000023005174                bl_rtc_get_timestamp_ms
 *fill*         0x00000000230051c2        0x2 
 .text          0x00000000230051c4       0xf4 d:/bl602/newbl602_sdk/bl_iot_sdk/toolchain/riscv/msys/bin/../lib/gcc/riscv64-unknown-elf/8.3.0/../../../../riscv64-unknown-elf/lib/rv32imf/ilp32f\libm.a(lib_a-s_modf.o)
                0x00000000230051c4                modf
 .text          0x00000000230052b8       0x4c d:/bl602/newbl602_sdk/bl_iot_sdk/toolchain/riscv/msys/bin/../lib/gcc/riscv64-unknown-elf/8.3.0/rv32imf/ilp32f\libgcc.a(_clzsi2.o)
                0x00000000230052b8                __clzsi2
 .text          0x0000000023005304      0x434 d:/bl602/newbl602_sdk/bl_iot_sdk/toolchain/riscv/msys/bin/../lib/gcc/riscv64-unknown-elf/8.3.0/rv32imf/ilp32f\libgcc.a(_udivdi3.o)
                0x0000000023005304                __udivdi3
 .text          0x0000000023005738      0x410 d:/bl602/newbl602_sdk/bl_iot_sdk/toolchain/riscv/msys/bin/../lib/gcc/riscv64-unknown-elf/8.3.0/rv32imf/ilp32f\libgcc.a(_umoddi3.o)
                0x0000000023005738                __umoddi3
 .text          0x0000000023005b48      0xb50 d:/bl602/newbl602_sdk/bl_iot_sdk/toolchain/riscv/msys/bin/../lib/gcc/riscv64-unknown-elf/8.3.0/rv32imf/ilp32f\libgcc.a(adddf3.o)
                0x0000000023005b48                __adddf3
 .text          0x0000000023006698      0x8ac d:/bl602/newbl602_sdk/bl_iot_sdk/toolchain/riscv/msys/bin/../lib/gcc/riscv64-unknown-elf/8.3.0/rv32imf/ilp32f\libgcc.a(divdf3.o)
                0x0000000023006698                __divdf3
 .text          0x0000000023006f44       0xc8 d:/bl602/newbl602_sdk/bl_iot_sdk/toolchain/riscv/msys/bin/../lib/gcc/riscv64-unknown-elf/8.3.0/rv32imf/ilp32f\libgcc.a(eqdf2.o)
                0x0000000023006f44                __nedf2
                0x0000000023006f44                __eqdf2
 .text          0x000000002300700c       0xec d:/bl602/newbl602_sdk/bl_iot_sdk/toolchain/riscv/msys/bin/../lib/gcc/riscv64-unknown-elf/8.3.0/rv32imf/ilp32f\libgcc.a(gedf2.o)
                0x000000002300700c                __gedf2
                0x000000002300700c                __gtdf2
 .text          0x00000000230070f8       0xec d:/bl602/newbl602_sdk/bl_iot_sdk/toolchain/riscv/msys/bin/../lib/gcc/riscv64-unknown-elf/8.3.0/rv32imf/ilp32f\libgcc.a(ledf2.o)
                0x00000000230070f8                __ledf2
                0x00000000230070f8                __ltdf2
 .text          0x00000000230071e4      0x79c d:/bl602/newbl602_sdk/bl_iot_sdk/toolchain/riscv/msys/bin/../lib/gcc/riscv64-unknown-elf/8.3.0/rv32imf/ilp32f\libgcc.a(muldf3.o)
                0x00000000230071e4                __muldf3
 .text          0x0000000023007980      0xb38 d:/bl602/newbl602_sdk/bl_iot_sdk/toolchain/riscv/msys/bin/../lib/gcc/riscv64-unknown-elf/8.3.0/rv32imf/ilp32f\libgcc.a(subdf3.o)
                0x0000000023007980                __subdf3
 .text          0x00000000230084b8       0xfc d:/bl602/newbl602_sdk/bl_iot_sdk/toolchain/riscv/msys/bin/../lib/gcc/riscv64-unknown-elf/8.3.0/rv32imf/ilp32f\libgcc.a(fixdfsi.o)
                0x00000000230084b8                __fixdfsi
 .text          0x00000000230085b4       0xac d:/bl602/newbl602_sdk/bl_iot_sdk/toolchain/riscv/msys/bin/../lib/gcc/riscv64-unknown-elf/8.3.0/rv32imf/ilp32f\libgcc.a(floatsidf.o)
                0x00000000230085b4                __floatsidf
 .text          0x0000000023008660      0x110 d:/bl602/newbl602_sdk/bl_iot_sdk/toolchain/riscv/msys/bin/../lib/gcc/riscv64-unknown-elf/8.3.0/rv32imf/ilp32f\libgcc.a(extendsfdf2.o)
                0x0000000023008660                __extendsfdf2
 .text          0x0000000023008770      0x2d8 d:/bl602/newbl602_sdk/bl_iot_sdk/toolchain/riscv/msys/bin/../lib/gcc/riscv64-unknown-elf/8.3.0/rv32imf/ilp32f\libgcc.a(truncdfsf2.o)
                0x0000000023008770                __truncdfsf2
 .text          0x0000000023008a48       0x10 d:/bl602/newbl602_sdk/bl_iot_sdk/toolchain/riscv/msys/bin/../lib/gcc/riscv64-unknown-elf/8.3.0/../../../../riscv64-unknown-elf/lib/rv32imf/ilp32f\libc.a(lib_a-abs.o)
                0x0000000023008a48                abs
 .text          0x0000000023008a58      0x11c d:/bl602/newbl602_sdk/bl_iot_sdk/toolchain/riscv/msys/bin/../lib/gcc/riscv64-unknown-elf/8.3.0/../../../../riscv64-unknown-elf/lib/rv32imf/ilp32f\libc.a(lib_a-memcpy.o)
                0x0000000023008a58                memcpy
 .text          0x0000000023008b74       0xdc d:/bl602/newbl602_sdk/bl_iot_sdk/toolchain/riscv/msys/bin/../lib/gcc/riscv64-unknown-elf/8.3.0/../../../../riscv64-unknown-elf/lib/rv32imf/ilp32f\libc.a(lib_a-memset.o)
                0x0000000023008b74                memset
 .text          0x0000000023008c50       0x8c d:/bl602/newbl602_sdk/bl_iot_sdk/toolchain/riscv/msys/bin/../lib/gcc/riscv64-unknown-elf/8.3.0/../../../../riscv64-unknown-elf/lib/rv32imf/ilp32f\libc.a(lib_a-strlen.o)
                0x0000000023008c50                strlen
 .text          0x0000000023008cdc       0x44 d:/bl602/newbl602_sdk/bl_iot_sdk/toolchain/riscv/msys/bin/../lib/gcc/riscv64-unknown-elf/8.3.0/../../../../riscv64-unknown-elf/lib/rv32imf/ilp32f\libc.a(lib_a-strnlen.o)
                0x0000000023008cdc                strnlen
 *(.gnu.linkonce.t.*)

.rodata         0x0000000023008d20      0x850
 *(.rdata)
 *(.rodata .rodata.*)
 .rodata.bfl_main.str1.4
                0x0000000023008d20        0xa D:/BL602/final_code/build_2/build_out/main2_file\libmain2_file.a(main.o)
 *fill*         0x0000000023008d2a        0x2 
 .rodata.task_adc.str1.4
                0x0000000023008d2c       0x12 D:/BL602/final_code/build_2/build_out/main2_file\libmain2_file.a(adc.o)
 *fill*         0x0000000023008d3e        0x2 
 .rodata.task_dht.str1.4
                0x0000000023008d40       0x5d D:/BL602/final_code/build_2/build_out/main2_file\libmain2_file.a(dht.o)
 *fill*         0x0000000023008d9d        0x3 
 .rodata.vsnprintf
                0x0000000023008da0      0x1f4 D:/BL602/final_code/build_2/build_out/bl602\libbl602.a(debug.o)
 *fill*         0x0000000023008f94        0x4 
 .rodata.cvt.cst8
                0x0000000023008f98       0x18 D:/BL602/final_code/build_2/build_out/bl602\libbl602.a(debug.o)
 .rodata.lcdigits.2256
                0x0000000023008fb0       0x11 D:/BL602/final_code/build_2/build_out/bl602\libbl602.a(debug.o)
 *fill*         0x0000000023008fc1        0x3 
 .rodata.ucdigits.2257
                0x0000000023008fc4       0x11 D:/BL602/final_code/build_2/build_out/bl602\libbl602.a(debug.o)
 *fill*         0x0000000023008fd5        0x3 
 .rodata.vsnprintf.str1.4
                0x0000000023008fd8        0x7 D:/BL602/final_code/build_2/build_out/bl602\libbl602.a(debug.o)
 *fill*         0x0000000023008fdf        0x1 
 .rodata.vTaskStartScheduler.str1.4
                0x0000000023008fe0        0x5 D:/BL602/final_code/build_2/build_out/freertos_riscv_ram\libfreertos_riscv_ram.a(tasks.o)
 *fill*         0x0000000023008fe5        0x3 
 .rodata.prvTimerTask
                0x0000000023008fe8       0x28 D:/BL602/final_code/build_2/build_out/freertos_riscv_ram\libfreertos_riscv_ram.a(timers.o)
 .rodata.prvCheckForValidListAndQueue.str1.4
                0x0000000023009010        0x5 D:/BL602/final_code/build_2/build_out/freertos_riscv_ram\libfreertos_riscv_ram.a(timers.o)
 *fill*         0x0000000023009015        0x3 
 .rodata.xTimerCreateTimerTask.str1.4
                0x0000000023009018        0x8 D:/BL602/final_code/build_2/build_out/freertos_riscv_ram\libfreertos_riscv_ram.a(timers.o)
 .rodata        0x0000000023009020       0x20 D:/BL602/final_code/build_2/build_out/hal_drv\libhal_drv.a(bl_uart.o)
 .rodata.exception_entry
                0x0000000023009040       0x40 D:/BL602/final_code/build_2/build_out/hal_drv\libhal_drv.a(bl_irq.o)
 .rodata.exception_entry.str1.4
                0x0000000023009080      0x26c D:/BL602/final_code/build_2/build_out/hal_drv\libhal_drv.a(bl_irq.o)
 .rodata.interrupt_entry.str1.4
                0x00000000230092ec       0x40 D:/BL602/final_code/build_2/build_out/hal_drv\libhal_drv.a(bl_irq.o)
 .rodata.vApplicationMallocFailedHook.str1.4
                0x000000002300932c       0x34 D:/BL602/final_code/build_2/build_out/main2_file\libmain2_file.a(freertos.o)
 .rodata.vApplicationStackOverflowHook.str1.4
                0x0000000023009360       0x2c D:/BL602/final_code/build_2/build_out/main2_file\libmain2_file.a(freertos.o)
 .rodata.ADC_Parse_Result.cst4
                0x000000002300938c        0xc D:/BL602/final_code/build_2/build_out/bl602_std\libbl602_std.a(bl602_adc.o)
 .rodata.ADC_Parse_Result.cst8
                0x0000000023009398       0x30 D:/BL602/final_code/build_2/build_out/bl602_std\libbl602_std.a(bl602_adc.o)
 .rodata.Default_Handler.str1.4
                0x00000000230093c8       0x14 D:/BL602/final_code/build_2/build_out/bl602_std\libbl602_std.a(bl602_common.o)
                                         0x12 (size before relaxing)
 .rodata        0x00000000230093dc       0x3c d:/bl602/newbl602_sdk/bl_iot_sdk/toolchain/riscv/msys/bin/../lib/gcc/riscv64-unknown-elf/8.3.0/rv32imf/ilp32f\libgcc.a(divdf3.o)
 .rodata        0x0000000023009418       0x3c d:/bl602/newbl602_sdk/bl_iot_sdk/toolchain/riscv/msys/bin/../lib/gcc/riscv64-unknown-elf/8.3.0/rv32imf/ilp32f\libgcc.a(muldf3.o)
 .rodata        0x0000000023009454      0x100 d:/bl602/newbl602_sdk/bl_iot_sdk/toolchain/riscv/msys/bin/../lib/gcc/riscv64-unknown-elf/8.3.0/rv32imf/ilp32f\libgcc.a(_clz.o)
                0x0000000023009454                __clz_tab
 *(.sdata2.*)
 .sdata2.pullMachineTimerCompareRegister
                0x0000000023009554        0x4 D:/BL602/final_code/build_2/build_out/freertos_riscv_ram\libfreertos_riscv_ram.a(port.o)
                0x0000000023009554                pullMachineTimerCompareRegister
 .sdata2.uxTimerIncrementsForOneTick
                0x0000000023009558        0x4 D:/BL602/final_code/build_2/build_out/freertos_riscv_ram\libfreertos_riscv_ram.a(port.o)
                0x0000000023009558                uxTimerIncrementsForOneTick
 .sdata2.xISRStackTop
                0x000000002300955c        0x4 D:/BL602/final_code/build_2/build_out/freertos_riscv_ram\libfreertos_riscv_ram.a(port.o)
                0x000000002300955c                xISRStackTop
 .sdata2.uartAddr
                0x0000000023009560        0x8 D:/BL602/final_code/build_2/build_out/hal_drv\libhal_drv.a(bl_uart.o)
 .sdata2.uartAddr
                0x0000000023009568        0x8 D:/BL602/final_code/build_2/build_out/bl602_std\libbl602_std.a(bl602_uart.o)
                0x0000000023009570                . = ALIGN (0x4)
                0x0000000023009570                _bl_static_cli_cmds_start = .
 *(.static_cli_cmds)
 *(.static_cli_cmds)
                0x0000000023009570                _bl_static_cli_cmds_end = .
                0x0000000023009570                . = ALIGN (0x4)
                0x0000000023009570                _bl_static_fw_cfg_entry_start = .
 *(.wifi.cfg.entry)
                0x0000000023009570                _bl_static_fw_cfg_entry_end = .
                0x0000000023009570                . = ALIGN (0x4)
                0x0000000023009570                _bl_static_blogcomponent_code_start = .
 SORT_BY_NAME(*)(.static_blogcomponent_code*)
 *(.static_blogcomponent_code*)
                0x0000000023009570                _bl_static_blogcomponent_code_end = .
                0x0000000023009570                . = ALIGN (0x4)
                0x0000000023009570                _bl_static_blogfile_code_start = .
 SORT_BY_NAME(*)(.static_blogfile_code*)
 *(.static_blogfile_code*)
                0x0000000023009570                _bl_static_blogfile_code_end = .
                0x0000000023009570                . = ALIGN (0x4)
                0x0000000023009570                _bl_static_blogpri_code_start = .
 SORT_BY_NAME(*)(.static_blogpri_code*)
 *(.static_blogpri_code*)
                0x0000000023009570                _bl_static_blogpri_code_end = .
 *(.gnu.linkonce.r.*)
                0x0000000023009570                . = ALIGN (0x4)
                0x0000000023009570                _rom_framework_audio_device_start = .
 *(.framework.audio_device)
                0x0000000023009570                _rom_framework_audio_device_end = .

.rela.dyn       0x0000000023009570        0x0
 .rela.init     0x0000000023009570        0x0 D:/BL602/final_code/build_2/build_out/bl602\libbl602.a(start.o)
 .rela.text.hal_boot2_get_flash_addr
                0x0000000023009570        0x0 D:/BL602/final_code/build_2/build_out/bl602\libbl602.a(start.o)
 .rela.data.xHeapRegions
                0x0000000023009570        0x0 D:/BL602/final_code/build_2/build_out/bl602\libbl602.a(start.o)
 .rela.text.task_dht
                0x0000000023009570        0x0 D:/BL602/final_code/build_2/build_out/bl602\libbl602.a(start.o)
 .rela.text.xPortStartScheduler
                0x0000000023009570        0x0 D:/BL602/final_code/build_2/build_out/bl602\libbl602.a(start.o)
 .rela.sdata2.xISRStackTop
                0x0000000023009570        0x0 D:/BL602/final_code/build_2/build_out/bl602\libbl602.a(start.o)
 .rela.text.vQueueAddToRegistry
                0x0000000023009570        0x0 D:/BL602/final_code/build_2/build_out/bl602\libbl602.a(start.o)
 .rela.text.exception_entry
                0x0000000023009570        0x0 D:/BL602/final_code/build_2/build_out/bl602\libbl602.a(start.o)

.preinit_array  0x0000000023009570        0x0
                0x0000000023009570                . = ALIGN (0x4)
                0x0000000023009570                __preinit_array_start = .
 *(.preinit_array)
                0x0000000023009570                __preinit_array_end = .

.init_array     0x0000000023009570        0x0
                0x0000000023009570                . = ALIGN (0x4)
                0x0000000023009570                __init_array_start = .
 *(SORT_BY_INIT_PRIORITY(.init_array.*))
 *(.init_array)
                0x0000000023009570                __init_array_end = .

.wifibss        0x0000000042042000        0x0
                0x0000000042042000                PROVIDE (__wifi_bss_start = ADDR (.wifibss))
                0x0000000042042000                PROVIDE (__wifi_bss_end = (ADDR (.wifibss) + SIZEOF (.wifibss)))
 *ipc_shared.o(COMMON)
 *sdu_shared.o(COMMON)
 *hal_desc.o(COMMON)
 *txl_buffer_shared.o(COMMON)
 *txl_frame_shared.o(COMMON)
 *scan_shared.o(COMMON)
 *scanu_shared.o(COMMON)
 *mfp_bip.o(COMMON)
 *me_mic.o(COMMON)
 *bl_sta_mgmt_others.o(COMMON)
 *bl_pmk_mgmt.o(COMMON)
 *bl_pmk_mgmt_internal.o(COMMON)
 *libwifi_drv.a:bl_utils.o(COMMON)
 *libwifi_drv.a:bl_utils.o(.bss*)
 *(.wifi_ram*)
                0x0000000042042000                . = ALIGN (0x10)
                0x0000000042042000                PROVIDE (_heap_wifi_start = .)
                0x000000000000a000                PROVIDE (_heap_wifi_size = ((ORIGIN (ram_wifi) + LENGTH (ram_wifi)) - _heap_wifi_start))

.romdata        0x000000004200c000      0x498 load address 0x0000000023009570
                [!provide]                        PROVIDE (__global_pointer_head$ = .)
                0x000000004200c7f0                PROVIDE (__global_pointer$ = (. + 0x7f0))
                0x000000004200c498                . = (. + 0x498)
 *fill*         0x000000004200c000      0x498 

.data           0x000000004200c498      0xaa8 load address 0x0000000023009570
                0x0000000023009570                PROVIDE (_data_load = LOADADDR (.data))
                0x000000004200c498                PROVIDE (_data_run = ADDR (.data))
                0x000000004200cf40                PROVIDE (_data_run_end = (ADDR (.data) + SIZEOF (.data)))
 *(.tcm_code)
 .tcm_code      0x000000004200c498      0x550 D:/BL602/final_code/build_2/build_out/bl602_std\libbl602_std.a(bl602_romapi.o)
                0x000000004200c498                AON_Power_On_BG
                0x000000004200c4a2                AON_Power_Off_BG
                0x000000004200c4ac                AON_Power_On_LDO11_SOC
                0x000000004200c4b6                AON_Power_Off_LDO11_SOC
                0x000000004200c4c0                AON_Power_On_LDO15_RF
                0x000000004200c4ca                AON_Power_Off_LDO15_RF
                0x000000004200c4d4                AON_Power_On_SFReg
                0x000000004200c4de                AON_Power_Off_SFReg
                0x000000004200c4e8                AON_LowPower_Enter_PDS0
                0x000000004200c4f2                AON_LowPower_Exit_PDS0
                0x000000004200c4fc                ASM_Delay_Us
                0x000000004200c506                BL602_Delay_US
                0x000000004200c510                BL602_Delay_MS
                0x000000004200c51a                BL602_MemCpy
                0x000000004200c524                BL602_MemCpy4
                0x000000004200c52e                BL602_MemCpy_Fast
                0x000000004200c538                BL602_MemSet
                0x000000004200c542                BL602_MemSet4
                0x000000004200c54c                BL602_MemCmp
                0x000000004200c556                EF_Ctrl_Sw_AHB_Clk_0
                0x000000004200c560                EF_Ctrl_Program_Efuse_0
                0x000000004200c56a                EF_Ctrl_Load_Efuse_R0
                0x000000004200c574                EF_Ctrl_Busy
                0x000000004200c57e                EF_Ctrl_AutoLoad_Done
                0x000000004200c588                EF_Ctrl_Clear
                0x000000004200c592                GLB_SW_System_Reset
                0x000000004200c59c                GLB_SW_CPU_Reset
                0x000000004200c5a6                GLB_SW_POR_Reset
                0x000000004200c5b0                GLB_Select_Internal_Flash
                0x000000004200c5ba                GLB_Select_External_Flash
                0x000000004200c5c4                GLB_Deswap_Flash_Pin
                0x000000004200c5ce                GLB_Swap_Flash_Pin
                0x000000004200c5d8                GLB_GPIO_Init
                0x000000004200c5e2                GLB_GPIO_OUTPUT_Enable
                0x000000004200c5ec                GLB_GPIO_OUTPUT_Disable
                0x000000004200c5f6                GLB_GPIO_Set_HZ
                0x000000004200c600                GLB_GPIO_Get_Fun
                0x000000004200c60a                HBN_Mode_Enter
                0x000000004200c614                HBN_Power_Down_Flash
                0x000000004200c61e                HBN_Enable
                0x000000004200c628                HBN_Reset
                0x000000004200c632                HBN_Set_Ldo11_Aon_Vout
                0x000000004200c63c                HBN_Set_Ldo11_Rt_Vout
                0x000000004200c646                HBN_Set_Ldo11_Soc_Vout
                0x000000004200c650                HBN_Hw_Pu_Pd_Cfg
                0x000000004200c65a                HBN_Pin_WakeUp_Mask
                0x000000004200c664                HBN_GPIO7_Dbg_Pull_Cfg
                0x000000004200c66e                HBN_Set_Embedded_Flash_Pullup
                0x000000004200c678                L1C_Set_Wrap
                0x000000004200c682                L1C_Set_Way_Disable
                0x000000004200c68c                L1C_IROM_2T_Access_Set
                0x000000004200c696                PDS_Reset
                0x000000004200c6a0                PDS_Force_Config
                0x000000004200c6aa                PDS_RAM_Config
                0x000000004200c6b4                PDS_Default_Level_Config
                0x000000004200c6be                SEC_Eng_Turn_On_Sec_Ring
                0x000000004200c6c8                SEC_Eng_Turn_Off_Sec_Ring
                0x000000004200c6d2                SFlash_Init
                0x000000004200c6dc                SFlash_SetSPIMode
                0x000000004200c6e6                SFlash_Read_Reg
                0x000000004200c6f0                SFlash_Write_Reg
                0x000000004200c6fa                SFlash_Busy
                0x000000004200c704                SFlash_Write_Enable
                0x000000004200c70e                SFlash_Qspi_Enable
                0x000000004200c718                SFlash_Volatile_Reg_Write_Enable
                0x000000004200c722                SFlash_Chip_Erase
                0x000000004200c72c                SFlash_Sector_Erase
                0x000000004200c736                SFlash_Blk32_Erase
                0x000000004200c740                SFlash_Blk64_Erase
                0x000000004200c74a                SFlash_Erase
                0x000000004200c754                SFlash_Program
                0x000000004200c75e                SFlash_GetUniqueId
                0x000000004200c768                SFlash_GetJedecId
                0x000000004200c772                SFlash_GetDeviceId
                0x000000004200c77c                SFlash_Powerdown
                0x000000004200c786                SFlash_Releae_Powerdown
                0x000000004200c790                SFlash_SetBurstWrap
                0x000000004200c79a                SFlash_DisableBurstWrap
                0x000000004200c7a4                SFlash_Software_Reset
                0x000000004200c7ae                SFlash_Reset_Continue_Read
                0x000000004200c7b8                SFlash_Set_IDbus_Cfg
                0x000000004200c7c2                SFlash_IDbus_Read_Enable
                0x000000004200c7cc                SFlash_Cache_Enable_Set
                0x000000004200c7d6                SFlash_Cache_Flush
                0x000000004200c7e0                SFlash_Cache_Read_Enable
                0x000000004200c7ea                SFlash_Cache_Hit_Count_Get
                0x000000004200c7f4                SFlash_Cache_Miss_Count_Get
                0x000000004200c7fe                SFlash_Cache_Read_Disable
                0x000000004200c808                SFlash_Read
                0x000000004200c812                SFlash_Read_Reg_With_Cmd
                0x000000004200c81c                SFlash_Write_Reg_With_Cmd
                0x000000004200c826                SF_Cfg_Init_Ext_Flash_Gpio
                0x000000004200c830                SF_Cfg_Init_Internal_Flash_Gpio
                0x000000004200c83a                SF_Cfg_Deinit_Ext_Flash_Gpio
                0x000000004200c844                SF_Cfg_Restore_GPIO17_Fun
                0x000000004200c84e                SF_Cfg_Get_Flash_Cfg_Need_Lock
                0x000000004200c858                SF_Cfg_Init_Flash_Gpio
                0x000000004200c862                SF_Cfg_Flash_Identify
                0x000000004200c86c                SF_Ctrl_Enable
                0x000000004200c876                SF_Ctrl_Select_Pad
                0x000000004200c880                SF_Ctrl_Set_Owner
                0x000000004200c88a                SF_Ctrl_Disable
                0x000000004200c894                SF_Ctrl_AES_Enable_BE
                0x000000004200c89e                SF_Ctrl_AES_Enable_LE
                0x000000004200c8a8                SF_Ctrl_AES_Set_Region
                0x000000004200c8b2                SF_Ctrl_AES_Set_Key
                0x000000004200c8bc                SF_Ctrl_AES_Set_Key_BE
                0x000000004200c8c6                SF_Ctrl_AES_Set_IV
                0x000000004200c8d0                SF_Ctrl_AES_Set_IV_BE
                0x000000004200c8da                SF_Ctrl_AES_Enable
                0x000000004200c8e4                SF_Ctrl_AES_Disable
                0x000000004200c8ee                SF_Ctrl_Set_Flash_Image_Offset
                0x000000004200c8f8                SF_Ctrl_Get_Flash_Image_Offset
                0x000000004200c902                SF_Ctrl_Select_Clock
                0x000000004200c90c                SF_Ctrl_SendCmd
                0x000000004200c916                SF_Ctrl_Icache_Set
                0x000000004200c920                SF_Ctrl_Icache2_Set
                0x000000004200c92a                SF_Ctrl_GetBusyState
                0x000000004200c934                SF_Ctrl_Is_AES_Enable
                0x000000004200c93e                SF_Ctrl_Get_Clock_Delay
                0x000000004200c948                SF_Ctrl_Set_Clock_Delay
                0x000000004200c952                XIP_SFlash_State_Save
                0x000000004200c95c                XIP_SFlash_State_Restore
                0x000000004200c966                XIP_SFlash_Erase_Need_Lock
                0x000000004200c970                XIP_SFlash_Write_Need_Lock
                0x000000004200c97a                XIP_SFlash_Read_Need_Lock
                0x000000004200c984                XIP_SFlash_GetJedecId_Need_Lock
                0x000000004200c98e                XIP_SFlash_GetDeviceId_Need_Lock
                0x000000004200c998                XIP_SFlash_GetUniqueId_Need_Lock
                0x000000004200c9a2                XIP_SFlash_Read_Via_Cache_Need_Lock
                0x000000004200c9ac                XIP_SFlash_Read_With_Lock
                0x000000004200c9b6                XIP_SFlash_Write_With_Lock
                0x000000004200c9c0                XIP_SFlash_Erase_With_Lock
                0x000000004200c9ca                XIP_SFlash_Opt_Enter
                0x000000004200c9d4                XIP_SFlash_Opt_Exit
                0x000000004200c9de                BFLB_Soft_CRC32
 *(.tcm_const)
 *(.sclock_rlt_code)
 .sclock_rlt_code
                0x000000004200c9e8      0x25e D:/BL602/final_code/build_2/build_out/bl602_std\libbl602_std.a(bl602_adc.o)
                0x000000004200c9e8                ADC_Trim_TSEN
                0x000000004200cb5c                ADC_Gain_Trim
 .sclock_rlt_code
                0x000000004200cc46      0x140 D:/BL602/final_code/build_2/build_out/bl602_std\libbl602_std.a(bl602_ef_ctrl.o)
                0x000000004200cce4                EF_Ctrl_Read_TSEN_Trim
                0x000000004200cd40                EF_Ctrl_Read_ADC_Gain_Trim
 .sclock_rlt_code
                0x000000004200cd86      0x154 D:/BL602/final_code/build_2/build_out/bl602_std\libbl602_std.a(bl602_romapi.o)
                0x000000004200cd86                AON_Power_On_MBG
                0x000000004200cd90                AON_Power_Off_MBG
                0x000000004200cd9a                AON_Power_On_XTAL
                0x000000004200cda4                AON_Set_Xtal_CapCode
                0x000000004200cdae                AON_Get_Xtal_CapCode
                0x000000004200cdb8                AON_Power_Off_XTAL
                0x000000004200cdc2                EF_Ctrl_Get_Trim_Parity
                0x000000004200cdcc                EF_Ctrl_Read_RC32M_Trim
                0x000000004200cdd6                EF_Ctrl_Read_RC32K_Trim
                0x000000004200cde0                GLB_Get_Root_CLK_Sel
                0x000000004200cdea                GLB_Set_System_CLK_Div
                0x000000004200cdf4                GLB_Get_BCLK_Div
                0x000000004200cdfe                GLB_Get_HCLK_Div
                0x000000004200ce08                Update_SystemCoreClockWith_XTAL
                0x000000004200ce12                GLB_Set_System_CLK
                0x000000004200ce1c                System_Core_Clock_Update_From_RC32M
                0x000000004200ce26                GLB_Set_SF_CLK
                0x000000004200ce30                GLB_Set_PKA_CLK_Sel
                0x000000004200ce3a                HBN_32K_Sel
                0x000000004200ce44                HBN_Set_ROOT_CLK_Sel
                0x000000004200ce4e                HBN_Power_On_Xtal_32K
                0x000000004200ce58                HBN_Power_Off_Xtal_32K
                0x000000004200ce62                HBN_Power_On_RC32K
                0x000000004200ce6c                HBN_Power_Off_RC32K
                0x000000004200ce76                HBN_Trim_RC32K
                0x000000004200ce80                PDS_Trim_RC32M
                0x000000004200ce8a                PDS_Select_RC32M_As_PLL_Ref
                0x000000004200ce94                PDS_Select_XTAL_As_PLL_Ref
                0x000000004200ce9e                PDS_Power_On_PLL
                0x000000004200cea8                PDS_Enable_PLL_All_Clks
                0x000000004200ceb2                PDS_Disable_PLL_All_Clks
                0x000000004200cebc                PDS_Enable_PLL_Clk
                0x000000004200cec6                PDS_Disable_PLL_Clk
                0x000000004200ced0                PDS_Power_Off_PLL
 *(.sclock_rlt_const)
 *(.data .data.*)
 *fill*         0x000000004200ceda        0x2 
 .data.xHeapRegions
                0x000000004200cedc       0x20 D:/BL602/final_code/build_2/build_out/main2_file\libmain2_file.a(main.o)
 *(.gnu.linkonce.d.*)
 *(.sdata .sdata.*)
 .sdata.pTrapNetCounter
                0x000000004200cefc        0x4 D:/BL602/final_code/build_2/build_out/freertos_riscv_ram\libfreertos_riscv_ram.a(port.o)
                0x000000004200cefc                pTrapNetCounter
 .sdata.pullNextTime
                0x000000004200cf00        0x4 D:/BL602/final_code/build_2/build_out/freertos_riscv_ram\libfreertos_riscv_ram.a(port.o)
                0x000000004200cf00                pullNextTime
 .sdata.sys_log_all_enable
                0x000000004200cf04        0x1 D:/BL602/final_code/build_2/build_out/hal_drv\libhal_drv.a(bl_sys.o)
                0x000000004200cf04                sys_log_all_enable
 *fill*         0x000000004200cf05        0x3 
 .sdata.uxTopUsedPriority
                0x000000004200cf08        0x4 D:/BL602/final_code/build_2/build_out/main2_file\libmain2_file.a(freertos.o)
                0x000000004200cf08                uxTopUsedPriority
 .sdata.adcGainCoeffCal
                0x000000004200cf0c        0x8 D:/BL602/final_code/build_2/build_out/bl602_std\libbl602_std.a(bl602_adc.o)
 *(.gnu.linkonce.s.*)
                0x000000004200cf18                . = ALIGN (0x8)
 *fill*         0x000000004200cf14        0x4 
 *(.srodata.cst16)
 *(.srodata.cst8)
 .srodata.cst8  0x000000004200cf18       0x20 D:/BL602/final_code/build_2/build_out/bl602_std\libbl602_std.a(bl602_adc.o)
 *(.srodata.cst4)
 *(.srodata.cst2)
 *(.srodata .srodata.*)
 .srodata       0x000000004200cf38        0x4 D:/BL602/final_code/build_2/build_out/hal_drv\libhal_drv.a(bl_uart.o)
                0x000000004200cf40                . = ALIGN (0x8)
 *fill*         0x000000004200cf3c        0x4 
 *(._k_queue.static.*)
 *(._k_sem.static.*)
 *(._k_mutex.static.*)
                0x000000004200cf40                _net_buf_pool_list = .
 *(SORT_BY_NAME(._net_buf_pool.static.*))
                0x000000004200cf40                _bt_gatt_service_static_list_start = .
 *(SORT_BY_NAME(._bt_gatt_service_static.static.*))
                0x000000004200cf40                _bt_gatt_service_static_list_end = .
                0x000000004200cf40                _bt_l2cap_fixed_chan_list_start = .
 *(SORT_BY_NAME(._bt_l2cap_fixed_chan.static.*))
                0x000000004200cf40                _bt_l2cap_fixed_chan_list_end = .

.boot2          0x000000004200cf40      0x258 load address 0x000000002300a018
                0x000000004200cf40                PROVIDE (__boot2_pt_addr_start = .)
 *(.bss.boot2_partition_table)
 .bss.boot2_partition_table
                0x000000004200cf40      0x258 D:/BL602/final_code/build_2/build_out/hal_drv\libhal_drv.a(hal_boot2.o)
                0x000000004200d198                PROVIDE (__boot2_pt_addr_end = .)
                0x000000004200d198                PROVIDE (__boot2_flashCfg_start = .)
 *(.bss.boot2_flashCfg)
                0x000000004200d198                PROVIDE (__boot2_flashCfg_end = .)

.bss            0x000000004200d198     0x2ecc load address 0x000000002300a018
                0x000000004200d198                PROVIDE (__bss_start = ADDR (.bss))
                0x0000000042010064                PROVIDE (__bss_end = (ADDR (.bss) + SIZEOF (.bss)))
 *(.sbss*)
 .sbss.pxCurrentTCB
                0x000000004200d198        0x4 D:/BL602/final_code/build_2/build_out/freertos_riscv_ram\libfreertos_riscv_ram.a(tasks.o)
                0x000000004200d198                pxCurrentTCB
 .sbss.pxDelayedTaskList
                0x000000004200d19c        0x4 D:/BL602/final_code/build_2/build_out/freertos_riscv_ram\libfreertos_riscv_ram.a(tasks.o)
 .sbss.pxOverflowDelayedTaskList
                0x000000004200d1a0        0x4 D:/BL602/final_code/build_2/build_out/freertos_riscv_ram\libfreertos_riscv_ram.a(tasks.o)
 .sbss.uxCurrentNumberOfTasks
                0x000000004200d1a4        0x4 D:/BL602/final_code/build_2/build_out/freertos_riscv_ram\libfreertos_riscv_ram.a(tasks.o)
 .sbss.uxDeletedTasksWaitingCleanUp
                0x000000004200d1a8        0x4 D:/BL602/final_code/build_2/build_out/freertos_riscv_ram\libfreertos_riscv_ram.a(tasks.o)
 .sbss.uxPendedTicks
                0x000000004200d1ac        0x4 D:/BL602/final_code/build_2/build_out/freertos_riscv_ram\libfreertos_riscv_ram.a(tasks.o)
 .sbss.uxSchedulerSuspended
                0x000000004200d1b0        0x4 D:/BL602/final_code/build_2/build_out/freertos_riscv_ram\libfreertos_riscv_ram.a(tasks.o)
 .sbss.uxTaskNumber
                0x000000004200d1b4        0x4 D:/BL602/final_code/build_2/build_out/freertos_riscv_ram\libfreertos_riscv_ram.a(tasks.o)
 .sbss.uxTopReadyPriority
                0x000000004200d1b8        0x4 D:/BL602/final_code/build_2/build_out/freertos_riscv_ram\libfreertos_riscv_ram.a(tasks.o)
 .sbss.xNextTaskUnblockTime
                0x000000004200d1bc        0x4 D:/BL602/final_code/build_2/build_out/freertos_riscv_ram\libfreertos_riscv_ram.a(tasks.o)
 .sbss.xNumOfOverflows
                0x000000004200d1c0        0x4 D:/BL602/final_code/build_2/build_out/freertos_riscv_ram\libfreertos_riscv_ram.a(tasks.o)
 .sbss.xSchedulerRunning
                0x000000004200d1c4        0x4 D:/BL602/final_code/build_2/build_out/freertos_riscv_ram\libfreertos_riscv_ram.a(tasks.o)
 .sbss.xTickCount
                0x000000004200d1c8        0x4 D:/BL602/final_code/build_2/build_out/freertos_riscv_ram\libfreertos_riscv_ram.a(tasks.o)
 .sbss.xYieldPending
                0x000000004200d1cc        0x4 D:/BL602/final_code/build_2/build_out/freertos_riscv_ram\libfreertos_riscv_ram.a(tasks.o)
 .sbss.pxCurrentTimerList
                0x000000004200d1d0        0x4 D:/BL602/final_code/build_2/build_out/freertos_riscv_ram\libfreertos_riscv_ram.a(timers.o)
 .sbss.pxOverflowTimerList
                0x000000004200d1d4        0x4 D:/BL602/final_code/build_2/build_out/freertos_riscv_ram\libfreertos_riscv_ram.a(timers.o)
 .sbss.xLastTime.2297
                0x000000004200d1d8        0x4 D:/BL602/final_code/build_2/build_out/freertos_riscv_ram\libfreertos_riscv_ram.a(timers.o)
 .sbss.xTimerQueue
                0x000000004200d1dc        0x4 D:/BL602/final_code/build_2/build_out/freertos_riscv_ram\libfreertos_riscv_ram.a(timers.o)
 .sbss.xTimerTaskHandle
                0x000000004200d1e0        0x4 D:/BL602/final_code/build_2/build_out/freertos_riscv_ram\libfreertos_riscv_ram.a(timers.o)
 .sbss.TrapNetCounter
                0x000000004200d1e4        0x4 D:/BL602/final_code/build_2/build_out/freertos_riscv_ram\libfreertos_riscv_ram.a(port.o)
                0x000000004200d1e4                TrapNetCounter
 .sbss.ullNextTime
                0x000000004200d1e8        0x8 D:/BL602/final_code/build_2/build_out/freertos_riscv_ram\libfreertos_riscv_ram.a(port.o)
                0x000000004200d1e8                ullNextTime
 .sbss.pxEnd    0x000000004200d1f0        0x4 D:/BL602/final_code/build_2/build_out/freertos_riscv_ram\libfreertos_riscv_ram.a(heap_5.o)
 .sbss.xBlockAllocatedBit
                0x000000004200d1f4        0x4 D:/BL602/final_code/build_2/build_out/freertos_riscv_ram\libfreertos_riscv_ram.a(heap_5.o)
 .sbss.xFreeBytesRemaining
                0x000000004200d1f8        0x4 D:/BL602/final_code/build_2/build_out/freertos_riscv_ram\libfreertos_riscv_ram.a(heap_5.o)
 .sbss.xMinimumEverFreeBytesRemaining
                0x000000004200d1fc        0x4 D:/BL602/final_code/build_2/build_out/freertos_riscv_ram\libfreertos_riscv_ram.a(heap_5.o)
 .sbss.xStart   0x000000004200d200        0x8 D:/BL602/final_code/build_2/build_out/freertos_riscv_ram\libfreertos_riscv_ram.a(heap_5.o)
 .sbss.uart_clk_init.7788
                0x000000004200d208        0x1 D:/BL602/final_code/build_2/build_out/hal_drv\libhal_drv.a(bl_uart.o)
 *fill*         0x000000004200d209        0x3 
 .sbss.dma_copy_list
                0x000000004200d20c        0x8 D:/BL602/final_code/build_2/build_out/hal_drv\libhal_drv.a(bl_dma.o)
 .sbss.uart_dbg_disable
                0x000000004200d214        0x1 D:/BL602/final_code/build_2/build_out/bl602_std\libbl602_std.a(platform_device.o)
 *fill*         0x000000004200d215        0x3 
 .sbss.init_tick_rtc
                0x000000004200d218        0x4 D:/BL602/final_code/build_2/build_out/bltime\libbltime.a(bl_sys_time.o)
 .sbss.init_tick_rtos
                0x000000004200d21c        0x4 D:/BL602/final_code/build_2/build_out/bltime\libbltime.a(bl_sys_time.o)
 .sbss.sync_init
                0x000000004200d220        0x4 D:/BL602/final_code/build_2/build_out/bltime\libbltime.a(bl_sys_time.o)
 *(.gnu.linkonce.sb.*)
 *(.bss .bss.*)
 .bss.adc_stack.3516
                0x000000004200d224      0x800 D:/BL602/final_code/build_2/build_out/main2_file\libmain2_file.a(main.o)
 .bss.adc_task.3517
                0x000000004200da24       0x60 D:/BL602/final_code/build_2/build_out/main2_file\libmain2_file.a(main.o)
 .bss.dht_stack.3518
                0x000000004200da84      0x400 D:/BL602/final_code/build_2/build_out/main2_file\libmain2_file.a(main.o)
 .bss.dht_task.3519
                0x000000004200de84       0x60 D:/BL602/final_code/build_2/build_out/main2_file\libmain2_file.a(main.o)
 .bss.adc_data.4430
                0x000000004200dee4     0x1000 D:/BL602/final_code/build_2/build_out/main2_file\libmain2_file.a(adc.o)
 .bss.string    0x000000004200eee4      0x200 D:/BL602/final_code/build_2/build_out/bl602\libbl602.a(debug.o)
 .bss.pxReadyTasksLists
                0x000000004200f0e4      0x280 D:/BL602/final_code/build_2/build_out/freertos_riscv_ram\libfreertos_riscv_ram.a(tasks.o)
 .bss.xDelayedTaskList1
                0x000000004200f364       0x14 D:/BL602/final_code/build_2/build_out/freertos_riscv_ram\libfreertos_riscv_ram.a(tasks.o)
 .bss.xDelayedTaskList2
                0x000000004200f378       0x14 D:/BL602/final_code/build_2/build_out/freertos_riscv_ram\libfreertos_riscv_ram.a(tasks.o)
 .bss.xPendingReadyList
                0x000000004200f38c       0x14 D:/BL602/final_code/build_2/build_out/freertos_riscv_ram\libfreertos_riscv_ram.a(tasks.o)
 .bss.xSuspendedTaskList
                0x000000004200f3a0       0x14 D:/BL602/final_code/build_2/build_out/freertos_riscv_ram\libfreertos_riscv_ram.a(tasks.o)
 .bss.xTasksWaitingTermination
                0x000000004200f3b4       0x14 D:/BL602/final_code/build_2/build_out/freertos_riscv_ram\libfreertos_riscv_ram.a(tasks.o)
 .bss.ucStaticTimerQueueStorage.2344
                0x000000004200f3c8       0x40 D:/BL602/final_code/build_2/build_out/freertos_riscv_ram\libfreertos_riscv_ram.a(timers.o)
 .bss.xActiveTimerList1
                0x000000004200f408       0x14 D:/BL602/final_code/build_2/build_out/freertos_riscv_ram\libfreertos_riscv_ram.a(timers.o)
 .bss.xActiveTimerList2
                0x000000004200f41c       0x14 D:/BL602/final_code/build_2/build_out/freertos_riscv_ram\libfreertos_riscv_ram.a(timers.o)
 .bss.xStaticTimerQueue.2343
                0x000000004200f430       0x50 D:/BL602/final_code/build_2/build_out/freertos_riscv_ram\libfreertos_riscv_ram.a(timers.o)
 .bss.g_uart_notify_arg
                0x000000004200f480       0x20 D:/BL602/final_code/build_2/build_out/hal_drv\libhal_drv.a(bl_uart.o)
 .bss.handler_list
                0x000000004200f4a0      0x280 D:/BL602/final_code/build_2/build_out/hal_drv\libhal_drv.a(bl_irq.o)
 .bss.uxIdleTaskStack.2391
                0x000000004200f720      0x180 D:/BL602/final_code/build_2/build_out/main2_file\libmain2_file.a(freertos.o)
 .bss.uxTimerTaskStack.2398
                0x000000004200f8a0      0x640 D:/BL602/final_code/build_2/build_out/main2_file\libmain2_file.a(freertos.o)
 .bss.xIdleTaskTCB.2390
                0x000000004200fee0       0x60 D:/BL602/final_code/build_2/build_out/main2_file\libmain2_file.a(freertos.o)
 .bss.xTimerTaskTCB.2397
                0x000000004200ff40       0x60 D:/BL602/final_code/build_2/build_out/main2_file\libmain2_file.a(freertos.o)
 .bss.print_buf.9485
                0x000000004200ffa0       0x80 D:/BL602/final_code/build_2/build_out/bl602_std\libbl602_std.a(platform_device.o)
 *(.gnu.linkonce.b.*)
 *(COMMON)
 COMMON         0x0000000042010020        0x4 D:/BL602/final_code/build_2/build_out/main2_file\libmain2_file.a(dht.o)
                0x0000000042010020                temp
                0x0000000042010022                humidity
 COMMON         0x0000000042010024       0x40 D:/BL602/final_code/build_2/build_out/freertos_riscv_ram\libfreertos_riscv_ram.a(queue.o)
                0x0000000042010024                xQueueRegistry
                0x0000000042010064                PROVIDE (_heap_start = .)
                0x000000000003179c                PROVIDE (_heap_size = (ADDR (.stack) - _heap_start))

.stack          0x0000000042041800      0x800
                0x0000000042042000                . = (. + __stack_size)
 *fill*         0x0000000042041800      0x800 
                0x0000000042042000                PROVIDE (_sp_main = .)
                0x0000000042042000                __freertos_irq_stack_top = .
                [!provide]                        PROVIDE (_ld_bl_static_cli_cmds_start = _bl_static_cli_cmds_start)
                [!provide]                        PROVIDE (_ld_bl_static_cli_cmds_end = _bl_static_cli_cmds_end)
                [!provide]                        PROVIDE (_ld_bl_static_cfg_entry_start = _bl_static_fw_cfg_entry_start)
                [!provide]                        PROVIDE (_ld_bl_static_cfg_entry_end = _bl_static_fw_cfg_entry_end)
                [!provide]                        PROVIDE (_ld_bl_static_blogcomponent_code_start = _bl_static_blogcomponent_code_start)
                [!provide]                        PROVIDE (_ld_bl_static_blogcomponent_code_end = _bl_static_blogcomponent_code_end)
                [!provide]                        PROVIDE (_ld_bl_static_blogfile_code_start = _bl_static_blogfile_code_start)
                [!provide]                        PROVIDE (_ld_bl_static_blogfile_code_end = _bl_static_blogfile_code_end)
                [!provide]                        PROVIDE (_ld_bl_static_blogpri_code_start = _bl_static_blogpri_code_start)
                [!provide]                        PROVIDE (_ld_bl_static_blogpri_code_end = _bl_static_blogpri_code_end)
                [!provide]                        PROVIDE (_ld_ram_size0 = LENGTH (flash))
                [!provide]                        PROVIDE (_ld_ram_addr0 = ORIGIN (flash))
                [!provide]                        PROVIDE (_ld_ram_size1 = LENGTH (ram_tcm))
                [!provide]                        PROVIDE (_ld_ram_addr1 = ORIGIN (ram_tcm))
                [!provide]                        PROVIDE (_ld_ram_size2 = LENGTH (ram_wifi))
                [!provide]                        PROVIDE (_ld_ram_addr2 = ORIGIN (ram_wifi))
                0x0000000042049c00                PROVIDE (__boot2_pt_addr_src = BOOT2_PT_ADDR)
                0x0000000042049c18                PROVIDE (__boot2_flashCfg_src = BOOT2_FLASHCFG_ADDR)
                [!provide]                        PROVIDE (xTaskGetTickCount = 0x21017694)
                [!provide]                        PROVIDE (xTaskGetTickCountFromISR = 0x210176aa)
                [!provide]                        PROVIDE (pvPortMalloc = 0x21019662)
                [!provide]                        PROVIDE (vPortFree = 0x2101973a)
                [!provide]                        PROVIDE (vTaskNotifyGiveFromISR = 0x210188e8)
                [!provide]                        PROVIDE (vTaskSwitchContext = 0x21017a04)
                [!provide]                        PROVIDE (ulTaskNotifyTake = 0x21018548)
                [!provide]                        PROVIDE (vTaskExitCritical = 0x210183f4)
                [!provide]                        PROVIDE (vTaskEnterCritical = 0x210183e4)
                [!provide]                        PROVIDE (xTaskGetCurrentTaskHandle = 0x21018152)
                [!provide]                        PROVIDE (xQueueSemaphoreTake = 0x21015ce8)
                [!provide]                        PROVIDE (xQueueGenericSend = 0x21015834)
                [!provide]                        PROVIDE (xQueueGenericSendFromISR = 0x21015a4c)
                [!provide]                        PROVIDE (xTaskCreateStatic = 0x210170a2)
                [!provide]                        PROVIDE (xTaskCreate = 0x2101713a)
                [!provide]                        PROVIDE (xQueueCreateMutex = 0x21015a1c)
                [!provide]                        PROVIDE (xQueueCreateMutexStatic = 0x21015994)
                [!provide]                        PROVIDE (vQueueDelete = 0x210161d8)
                [!provide]                        PROVIDE (xQueueGenericCreateStatic = 0x210156c2)
                [!provide]                        PROVIDE (xQueueGenericCreate = 0x21015744)
                [!provide]                        PROVIDE (xQueueReceive = 0x21015b8a)
                [!provide]                        PROVIDE (uxQueueMessagesWaiting = 0x21016168)
                [!provide]                        PROVIDE (vTaskDelay = 0x210179c6)
                [!provide]                        PROVIDE (vTaskDelayUntil = 0x21017952)
                [!provide]                        PROVIDE (xPortGetFreeHeapSize = 0x210197ce)
                [!provide]                        PROVIDE (vTaskList = 0x21018408)
                [!provide]                        PROVIDE (xTimerGenericCommand = 0x21018bec)
                [!provide]                        PROVIDE (xTimerCreateTimerTask = 0x21018a9e)
                [!provide]                        PROVIDE (xTimerCreate = 0x21018af6)
                [!provide]                        PROVIDE (xTimerCreateStatic = 0x21018b66)
                [!provide]                        PROVIDE (xQueueCreateCountingSemaphoreStatic = 0x210157c2)
                [!provide]                        PROVIDE (xQueueCreateCountingSemaphore = 0x21015800)
                [!provide]                        PROVIDE (pTrapNetCounter = __global_pointer_head$)
                [!provide]                        PROVIDE (TrapNetCounter = (__global_pointer_head$ + 0x58))
                [!provide]                        PROVIDE (vEventGroupDelete = 0x210153be)
                [!provide]                        PROVIDE (xEventGroupWaitBits = 0x21015086)
                [!provide]                        PROVIDE (xEventGroupCreateStatic = 0x21015000)
                [!provide]                        PROVIDE (xEventGroupSetBits = 0x210151e0)
                [!provide]                        PROVIDE (xStreamBufferGenericCreateStatic = 0x210165c0)
                [!provide]                        PROVIDE (xStreamBufferReceive = 0x210169ae)
                [!provide]                        PROVIDE (xStreamBufferSend = 0x210167a8)
                [!provide]                        PROVIDE (pvTimerGetTimerID = 0x21018fd4)
                [!provide]                        PROVIDE (xTaskGenericNotify = 0x210186be)
                [!provide]                        PROVIDE (xTaskGenericNotifyFromISR = 0x210187de)
                [!provide]                        PROVIDE (xQueueGiveMutexRecursive = 0x210159c8)
                [!provide]                        PROVIDE (xQueueTakeMutexRecursive = 0x21015e70)
                [!provide]                        PROVIDE (xTaskGetTickCount2 = 0x2101769a)
                [!provide]                        PROVIDE (xQueueGiveFromISR = 0x21015b0e)
                [!provide]                        PROVIDE (vTaskDelete = 0x210171b6)
                [!provide]                        PROVIDE (uxTaskGetStackHighWaterMark = 0x21018110)
                [!provide]                        PROVIDE (pcTaskGetName = 0x210176b6)
                [!provide]                        PROVIDE (vTaskStartScheduler = 0x21017610)
                [!provide]                        PROVIDE (vPortDefineHeapRegions = 0x210197da)
                0x0000000000000000                PROVIDE (__LD_CONFIG_EM_SEL = __EM_SIZE)
                [!provide]                        PROVIDE (_ld_symbol_rom_framework_audio_device_start = _rom_framework_audio_device_start)
                [!provide]                        PROVIDE (_ld_symbol_rom_framework_audio_device_end = _rom_framework_audio_device_end)
OUTPUT(D:/BL602/final_code/build_2/build_out/main2_file.elf elf32-littleriscv)

.riscv.attributes
                0x0000000000000000       0x2b
 .riscv.attributes
                0x0000000000000000       0x29 D:/BL602/final_code/build_2/build_out/bl602\libbl602.a(start.o)
 .riscv.attributes
                0x0000000000000029       0x2b D:/BL602/final_code/build_2/build_out/hal_drv\libhal_drv.a(hal_boot2.o)
 .riscv.attributes
                0x0000000000000054       0x2b D:/BL602/final_code/build_2/build_out/main2_file\libmain2_file.a(main.o)
 .riscv.attributes
                0x000000000000007f       0x2b D:/BL602/final_code/build_2/build_out/main2_file\libmain2_file.a(adc.o)
 .riscv.attributes
                0x00000000000000aa       0x2b D:/BL602/final_code/build_2/build_out/main2_file\libmain2_file.a(dht.o)
 .riscv.attributes
                0x00000000000000d5       0x2b D:/BL602/final_code/build_2/build_out/bl602\libbl602.a(debug.o)
 .riscv.attributes
                0x0000000000000100       0x2b D:/BL602/final_code/build_2/build_out/freertos_riscv_ram\libfreertos_riscv_ram.a(tasks.o)
 .riscv.attributes
                0x000000000000012b       0x2b D:/BL602/final_code/build_2/build_out/freertos_riscv_ram\libfreertos_riscv_ram.a(timers.o)
 .riscv.attributes
                0x0000000000000156       0x2b D:/BL602/final_code/build_2/build_out/freertos_riscv_ram\libfreertos_riscv_ram.a(port.o)
 .riscv.attributes
                0x0000000000000181       0x29 D:/BL602/final_code/build_2/build_out/freertos_riscv_ram\libfreertos_riscv_ram.a(portASM.o)
 .riscv.attributes
                0x00000000000001aa       0x2b D:/BL602/final_code/build_2/build_out/freertos_riscv_ram\libfreertos_riscv_ram.a(heap_5.o)
 .riscv.attributes
                0x00000000000001d5       0x2b D:/BL602/final_code/build_2/build_out/freertos_riscv_ram\libfreertos_riscv_ram.a(list.o)
 .riscv.attributes
                0x0000000000000200       0x2b D:/BL602/final_code/build_2/build_out/freertos_riscv_ram\libfreertos_riscv_ram.a(queue.o)
 .riscv.attributes
                0x000000000000022b       0x2b D:/BL602/final_code/build_2/build_out/hal_drv\libhal_drv.a(bl_uart.o)
 .riscv.attributes
                0x0000000000000256       0x2b D:/BL602/final_code/build_2/build_out/hal_drv\libhal_drv.a(bl_sys.o)
 .riscv.attributes
                0x0000000000000281       0x2b D:/BL602/final_code/build_2/build_out/hal_drv\libhal_drv.a(bl_dma.o)
 .riscv.attributes
                0x00000000000002ac       0x2b D:/BL602/final_code/build_2/build_out/hal_drv\libhal_drv.a(bl_irq.o)
 .riscv.attributes
                0x00000000000002d7       0x2b D:/BL602/final_code/build_2/build_out/hal_drv\libhal_drv.a(bl_timer.o)
 .riscv.attributes
                0x0000000000000302       0x2b D:/BL602/final_code/build_2/build_out/hal_drv\libhal_drv.a(bl_gpio.o)
 .riscv.attributes
                0x000000000000032d       0x2b D:/BL602/final_code/build_2/build_out/hal_drv\libhal_drv.a(bl_adc.o)
 .riscv.attributes
                0x0000000000000358       0x2b D:/BL602/final_code/build_2/build_out/main2_file\libmain2_file.a(freertos.o)
 .riscv.attributes
                0x0000000000000383       0x2b D:/BL602/final_code/build_2/build_out/utils\libutils.a(utils_list.o)
 .riscv.attributes
                0x00000000000003ae       0x2b D:/BL602/final_code/build_2/build_out/bl602_std\libbl602_std.a(bl602_uart.o)
 .riscv.attributes
                0x00000000000003d9       0x2b D:/BL602/final_code/build_2/build_out/bl602_std\libbl602_std.a(bl602_adc.o)
 .riscv.attributes
                0x0000000000000404       0x2b D:/BL602/final_code/build_2/build_out/bl602_std\libbl602_std.a(bl602_dma.o)
 .riscv.attributes
                0x000000000000042f       0x2b D:/BL602/final_code/build_2/build_out/bl602_std\libbl602_std.a(bl602_common.o)
 .riscv.attributes
                0x000000000000045a       0x2b D:/BL602/final_code/build_2/build_out/bl602_std\libbl602_std.a(bl602_glb.o)
 .riscv.attributes
                0x0000000000000485       0x2b D:/BL602/final_code/build_2/build_out/bl602_std\libbl602_std.a(bl602_hbn.o)
 .riscv.attributes
                0x00000000000004b0       0x2b D:/BL602/final_code/build_2/build_out/bl602_std\libbl602_std.a(bl602_ef_ctrl.o)
 .riscv.attributes
                0x00000000000004db       0x2b D:/BL602/final_code/build_2/build_out/bl602_std\libbl602_std.a(platform_device.o)
 .riscv.attributes
                0x0000000000000506       0x2b D:/BL602/final_code/build_2/build_out/bl602_std\libbl602_std.a(interrupt.o)
 .riscv.attributes
                0x0000000000000531       0x2b D:/BL602/final_code/build_2/build_out/bl602_std\libbl602_std.a(bl602_romapi.o)
 .riscv.attributes
                0x000000000000055c       0x2b D:/BL602/final_code/build_2/build_out/bltime\libbltime.a(bl_sys_time.o)
 .riscv.attributes
                0x0000000000000587       0x2b D:/BL602/final_code/build_2/build_out/freertos_riscv_ram\libfreertos_riscv_ram.a(misaligned_ldst.o)
 .riscv.attributes
                0x00000000000005b2       0x29 D:/BL602/final_code/build_2/build_out/freertos_riscv_ram\libfreertos_riscv_ram.a(fp_asm.o)
 .riscv.attributes
                0x00000000000005db       0x2b D:/BL602/final_code/build_2/build_out/freertos_riscv_ram\libfreertos_riscv_ram.a(panic_c.o)
 .riscv.attributes
                0x0000000000000606       0x2b D:/BL602/final_code/build_2/build_out/hal_drv\libhal_drv.a(bl_rtc.o)
 .riscv.attributes
                0x0000000000000631       0x26 d:/bl602/newbl602_sdk/bl_iot_sdk/toolchain/riscv/msys/bin/../lib/gcc/riscv64-unknown-elf/8.3.0/../../../../riscv64-unknown-elf/lib/rv32imf/ilp32f\libm.a(lib_a-s_modf.o)
 .riscv.attributes
                0x0000000000000657       0x26 d:/bl602/newbl602_sdk/bl_iot_sdk/toolchain/riscv/msys/bin/../lib/gcc/riscv64-unknown-elf/8.3.0/rv32imf/ilp32f\libgcc.a(_clzsi2.o)
 .riscv.attributes
                0x000000000000067d       0x26 d:/bl602/newbl602_sdk/bl_iot_sdk/toolchain/riscv/msys/bin/../lib/gcc/riscv64-unknown-elf/8.3.0/rv32imf/ilp32f\libgcc.a(_udivdi3.o)
 .riscv.attributes
                0x00000000000006a3       0x26 d:/bl602/newbl602_sdk/bl_iot_sdk/toolchain/riscv/msys/bin/../lib/gcc/riscv64-unknown-elf/8.3.0/rv32imf/ilp32f\libgcc.a(_umoddi3.o)
 .riscv.attributes