Archive member included to satisfy reference by file (symbol)

D:/BL602/final_code/build_3/build_out/bl602\libbl602.a(start.o)
                              (bl602_start)
D:/BL602/final_code/build_3/build_out/hal_drv\libhal_drv.a(hal_boot2.o)
                              D:/BL602/final_code/build_3/build_out/bl602\libbl602.a(start.o) (hal_boot2_get_flash_addr)
D:/BL602/final_code/build_3/build_out/hal_drv\libhal_drv.a(bl_boot2.o)
                              D:/BL602/final_code/build_3/build_out/hal_drv\libhal_drv.a(hal_boot2.o) (PtTable_Update_Entry)
D:/BL602/final_code/build_3/build_out/hal_drv\libhal_drv.a(bl_flash.o)
                              D:/BL602/final_code/build_3/build_out/hal_drv\libhal_drv.a(bl_boot2.o) (bl_flash_erase)
D:/BL602/final_code/build_3/build_out/main3_file\libmain3_file.a(main.o)
                              D:/BL602/final_code/build_3/build_out/bl602\libbl602.a(start.o) (bfl_main)
D:/BL602/final_code/build_3/build_out/main3_file\libmain3_file.a(adc.o)
                              D:/BL602/final_code/build_3/build_out/main3_file\libmain3_file.a(main.o) (task_adc)
D:/BL602/final_code/build_3/build_out/bl602\libbl602.a(debug.o)
                              D:/BL602/final_code/build_3/build_out/main3_file\libmain3_file.a(adc.o) (printf)
D:/BL602/final_code/build_3/build_out/bl602_std\libbl602_std.a(softcrc.o)
                              D:/BL602/final_code/build_3/build_out/hal_drv\libhal_drv.a(bl_boot2.o) (BFLB_Soft_CRC32)
D:/BL602/final_code/build_3/build_out/freertos_riscv_ram\libfreertos_riscv_ram.a(tasks.o)
                              D:/BL602/final_code/build_3/build_out/main3_file\libmain3_file.a(main.o) (xTaskCreateStatic)
D:/BL602/final_code/build_3/build_out/freertos_riscv_ram\libfreertos_riscv_ram.a(timers.o)
                              D:/BL602/final_code/build_3/build_out/freertos_riscv_ram\libfreertos_riscv_ram.a(tasks.o) (xTimerCreateTimerTask)
D:/BL602/final_code/build_3/build_out/freertos_riscv_ram\libfreertos_riscv_ram.a(port.o)
                              D:/BL602/final_code/build_3/build_out/freertos_riscv_ram\libfreertos_riscv_ram.a(tasks.o) (xPortStartScheduler)
D:/BL602/final_code/build_3/build_out/freertos_riscv_ram\libfreertos_riscv_ram.a(portASM.o)
                              D:/BL602/final_code/build_3/build_out/freertos_riscv_ram\libfreertos_riscv_ram.a(port.o) (xPortStartFirstTask)
D:/BL602/final_code/build_3/build_out/freertos_riscv_ram\libfreertos_riscv_ram.a(heap_5.o)
                              D:/BL602/final_code/build_3/build_out/freertos_riscv_ram\libfreertos_riscv_ram.a(tasks.o) (pvPortMalloc)
D:/BL602/final_code/build_3/build_out/freertos_riscv_ram\libfreertos_riscv_ram.a(list.o)
                              D:/BL602/final_code/build_3/build_out/freertos_riscv_ram\libfreertos_riscv_ram.a(tasks.o) (vListInitialise)
D:/BL602/final_code/build_3/build_out/freertos_riscv_ram\libfreertos_riscv_ram.a(queue.o)
                              D:/BL602/final_code/build_3/build_out/freertos_riscv_ram\libfreertos_riscv_ram.a(timers.o) (xQueueGenericCreateStatic)
D:/BL602/final_code/build_3/build_out/hal_drv\libhal_drv.a(bl_uart.o)
                              D:/BL602/final_code/build_3/build_out/main3_file\libmain3_file.a(main.o) (bl_uart_init)
D:/BL602/final_code/build_3/build_out/hal_drv\libhal_drv.a(bl_sys.o)
                              D:/BL602/final_code/build_3/build_out/bl602\libbl602.a(debug.o) (sys_log_all_enable)
D:/BL602/final_code/build_3/build_out/hal_drv\libhal_drv.a(bl_dma.o)
                              D:/BL602/final_code/build_3/build_out/main3_file\libmain3_file.a(adc.o) (bl_dma_find_ctx_by_channel)
D:/BL602/final_code/build_3/build_out/hal_drv\libhal_drv.a(bl_irq.o)
                              D:/BL602/final_code/build_3/build_out/hal_drv\libhal_drv.a(bl_uart.o) (bl_irq_enable)
D:/BL602/final_code/build_3/build_out/hal_drv\libhal_drv.a(bl_gpio.o)
                              D:/BL602/final_code/build_3/build_out/main3_file\libmain3_file.a(adc.o) (bl_gpio_enable_output)
D:/BL602/final_code/build_3/build_out/hal_drv\libhal_drv.a(bl_adc.o)
                              D:/BL602/final_code/build_3/build_out/main3_file\libmain3_file.a(adc.o) (bl_adc_freq_init)
D:/BL602/final_code/build_3/build_out/main3_file\libmain3_file.a(freertos.o)
                              D:/BL602/final_code/build_3/build_out/freertos_riscv_ram\libfreertos_riscv_ram.a(tasks.o) (vAssertCalled)
D:/BL602/final_code/build_3/build_out/utils\libutils.a(utils_log.o)
                              D:/BL602/final_code/build_3/build_out/hal_drv\libhal_drv.a(bl_adc.o) (bl_printk)
D:/BL602/final_code/build_3/build_out/utils\libutils.a(utils_list.o)
                              D:/BL602/final_code/build_3/build_out/hal_drv\libhal_drv.a(bl_dma.o) (utils_list_init)
D:/BL602/final_code/build_3/build_out/yloop\libyloop.a(aos_freertos.o)
                              D:/BL602/final_code/build_3/build_out/hal_drv\libhal_drv.a(bl_adc.o) (aos_msleep)
[...]
Memory Configuration

Name             Origin             Length             Attributes
rom              0x0000000021015000 0x000000000000b000 axrl !w
flash            0x0000000023000000 0x0000000000400000 axrl !w
ram_tcm          0x000000004200c000 0x0000000000036000 axw
ram_wifi         0x0000000042042000 0x000000000000a000 axw
*default*        0x0000000000000000 0xffffffffffffffff

Linker script and memory map

START GROUP
LOAD D:/BL602/final_code/build_3/build_out/bl602\libbl602.a
LOAD D:/BL602/final_code/build_3/build_out/bl602_std\libbl602_std.a
LOAD D:/BL602/final_code/build_3/build_out/blfdt\libblfdt.a
LOAD D:/BL602/final_code/build_3/build_out/blmtd\libblmtd.a
LOAD D:/BL602/final_code/build_3/build_out/blog\libblog.a
LOAD D:/BL602/final_code/build_3/build_out/blog_testc\libblog_testc.a
LOAD D:/BL602/final_code/build_3/build_out/bloop\libbloop.a
LOAD D:/BL602/final_code/build_3/build_out/bltime\libbltime.a
LOAD D:/BL602/final_code/build_3/build_out/cli\libcli.a
LOAD D:/BL602/final_code/build_3/build_out/freertos_riscv_ram\libfreertos_riscv_ram.a
LOAD D:/BL602/final_code/build_3/build_out/hal_drv\libhal_drv.a
LOAD D:/BL602/final_code/build_3/build_out/looprt\liblooprt.a
LOAD D:/BL602/final_code/build_3/build_out/loopset\libloopset.a
LOAD D:/BL602/final_code/build_3/build_out/main3_file\libmain3_file.a
LOAD D:/BL602/final_code/build_3/build_out/romfs\libromfs.a
LOAD D:/BL602/final_code/build_3/build_out/utils\libutils.a
LOAD D:/BL602/final_code/build_3/build_out/vfs\libvfs.a
LOAD D:/BL602/final_code/build_3/build_out/yloop\libyloop.a
END GROUP
LOAD d:/bl602/newbl602_sdk/bl_iot_sdk/toolchain/riscv/msys/bin/../lib/gcc/riscv64-unknown-elf/8.3.0/../../../../riscv64-unknown-elf/lib/rv32imf/ilp32f\libm.a
LOAD d:/bl602/newbl602_sdk/bl_iot_sdk/toolchain/riscv/msys/bin/../lib/gcc/riscv64-unknown-elf/8.3.0/rv32imf/ilp32f\libgcc.a
START GROUP
LOAD d:/bl602/newbl602_sdk/bl_iot_sdk/toolchain/riscv/msys/bin/../lib/gcc/riscv64-unknown-elf/8.3.0/../../../../riscv64-unknown-elf/lib/rv32imf/ilp32f\libc.a
LOAD d:/bl602/newbl602_sdk/bl_iot_sdk/toolchain/riscv/msys/bin/../lib/gcc/riscv64-unknown-elf/8.3.0/../../../../riscv64-unknown-elf/lib/rv32imf/ilp32f\libgloss.a
END GROUP
LOAD d:/bl602/newbl602_sdk/bl_iot_sdk/toolchain/riscv/msys/bin/../lib/gcc/riscv64-unknown-elf/8.3.0/rv32imf/ilp32f\libgcc.a
                0x0000000000000000                __EM_SIZE = DEFINED (ble_controller_init)?0x2000:0x0
                0x0000000000000800                __stack_size = DEFINED (__stack_size)?__stack_size:0x800
                0x0000000042049c00                BOOT2_PT_ADDR = 0x42049c00
                0x0000000042049c18                BOOT2_FLASHCFG_ADDR = 0x42049c18

.init           0x0000000023000000      0x282
 *(SORT_NONE(.init))
 .init          0x0000000023000000      0x134 D:/BL602/final_code/build_3/build_out/bl602\libbl602.a(start.o)
                0x0000000023000000                bl602_start
 *fill*         0x0000000023000134        0xc 
 .init          0x0000000023000140      0x142 D:/BL602/final_code/build_3/build_out/bl602_std\libbl602_std.a(interrupt.o)
                0x0000000023000140                __Vectors

.text           0x0000000023000300     0x8840
 *(.text.unlikely .text.unlikely.*)
 *(.text.startup .text.startup.*)
 *(.text .text.*)
 .text.hal_boot2_get_flash_addr
                0x0000000023000300       0x1c D:/BL602/final_code/build_3/build_out/hal_drv\libhal_drv.a(hal_boot2.o)
                0x0000000023000300                hal_boot2_get_flash_addr
 .text.bfl_main
                0x000000002300031c       0x5e D:/BL602/final_code/build_3/build_out/main3_file\libmain3_file.a(main.o)
                0x000000002300031c                bfl_main
 .text.init_adc
                0x000000002300037a       0x9c D:/BL602/final_code/build_3/build_out/main3_file\libmain3_file.a(adc.o)
                0x000000002300037a                init_adc
 .text.read_adc
                0x0000000023000416       0x50 D:/BL602/final_code/build_3/build_out/main3_file\libmain3_file.a(adc.o)
                0x0000000023000416                read_adc
 .text.task_adc
                0x0000000023000466       0xea D:/BL602/final_code/build_3/build_out/main3_file\libmain3_file.a(adc.o)
                0x0000000023000466                task_adc
 .text.format_int
                0x0000000023000550      0x25a D:/BL602/final_code/build_3/build_out/bl602\libbl602.a(debug.o)
 .text.cvt      0x00000000230007aa      0x23a D:/BL602/final_code/build_3/build_out/bl602\libbl602.a(debug.o)
 .text.ecvtbuf  0x00000000230009e4        0x4 D:/BL602/final_code/build_3/build_out/bl602\libbl602.a(debug.o)
                0x00000000230009e4                ecvtbuf
 .text.fcvtbuf  0x00000000230009e8        0x4 D:/BL602/final_code/build_3/build_out/bl602\libbl602.a(debug.o)
                0x00000000230009e8                fcvtbuf
 .text.flt      0x00000000230009ec      0x436 D:/BL602/final_code/build_3/build_out/bl602\libbl602.a(debug.o)
 .text.vsnprintf
                0x0000000023000e22      0x4d2 D:/BL602/final_code/build_3/build_out/bl602\libbl602.a(debug.o)
                0x0000000023000e22                vsnprintf
 .text.vsprintf
                0x00000000230012f4        0xa D:/BL602/final_code/build_3/build_out/bl602\libbl602.a(debug.o)
                0x00000000230012f4                vsprintf
 .text.vprint   0x00000000230012fe       0x44 D:/BL602/final_code/build_3/build_out/bl602\libbl602.a(debug.o)
                0x00000000230012fe                vprint
 .text.puts     0x0000000023001342       0x3c D:/BL602/final_code/build_3/build_out/bl602\libbl602.a(debug.o)
                0x0000000023001342                puts
 .text.printf   0x000000002300137e       0x2e D:/BL602/final_code/build_3/build_out/bl602\libbl602.a(debug.o)
                0x000000002300137e                printf
 .text.prvResetNextTaskUnblockTime.part.0
                0x00000000230013ac       0x18 D:/BL602/final_code/build_3/build_out/freertos_riscv_ram\libfreertos_riscv_ram.a(tasks.o)
 .text.prvInitialiseNewTask.isra.2
                0x00000000230013c4       0xce D:/BL602/final_code/build_3/build_out/freertos_riscv_ram\libfreertos_riscv_ram.a(tasks.o)
 .text.prvDeleteTCB
                0x0000000023001492       0x36 D:/BL602/final_code/build_3/build_out/freertos_riscv_ram\libfreertos_riscv_ram.a(tasks.o)
 .text.prvAddCurrentTaskToDelayedList
                0x00000000230014c8       0xc2 D:/BL602/final_code/build_3/build_out/freertos_riscv_ram\libfreertos_riscv_ram.a(tasks.o)
 .text.vTaskEnterCritical.part.7
                0x000000002300158a       0x14 D:/BL602/final_code/build_3/build_out/freertos_riscv_ram\libfreertos_riscv_ram.a(tasks.o)
 .text.vTaskExitCritical.part.8
                0x000000002300159e       0x1c D:/BL602/final_code/build_3/build_out/freertos_riscv_ram\libfreertos_riscv_ram.a(tasks.o)
 .text.prvAddNewTaskToReadyList
                0x00000000230015ba      0x15c D:/BL602/final_code/build_3/build_out/freertos_riscv_ram\libfreertos_riscv_ram.a(tasks.o)
 .text.prvIdleTask
                0x0000000023001716       0x9c D:/BL602/final_code/build_3/build_out/freertos_riscv_ram\libfreertos_riscv_ram.a(tasks.o)
 .text.xTaskCreateStatic
                0x00000000230017b2       0x9c D:/BL602/final_code/build_3/build_out/freertos_riscv_ram\libfreertos_riscv_ram.a(tasks.o)
                0x00000000230017b2                xTaskCreateStatic
 .text.vTaskStartScheduler
                0x000000002300184e       0x72 D:/BL602/final_code/build_3/build_out/freertos_riscv_ram\libfreertos_riscv_ram.a(tasks.o)
                0x000000002300184e                vTaskStartScheduler
 .text.vTaskSuspendAll
                0x00000000230018c0       0x10 D:/BL602/final_code/build_3/build_out/freertos_riscv_ram\libfreertos_riscv_ram.a(tasks.o)
                0x00000000230018c0                vTaskSuspendAll
 .text.xTaskGetTickCount
                0x00000000230018d0        0xa D:/BL602/final_code/build_3/build_out/freertos_riscv_ram\libfreertos_riscv_ram.a(tasks.o)
                0x00000000230018d0                xTaskGetTickCount
 .text.xTaskIncrementTick
                0x00000000230018da      0x19e D:/BL602/final_code/build_3/build_out/freertos_riscv_ram\libfreertos_riscv_ram.a(tasks.o)
                0x00000000230018da                xTaskIncrementTick
 .text.xTaskResumeAll
                0x0000000023001a78      0x14e D:/BL602/final_code/build_3/build_out/freertos_riscv_ram\libfreertos_riscv_ram.a(tasks.o)
                0x0000000023001a78                xTaskResumeAll
 .text.vTaskDelay
                0x0000000023001bc6       0x40 D:/BL602/final_code/build_3/build_out/freertos_riscv_ram\libfreertos_riscv_ram.a(tasks.o)
                0x0000000023001bc6                vTaskDelay
 .text.vTaskSwitchContext
                0x0000000023001c06       0xca D:/BL602/final_code/build_3/build_out/freertos_riscv_ram\libfreertos_riscv_ram.a(tasks.o)
                0x0000000023001c06                vTaskSwitchContext
 .text.vTaskPlaceOnEventList
                0x0000000023001cd0       0x30 D:/BL602/final_code/build_3/build_out/freertos_riscv_ram\libfreertos_riscv_ram.a(tasks.o)
                0x0000000023001cd0                vTaskPlaceOnEventList
 .text.vTaskPlaceOnEventListRestricted
                0x0000000023001d00       0x3a D:/BL602/final_code/build_3/build_out/freertos_riscv_ram\libfreertos_riscv_ram.a(tasks.o)
                0x0000000023001d00                vTaskPlaceOnEventListRestricted
 .text.xTaskRemoveFromEventList
                0x0000000023001d3a       0x98 D:/BL602/final_code/build_3/build_out/freertos_riscv_ram\libfreertos_riscv_ram.a(tasks.o)
                0x0000000023001d3a                xTaskRemoveFromEventList
 .text.vTaskInternalSetTimeOutState
                0x0000000023001dd2       0x16 D:/BL602/final_code/build_3/build_out/freertos_riscv_ram\libfreertos_riscv_ram.a(tasks.o)
                0x0000000023001dd2                vTaskInternalSetTimeOutState
 .text.xTaskCheckForTimeOut
                0x0000000023001de8       0xb2 D:/BL602/final_code/build_3/build_out/freertos_riscv_ram\libfreertos_riscv_ram.a(tasks.o)
                0x0000000023001de8                xTaskCheckForTimeOut
 .text.vTaskMissedYield
                0x0000000023001e9a        0xc D:/BL602/final_code/build_3/build_out/freertos_riscv_ram\libfreertos_riscv_ram.a(tasks.o)
                0x0000000023001e9a                vTaskMissedYield
 .text.xTaskGetSchedulerState
                0x0000000023001ea6       0x1c D:/BL602/final_code/build_3/build_out/freertos_riscv_ram\libfreertos_riscv_ram.a(tasks.o)
                0x0000000023001ea6                xTaskGetSchedulerState
 .text.xTaskPriorityDisinherit
                0x0000000023001ec2       0xd8 D:/BL602/final_code/build_3/build_out/freertos_riscv_ram\libfreertos_riscv_ram.a(tasks.o)
                0x0000000023001ec2                xTaskPriorityDisinherit
 .text.vTaskEnterCritical
                0x0000000023001f9a       0x14 D:/BL602/final_code/build_3/build_out/freertos_riscv_ram\libfreertos_riscv_ram.a(tasks.o)
                0x0000000023001f9a                vTaskEnterCritical
 .text.vTaskExitCritical
                0x0000000023001fae       0x1c D:/BL602/final_code/build_3/build_out/freertos_riscv_ram\libfreertos_riscv_ram.a(tasks.o)
                0x0000000023001fae                vTaskExitCritical
 .text.prvCheckForValidListAndQueue
                0x0000000023001fca       0x80 D:/BL602/final_code/build_3/build_out/freertos_riscv_ram\libfreertos_riscv_ram.a(timers.o)
 .text.prvInsertTimerInActiveList
                0x000000002300204a       0x58 D:/BL602/final_code/build_3/build_out/freertos_riscv_ram\libfreertos_riscv_ram.a(timers.o)
 .text.xTimerCreateTimerTask
                0x00000000230020a2       0x5a D:/BL602/final_code/build_3/build_out/freertos_riscv_ram\libfreertos_riscv_ram.a(timers.o)
                0x00000000230020a2                xTimerCreateTimerTask
 .text.xTimerGenericCommand
                0x00000000230020fc       0x92 D:/BL602/final_code/build_3/build_out/freertos_riscv_ram\libfreertos_riscv_ram.a(timers.o)
                0x00000000230020fc                xTimerGenericCommand
 .text.prvSwitchTimerLists
                0x000000002300218e       0x88 D:/BL602/final_code/build_3/build_out/freertos_riscv_ram\libfreertos_riscv_ram.a(timers.o)
 .text.prvTimerTask
                0x0000000023002216      0x1e4 D:/BL602/final_code/build_3/build_out/freertos_riscv_ram\libfreertos_riscv_ram.a(timers.o)
 .text.vPortSetupTimerInterrupt
                0x00000000230023fa       0x4a D:/BL602/final_code/build_3/build_out/freertos_riscv_ram\libfreertos_riscv_ram.a(port.o)
                0x00000000230023fa                vPortSetupTimerInterrupt
 .text.xPortStartScheduler
                0x0000000023002444       0x3e D:/BL602/final_code/build_3/build_out/freertos_riscv_ram\libfreertos_riscv_ram.a(port.o)
                0x0000000023002444                xPortStartScheduler
 *fill*         0x0000000023002482       0x7e 
 .text          0x0000000023002500      0x538 D:/BL602/final_code/build_3/build_out/freertos_riscv_ram\libfreertos_riscv_ram.a(portASM.o)
                0x0000000023002500                freertos_risc_v_trap_handler
                0x0000000023002800                xPortStartFirstTask
                0x0000000023002900                pxPortInitialiseStack
 .text.prvInsertBlockIntoFreeList
                0x0000000023002a38       0x52 D:/BL602/final_code/build_3/build_out/freertos_riscv_ram\libfreertos_riscv_ram.a(heap_5.o)
 .text.pvPortMalloc
                0x0000000023002a8a       0xe6 D:/BL602/final_code/build_3/build_out/freertos_riscv_ram\libfreertos_riscv_ram.a(heap_5.o)
                0x0000000023002a8a                pvPortMalloc
 .text.vPortFree
                0x0000000023002b70       0x90 D:/BL602/final_code/build_3/build_out/freertos_riscv_ram\libfreertos_riscv_ram.a(heap_5.o)
                0x0000000023002b70                vPortFree
 .text.xPortGetFreeHeapSize
                0x0000000023002c00        0xa D:/BL602/final_code/build_3/build_out/freertos_riscv_ram\libfreertos_riscv_ram.a(heap_5.o)
                0x0000000023002c00                xPortGetFreeHeapSize
 .text.vPortDefineHeapRegions
                0x0000000023002c0a      0x104 D:/BL602/final_code/build_3/build_out/freertos_riscv_ram\libfreertos_riscv_ram.a(heap_5.o)
                0x0000000023002c0a                vPortDefineHeapRegions
 .text.vListInitialise
                0x0000000023002d0e       0x14 D:/BL602/final_code/build_3/build_out/freertos_riscv_ram\libfreertos_riscv_ram.a(list.o)
                0x0000000023002d0e                vListInitialise
 .text.vListInitialiseItem
                0x0000000023002d22        0x6 D:/BL602/final_code/build_3/build_out/freertos_riscv_ram\libfreertos_riscv_ram.a(list.o)
                0x0000000023002d22                vListInitialiseItem
 .text.vListInsertEnd
                0x0000000023002d28       0x16 D:/BL602/final_code/build_3/build_out/freertos_riscv_ram\libfreertos_riscv_ram.a(list.o)
                0x0000000023002d28                vListInsertEnd
 .text.vListInsert
                0x0000000023002d3e       0x30 D:/BL602/final_code/build_3/build_out/freertos_riscv_ram\libfreertos_riscv_ram.a(list.o)
                0x0000000023002d3e                vListInsert
 .text.uxListRemove
                0x0000000023002d6e       0x32 D:/BL602/final_code/build_3/build_out/freertos_riscv_ram\libfreertos_riscv_ram.a(list.o)
                0x0000000023002d6e                uxListRemove
 .text.prvCopyDataToQueue
                0x0000000023002da0       0xa4 D:/BL602/final_code/build_3/build_out/freertos_riscv_ram\libfreertos_riscv_ram.a(queue.o)
 .text.prvCopyDataFromQueue
                0x0000000023002e44       0x1e D:/BL602/final_code/build_3/build_out/freertos_riscv_ram\libfreertos_riscv_ram.a(queue.o)
 .text.prvUnlockQueue
                0x0000000023002e62       0xb6 D:/BL602/final_code/build_3/build_out/freertos_riscv_ram\libfreertos_riscv_ram.a(queue.o)
 .text.xQueueGenericReset
                0x0000000023002f18       0x8e D:/BL602/final_code/build_3/build_out/freertos_riscv_ram\libfreertos_riscv_ram.a(queue.o)
                0x0000000023002f18                xQueueGenericReset
 .text.xQueueGenericCreateStatic
                0x0000000023002fa6       0x7e D:/BL602/final_code/build_3/build_out/freertos_riscv_ram\libfreertos_riscv_ram.a(queue.o)
                0x0000000023002fa6                xQueueGenericCreateStatic
 .text.xQueueGenericSend
                0x0000000023003024      0x150 D:/BL602/final_code/build_3/build_out/freertos_riscv_ram\libfreertos_riscv_ram.a(queue.o)
                0x0000000023003024                xQueueGenericSend
 .text.xQueueGenericSendFromISR
                0x0000000023003174       0xba D:/BL602/final_code/build_3/build_out/freertos_riscv_ram\libfreertos_riscv_ram.a(queue.o)
                0x0000000023003174                xQueueGenericSendFromISR
 .text.xQueueReceive
                0x000000002300322e      0x14c D:/BL602/final_code/build_3/build_out/freertos_riscv_ram\libfreertos_riscv_ram.a(queue.o)
                0x000000002300322e                xQueueReceive
 .text.vQueueAddToRegistry
                0x000000002300337a       0x28 D:/BL602/final_code/build_3/build_out/freertos_riscv_ram\libfreertos_riscv_ram.a(queue.o)
                0x000000002300337a                vQueueAddToRegistry
 .text.vQueueWaitForMessageRestricted
                0x00000000230033a2       0x6c D:/BL602/final_code/build_3/build_out/freertos_riscv_ram\libfreertos_riscv_ram.a(queue.o)
                0x00000000230033a2                vQueueWaitForMessageRestricted
 .text.uart_generic_notify_handler
                0x000000002300340e       0xf2 D:/BL602/final_code/build_3/build_out/hal_drv\libhal_drv.a(bl_uart.o)
 .text.UART0_IRQHandler
                0x0000000023003500        0x4 D:/BL602/final_code/build_3/build_out/hal_drv\libhal_drv.a(bl_uart.o)
                0x0000000023003500                UART0_IRQHandler
 .text.UART1_IRQHandler
                0x0000000023003504        0x4 D:/BL602/final_code/build_3/build_out/hal_drv\libhal_drv.a(bl_uart.o)
                0x0000000023003504                UART1_IRQHandler
 .text.bl_uart_init
                0x0000000023003508       0xf0 D:/BL602/final_code/build_3/build_out/hal_drv\libhal_drv.a(bl_uart.o)
                0x0000000023003508                bl_uart_init
 .text.bl_uart_data_send
                0x00000000230035f8       0x36 D:/BL602/final_code/build_3/build_out/hal_drv\libhal_drv.a(bl_uart.o)
                0x00000000230035f8                bl_uart_data_send
 .text.bl_dma_int_process
                0x000000002300362e       0xa8 D:/BL602/final_code/build_3/build_out/hal_drv\libhal_drv.a(bl_dma.o)
 .text.bl_dma_irq_register.part.2
                0x00000000230036d6       0x5c D:/BL602/final_code/build_3/build_out/hal_drv\libhal_drv.a(bl_dma.o)
 .text.bl_dma_int_clear
                0x0000000023003732       0x32 D:/BL602/final_code/build_3/build_out/hal_drv\libhal_drv.a(bl_dma.o)
                0x0000000023003732                bl_dma_int_clear
 .text.bl_dma_IRQHandler
                0x0000000023003764       0x42 D:/BL602/final_code/build_3/build_out/hal_drv\libhal_drv.a(bl_dma.o)
                0x0000000023003764                bl_dma_IRQHandler
 .text.bl_dma_irq_register
                0x00000000230037a6       0x1a D:/BL602/final_code/build_3/build_out/hal_drv\libhal_drv.a(bl_dma.o)
                0x00000000230037a6                bl_dma_irq_register
 .text.bl_dma_find_node_by_channel
                0x00000000230037c0       0x2c D:/BL602/final_code/build_3/build_out/hal_drv\libhal_drv.a(bl_dma.o)
                0x00000000230037c0                bl_dma_find_node_by_channel
 .text.bl_dma_find_ctx_by_channel
                0x00000000230037ec        0xe D:/BL602/final_code/build_3/build_out/hal_drv\libhal_drv.a(bl_dma.o)
                0x00000000230037ec                bl_dma_find_ctx_by_channel
 .text.bl_dma_init
                0x00000000230037fa       0x84 D:/BL602/final_code/build_3/build_out/hal_drv\libhal_drv.a(bl_dma.o)
                0x00000000230037fa                bl_dma_init
 .text.bl_irq_enable
                0x000000002300387e       0x12 D:/BL602/final_code/build_3/build_out/hal_drv\libhal_drv.a(bl_irq.o)
                0x000000002300387e                bl_irq_enable
 .text.bl_irq_register_with_ctx
                0x0000000023003890       0x30 D:/BL602/final_code/build_3/build_out/hal_drv\libhal_drv.a(bl_irq.o)
                0x0000000023003890                bl_irq_register_with_ctx
 .text.bl_irq_ctx_get
                0x00000000230038c0       0x20 D:/BL602/final_code/build_3/build_out/hal_drv\libhal_drv.a(bl_irq.o)
                0x00000000230038c0                bl_irq_ctx_get
 .text.interrupt_entry
                0x00000000230038e0       0x4e D:/BL602/final_code/build_3/build_out/hal_drv\libhal_drv.a(bl_irq.o)
                0x00000000230038e0                interrupt_entry
 .text.exception_entry
                0x000000002300392e      0x140 D:/BL602/final_code/build_3/build_out/hal_drv\libhal_drv.a(bl_irq.o)
                0x000000002300392e                exception_entry
 .text.bl_gpio_enable_output
                0x0000000023003a6e       0x44 D:/BL602/final_code/build_3/build_out/hal_drv\libhal_drv.a(bl_gpio.o)
                0x0000000023003a6e                bl_gpio_enable_output
 .text.bl_gpio_output_set
                0x0000000023003ab2       0x14 D:/BL602/final_code/build_3/build_out/hal_drv\libhal_drv.a(bl_gpio.o)
                0x0000000023003ab2                bl_gpio_output_set
 .text.adc_data_update
                0x0000000023003ac6       0x3e D:/BL602/final_code/build_3/build_out/hal_drv\libhal_drv.a(bl_adc.o)
 .text.bl_adc_freq_init
                0x0000000023003b04       0x5a D:/BL602/final_code/build_3/build_out/hal_drv\libhal_drv.a(bl_adc.o)
                0x0000000023003b04                bl_adc_freq_init
 .text.bl_adc_dma_init
                0x0000000023003b5e       0xfa D:/BL602/final_code/build_3/build_out/hal_drv\libhal_drv.a(bl_adc.o)
                0x0000000023003b5e                bl_adc_dma_init
 .text.bl_adc_start
                0x0000000023003c58       0x36 D:/BL602/final_code/build_3/build_out/hal_drv\libhal_drv.a(bl_adc.o)
                0x0000000023003c58                bl_adc_start
 .text.bl_adc_gpio_init
                0x0000000023003c8e       0x1c D:/BL602/final_code/build_3/build_out/hal_drv\libhal_drv.a(bl_adc.o)
                0x0000000023003c8e                bl_adc_gpio_init
 .text.bl_adc_get_channel_by_gpio
                0x0000000023003caa       0x56 D:/BL602/final_code/build_3/build_out/hal_drv\libhal_drv.a(bl_adc.o)
                0x0000000023003caa                bl_adc_get_channel_by_gpio
 .text.bl_adc_init
                0x0000000023003d00       0x7e D:/BL602/final_code/build_3/build_out/hal_drv\libhal_drv.a(bl_adc.o)
                0x0000000023003d00                bl_adc_init
 .text.vAssertCalled
                0x0000000023003d7e       0x18 D:/BL602/final_code/build_3/build_out/main3_file\libmain3_file.a(freertos.o)
                0x0000000023003d7e                vAssertCalled
 .text.vApplicationGetIdleTaskMemory
                0x0000000023003d96       0x1c D:/BL602/final_code/build_3/build_out/main3_file\libmain3_file.a(freertos.o)
                0x0000000023003d96                vApplicationGetIdleTaskMemory
 .text.vApplicationGetTimerTaskMemory
                0x0000000023003db2       0x1c D:/BL602/final_code/build_3/build_out/main3_file\libmain3_file.a(freertos.o)
                0x0000000023003db2                vApplicationGetTimerTaskMemory
 .text.vApplicationIdleHook
                0x0000000023003dce        0xa D:/BL602/final_code/build_3/build_out/main3_file\libmain3_file.a(freertos.o)
                0x0000000023003dce                vApplicationIdleHook
 .text.vApplicationMallocFailedHook
                0x0000000023003dd8       0x18 D:/BL602/final_code/build_3/build_out/main3_file\libmain3_file.a(freertos.o)
                0x0000000023003dd8                vApplicationMallocFailedHook
 .text.vApplicationStackOverflowHook
                0x0000000023003df0       0x22 D:/BL602/final_code/build_3/build_out/main3_file\libmain3_file.a(freertos.o)
                0x0000000023003df0                vApplicationStackOverflowHook
 .text.utils_list_init
                0x0000000023003e12        0xa D:/BL602/final_code/build_3/build_out/utils\libutils.a(utils_list.o)
                0x0000000023003e12                utils_list_init
 .text.utils_list_pop_front
                0x0000000023003e1c        0xc D:/BL602/final_code/build_3/build_out/utils\libutils.a(utils_list.o)
                0x0000000023003e1c                utils_list_pop_front
 .text.UART_Init
                0x0000000023003e28       0xf4 D:/BL602/final_code/build_3/build_out/bl602_std\libbl602_std.a(bl602_uart.o)
                0x0000000023003e28                UART_Init
 .text.UART_FifoConfig
                0x0000000023003f1c       0x6a D:/BL602/final_code/build_3/build_out/bl602_std\libbl602_std.a(bl602_uart.o)
                0x0000000023003f1c                UART_FifoConfig
 .text.UART_Enable
                0x0000000023003f86       0x34 D:/BL602/final_code/build_3/build_out/bl602_std\libbl602_std.a(bl602_uart.o)
                0x0000000023003f86                UART_Enable
 .text.UART_Disable
                0x0000000023003fba       0x30 D:/BL602/final_code/build_3/build_out/bl602_std\libbl602_std.a(bl602_uart.o)
                0x0000000023003fba                UART_Disable
 .text.UART_TxFreeRun
                0x0000000023003fea       0x24 D:/BL602/final_code/build_3/build_out/bl602_std\libbl602_std.a(bl602_uart.o)
                0x0000000023003fea                UART_TxFreeRun
 .text.UART_IntMask
                0x000000002300400e       0x3e D:/BL602/final_code/build_3/build_out/bl602_std\libbl602_std.a(bl602_uart.o)
                0x000000002300400e                UART_IntMask
 .text.UART_GetTxFifoCount
                0x000000002300404c       0x18 D:/BL602/final_code/build_3/build_out/bl602_std\libbl602_std.a(bl602_uart.o)
                0x000000002300404c                UART_GetTxFifoCount
 .text.UART_SendData
                0x0000000023004064       0x70 D:/BL602/final_code/build_3/build_out/bl602_std\libbl602_std.a(bl602_uart.o)
                0x0000000023004064                UART_SendData
 .text.ADC_Reset
                0x00000000230040d4       0x28 D:/BL602/final_code/build_3/build_out/bl602_std\libbl602_std.a(bl602_adc.o)
                0x00000000230040d4                ADC_Reset
 .text.ADC_Enable
                0x00000000230040fc       0x12 D:/BL602/final_code/build_3/build_out/bl602_std\libbl602_std.a(bl602_adc.o)
                0x00000000230040fc                ADC_Enable
 .text.ADC_Disable
                0x000000002300410e       0x10 D:/BL602/final_code/build_3/build_out/bl602_std\libbl602_std.a(bl602_adc.o)
                0x000000002300410e                ADC_Disable
 .text.ADC_Scan_Channel_Config
                0x000000002300411e      0x12a D:/BL602/final_code/build_3/build_out/bl602_std\libbl602_std.a(bl602_adc.o)
                0x000000002300411e                ADC_Scan_Channel_Config
 .text.ADC_Start
                0x0000000023004248       0x34 D:/BL602/final_code/build_3/build_out/bl602_std\libbl602_std.a(bl602_adc.o)
                0x0000000023004248                ADC_Start
 .text.ADC_FIFO_Cfg
                0x000000002300427c       0x2a D:/BL602/final_code/build_3/build_out/bl602_std\libbl602_std.a(bl602_adc.o)
                0x000000002300427c                ADC_FIFO_Cfg
 .text.ADC_Get_FIFO_Count
                0x00000000230042a6        0xe D:/BL602/final_code/build_3/build_out/bl602_std\libbl602_std.a(bl602_adc.o)
                0x00000000230042a6                ADC_Get_FIFO_Count
 .text.ADC_Parse_Result
                0x00000000230042b4      0x2c8 D:/BL602/final_code/build_3/build_out/bl602_std\libbl602_std.a(bl602_adc.o)
                0x00000000230042b4                ADC_Parse_Result
 .text.ADC_SET_TSVBE_LOW
                0x000000002300457c       0x12 D:/BL602/final_code/build_3/build_out/bl602_std\libbl602_std.a(bl602_adc.o)
                0x000000002300457c                ADC_SET_TSVBE_LOW
 .text.ADC_SET_TSVBE_HIGH
                0x000000002300458e       0x14 D:/BL602/final_code/build_3/build_out/bl602_std\libbl602_std.a(bl602_adc.o)
                0x000000002300458e                ADC_SET_TSVBE_HIGH
 .text.TSEN_Get_V_Error
                0x00000000230045a2       0x9c D:/BL602/final_code/build_3/build_out/bl602_std\libbl602_std.a(bl602_adc.o)
                0x00000000230045a2                TSEN_Get_V_Error
 .text.ADC_Init
                0x000000002300463e       0xfa D:/BL602/final_code/build_3/build_out/bl602_std\libbl602_std.a(bl602_adc.o)
                0x000000002300463e                ADC_Init
 .text.DMA_Enable
                0x0000000023004738        0xe D:/BL602/final_code/build_3/build_out/bl602_std\libbl602_std.a(bl602_dma.o)
                0x0000000023004738                DMA_Enable
 .text.DMA_Channel_Enable
                0x0000000023004746       0x16 D:/BL602/final_code/build_3/build_out/bl602_std\libbl602_std.a(bl602_dma.o)
                0x0000000023004746                DMA_Channel_Enable
 .text.DMA_Channel_Disable
                0x000000002300475c       0x14 D:/BL602/final_code/build_3/build_out/bl602_std\libbl602_std.a(bl602_dma.o)
                0x000000002300475c                DMA_Channel_Disable
 .text.DMA_LLI_Init
                0x0000000023004770       0x36 D:/BL602/final_code/build_3/build_out/bl602_std\libbl602_std.a(bl602_dma.o)
                0x0000000023004770                DMA_LLI_Init
 .text.DMA_LLI_Update
                0x00000000230047a6       0x16 D:/BL602/final_code/build_3/build_out/bl602_std\libbl602_std.a(bl602_dma.o)
                0x00000000230047a6                DMA_LLI_Update
 .text.DMA_IntMask
                0x00000000230047bc       0x7c D:/BL602/final_code/build_3/build_out/bl602_std\libbl602_std.a(bl602_dma.o)
                0x00000000230047bc                DMA_IntMask
 .text.Default_Handler
                0x0000000023004838        0xa D:/BL602/final_code/build_3/build_out/bl602_std\libbl602_std.a(bl602_common.o)
                0x0000000023004838                Default_Handler
 .text.GLB_Set_UART_CLK
                0x0000000023004842       0x3e D:/BL602/final_code/build_3/build_out/bl602_std\libbl602_std.a(bl602_glb.o)
                0x0000000023004842                GLB_Set_UART_CLK
 .text.GLB_Set_ADC_CLK
                0x0000000023004880       0x40 D:/BL602/final_code/build_3/build_out/bl602_std\libbl602_std.a(bl602_glb.o)
                0x0000000023004880                GLB_Set_ADC_CLK
 .text.GLB_UART_Fun_Sel
                0x00000000230048c0       0x24 D:/BL602/final_code/build_3/build_out/bl602_std\libbl602_std.a(bl602_glb.o)
                0x00000000230048c0                GLB_UART_Fun_Sel
 .text.GLB_GPIO_Func_Init
                0x00000000230048e4       0x50 D:/BL602/final_code/build_3/build_out/bl602_std\libbl602_std.a(bl602_glb.o)
                0x00000000230048e4                GLB_GPIO_Func_Init
 .text.GLB_GPIO_Write
                0x0000000023004934       0x2a D:/BL602/final_code/build_3/build_out/bl602_std\libbl602_std.a(bl602_glb.o)
                0x0000000023004934                GLB_GPIO_Write
 .text.HBN_Set_UART_CLK_Sel
                0x000000002300495e       0x12 D:/BL602/final_code/build_3/build_out/bl602_std\libbl602_std.a(bl602_hbn.o)
                0x000000002300495e                HBN_Set_UART_CLK_Sel
 .text.HBN_Get_RTC_Timer_Val
                0x0000000023004970       0x28 D:/BL602/final_code/build_3/build_out/bl602_std\libbl602_std.a(bl602_hbn.o)
                0x0000000023004970                HBN_Get_RTC_Timer_Val
 .text.bflb_platform_usart_dbg_send
                0x0000000023004998        0xa D:/BL602/final_code/build_3/build_out/bl602_std\libbl602_std.a(platform_device.o)
                0x0000000023004998                bflb_platform_usart_dbg_send
 .text.bflb_platform_printf
                0x00000000230049a2       0x4c D:/BL602/final_code/build_3/build_out/bl602_std\libbl602_std.a(platform_device.o)
                0x00000000230049a2                bflb_platform_printf
 .text.Default_Handler_Stub
                0x00000000230049ee       0x9c D:/BL602/final_code/build_3/build_out/bl602_std\libbl602_std.a(interrupt.o)
                0x00000000230049ee                HBN_OUT0_IRQHandler
                0x00000000230049ee                L1C_BMX_TO_IRQHandler
                0x00000000230049ee                IRTX_IRQHandler
                0x00000000230049ee                TIMER_CH0_IRQHandler
                0x00000000230049ee                SDIO_IRQHandler
                0x00000000230049ee                WIFI_IPC_PUBLIC_IRQHandler
                0x00000000230049ee                DMA_BMX_ERR_IRQHandler
                0x00000000230049ee                MAC_RX_TRG_IRQHandler
                0x00000000230049ee                EFUSE_IRQHandler
                0x00000000230049ee                TIMER_WDT_IRQHandler
                0x00000000230049ee                MAC_TXRX_TIMER_IRQHandler
                0x00000000230049ee                MAC_GEN_IRQHandler
                0x00000000230049ee                clic_csoft_handler
                0x00000000230049ee                BOR_IRQHandler
                0x00000000230049ee                MAC_PORT_TRG_IRQHandler
                0x00000000230049ee                SPI_IRQHandler
                0x00000000230049ee                HBN_OUT1_IRQHandler
                0x00000000230049ee                SEC_BMX_ERR_IRQHandler
                0x00000000230049ee                SF_CTRL_IRQHandler
                0x00000000230049ee                RF_TOP_INT0_IRQHandler
                0x00000000230049ee                MAC_TXRX_MISC_IRQHandler
                0x00000000230049ee                BZ_PHY_IRQHandler
                0x00000000230049ee                DMA_ALL_IRQHandler
                0x00000000230049ee                SEC_GMAC_IRQHandler
                0x00000000230049ee                BMX_ERR_IRQHandler
                0x00000000230049ee                SEC_PKA_IRQHandler
                0x00000000230049ee                TIMER_CH1_IRQHandler
                0x00000000230049ee                clic_msip_handler
                0x00000000230049ee                I2C_IRQHandler
                0x00000000230049ee                SEC_TRNG_IRQHandler
                0x00000000230049ee                GPIO_INT0_IRQHandler
                0x00000000230049ee                IRRX_IRQHandler
                0x00000000230049ee                L1C_BMX_ERR_IRQHandler
                0x00000000230049ee                BMX_TO_IRQHandler
                0x00000000230049ee                SEC_CDET_IRQHandler
                0x00000000230049ee                WIFI_IRQHandler
                0x00000000230049ee                clic_mtimer_handler
                0x00000000230049ee                PDS_WAKEUP_IRQHandler
                0x00000000230049ee                GPADC_DMA_IRQHandler
                0x00000000230049ee                BLE_IRQHandler
                0x00000000230049ee                PWM_IRQHandler
                0x00000000230049ee                MAC_TX_TRG_IRQHandler
                0x00000000230049ee                clic_mext_handler
                0x00000000230049ee                RF_TOP_INT1_IRQHandler
                0x00000000230049ee                SEC_AES_IRQHandler
                0x00000000230049ee                SEC_SHA_IRQHandler
                0x00000000230049ee                Default_Handler_Stub
 .text.bl_sys_time_sync_state
                0x0000000023004a8a       0x62 D:/BL602/final_code/build_3/build_out/bltime\libbltime.a(bl_sys_time.o)
                0x0000000023004a8a                bl_sys_time_sync_state
 .text.misaligned_load_trap
                0x0000000023004aec      0x152 D:/BL602/final_code/build_3/build_out/freertos_riscv_ram\libfreertos_riscv_ram.a(misaligned_ldst.o)
                0x0000000023004aec                misaligned_load_trap
 .text.misaligned_store_trap
                0x0000000023004c3e      0x14c D:/BL602/final_code/build_3/build_out/freertos_riscv_ram\libfreertos_riscv_ram.a(misaligned_ldst.o)
                0x0000000023004c3e                misaligned_store_trap
 .text          0x0000000023004d8a      0x200 D:/BL602/final_code/build_3/build_out/freertos_riscv_ram\libfreertos_riscv_ram.a(fp_asm.o)
                0x0000000023004d8a                get_f32_reg
                0x0000000023004e8a                put_f32_reg
 .text.backtrace_riscv
                0x0000000023004f8a        0x4 D:/BL602/final_code/build_3/build_out/freertos_riscv_ram\libfreertos_riscv_ram.a(panic_c.o)
                0x0000000023004f8a                backtrace_now
                0x0000000023004f8a                backtrace_riscv
 .text.bl_rtc_get_counter
                0x0000000023004f8e       0x16 D:/BL602/final_code/build_3/build_out/hal_drv\libhal_drv.a(bl_rtc.o)
                0x0000000023004f8e                bl_rtc_get_counter
 .text.bl_rtc_get_timestamp_ms
                0x0000000023004fa4       0x4e D:/BL602/final_code/build_3/build_out/hal_drv\libhal_drv.a(bl_rtc.o)
                0x0000000023004fa4                bl_rtc_get_timestamp_ms
 *fill*         0x0000000023004ff2        0x2 
 .text          0x0000000023004ff4       0xf4 d:/bl602/newbl602_sdk/bl_iot_sdk/toolchain/riscv/msys/bin/../lib/gcc/riscv64-unknown-elf/8.3.0/../../../../riscv64-unknown-elf/lib/rv32imf/ilp32f\libm.a(lib_a-s_modf.o)
                0x0000000023004ff4                modf
 .text          0x00000000230050e8       0x4c d:/bl602/newbl602_sdk/bl_iot_sdk/toolchain/riscv/msys/bin/../lib/gcc/riscv64-unknown-elf/8.3.0/rv32imf/ilp32f\libgcc.a(_clzsi2.o)
                0x00000000230050e8                __clzsi2
 .text          0x0000000023005134      0x434 d:/bl602/newbl602_sdk/bl_iot_sdk/toolchain/riscv/msys/bin/../lib/gcc/riscv64-unknown-elf/8.3.0/rv32imf/ilp32f\libgcc.a(_udivdi3.o)
                0x0000000023005134                __udivdi3
 .text          0x0000000023005568      0x410 d:/bl602/newbl602_sdk/bl_iot_sdk/toolchain/riscv/msys/bin/../lib/gcc/riscv64-unknown-elf/8.3.0/rv32imf/ilp32f\libgcc.a(_umoddi3.o)
                0x0000000023005568                __umoddi3
 .text          0x0000000023005978      0xb50 d:/bl602/newbl602_sdk/bl_iot_sdk/toolchain/riscv/msys/bin/../lib/gcc/riscv64-unknown-elf/8.3.0/rv32imf/ilp32f\libgcc.a(adddf3.o)
                0x0000000023005978                __adddf3
 .text          0x00000000230064c8      0x8ac d:/bl602/newbl602_sdk/bl_iot_sdk/toolchain/riscv/msys/bin/../lib/gcc/riscv64-unknown-elf/8.3.0/rv32imf/ilp32f\libgcc.a(divdf3.o)
                0x00000000230064c8                __divdf3
 .text          0x0000000023006d74       0xc8 d:/bl602/newbl602_sdk/bl_iot_sdk/toolchain/riscv/msys/bin/../lib/gcc/riscv64-unknown-elf/8.3.0/rv32imf/ilp32f\libgcc.a(eqdf2.o)
                0x0000000023006d74                __nedf2
                0x0000000023006d74                __eqdf2
 .text          0x0000000023006e3c       0xec d:/bl602/newbl602_sdk/bl_iot_sdk/toolchain/riscv/msys/bin/../lib/gcc/riscv64-unknown-elf/8.3.0/rv32imf/ilp32f\libgcc.a(gedf2.o)
                0x0000000023006e3c                __gedf2
                0x0000000023006e3c                __gtdf2
 .text          0x0000000023006f28       0xec d:/bl602/newbl602_sdk/bl_iot_sdk/toolchain/riscv/msys/bin/../lib/gcc/riscv64-unknown-elf/8.3.0/rv32imf/ilp32f\libgcc.a(ledf2.o)
                0x0000000023006f28                __ledf2
                0x0000000023006f28                __ltdf2
 .text          0x0000000023007014      0x79c d:/bl602/newbl602_sdk/bl_iot_sdk/toolchain/riscv/msys/bin/../lib/gcc/riscv64-unknown-elf/8.3.0/rv32imf/ilp32f\libgcc.a(muldf3.o)
                0x0000000023007014                __muldf3
 .text          0x00000000230077b0      0xb38 d:/bl602/newbl602_sdk/bl_iot_sdk/toolchain/riscv/msys/bin/../lib/gcc/riscv64-unknown-elf/8.3.0/rv32imf/ilp32f\libgcc.a(subdf3.o)
                0x00000000230077b0                __subdf3
 .text          0x00000000230082e8       0xfc d:/bl602/newbl602_sdk/bl_iot_sdk/toolchain/riscv/msys/bin/../lib/gcc/riscv64-unknown-elf/8.3.0/rv32imf/ilp32f\libgcc.a(fixdfsi.o)
                0x00000000230082e8                __fixdfsi
 .text          0x00000000230083e4       0xac d:/bl602/newbl602_sdk/bl_iot_sdk/toolchain/riscv/msys/bin/../lib/gcc/riscv64-unknown-elf/8.3.0/rv32imf/ilp32f\libgcc.a(floatsidf.o)
                0x00000000230083e4                __floatsidf
 .text          0x0000000023008490      0x110 d:/bl602/newbl602_sdk/bl_iot_sdk/toolchain/riscv/msys/bin/../lib/gcc/riscv64-unknown-elf/8.3.0/rv32imf/ilp32f\libgcc.a(extendsfdf2.o)
                0x0000000023008490                __extendsfdf2
 .text          0x00000000230085a0      0x2d8 d:/bl602/newbl602_sdk/bl_iot_sdk/toolchain/riscv/msys/bin/../lib/gcc/riscv64-unknown-elf/8.3.0/rv32imf/ilp32f\libgcc.a(truncdfsf2.o)
                0x00000000230085a0                __truncdfsf2
 .text          0x0000000023008878      0x11c d:/bl602/newbl602_sdk/bl_iot_sdk/toolchain/riscv/msys/bin/../lib/gcc/riscv64-unknown-elf/8.3.0/../../../../riscv64-unknown-elf/lib/rv32imf/ilp32f\libc.a(lib_a-memcpy.o)
                0x0000000023008878                memcpy
 .text          0x0000000023008994       0xdc d:/bl602/newbl602_sdk/bl_iot_sdk/toolchain/riscv/msys/bin/../lib/gcc/riscv64-unknown-elf/8.3.0/../../../../riscv64-unknown-elf/lib/rv32imf/ilp32f\libc.a(lib_a-memset.o)
                0x0000000023008994                memset
 .text          0x0000000023008a70       0x8c d:/bl602/newbl602_sdk/bl_iot_sdk/toolchain/riscv/msys/bin/../lib/gcc/riscv64-unknown-elf/8.3.0/../../../../riscv64-unknown-elf/lib/rv32imf/ilp32f\libc.a(lib_a-strlen.o)
                0x0000000023008a70                strlen
 .text          0x0000000023008afc       0x44 d:/bl602/newbl602_sdk/bl_iot_sdk/toolchain/riscv/msys/bin/../lib/gcc/riscv64-unknown-elf/8.3.0/../../../../riscv64-unknown-elf/lib/rv32imf/ilp32f\libc.a(lib_a-strnlen.o)
                0x0000000023008afc                strnlen
 *(.gnu.linkonce.t.*)

.rodata         0x0000000023008b40      0x898
 *(.rdata)
 *(.rodata .rodata.*)
 .rodata.bfl_main.str1.4
                0x0000000023008b40        0x4 D:/BL602/final_code/build_3/build_out/main3_file\libmain3_file.a(main.o)
 .rodata.init_adc.str1.4
                0x0000000023008b44       0x1f D:/BL602/final_code/build_3/build_out/main3_file\libmain3_file.a(adc.o)
 *fill*         0x0000000023008b63        0x1 
 .rodata.task_adc.str1.4
                0x0000000023008b64       0xa6 D:/BL602/final_code/build_3/build_out/main3_file\libmain3_file.a(adc.o)
 *fill*         0x0000000023008c0a        0x2 
 .rodata.vsnprintf
                0x0000000023008c0c      0x1f4 D:/BL602/final_code/build_3/build_out/bl602\libbl602.a(debug.o)
 .rodata.cvt.cst8
                0x0000000023008e00       0x18 D:/BL602/final_code/build_3/build_out/bl602\libbl602.a(debug.o)
 .rodata.lcdigits.2256
                0x0000000023008e18       0x11 D:/BL602/final_code/build_3/build_out/bl602\libbl602.a(debug.o)
 *fill*         0x0000000023008e29        0x3 
 .rodata.ucdigits.2257
                0x0000000023008e2c       0x11 D:/BL602/final_code/build_3/build_out/bl602\libbl602.a(debug.o)
 *fill*         0x0000000023008e3d        0x3 
 .rodata.vsnprintf.str1.4
                0x0000000023008e40        0x7 D:/BL602/final_code/build_3/build_out/bl602\libbl602.a(debug.o)
 *fill*         0x0000000023008e47        0x1 
 .rodata.vTaskStartScheduler.str1.4
                0x0000000023008e48        0x5 D:/BL602/final_code/build_3/build_out/freertos_riscv_ram\libfreertos_riscv_ram.a(tasks.o)
 *fill*         0x0000000023008e4d        0x3 
 .rodata.prvTimerTask
                0x0000000023008e50       0x28 D:/BL602/final_code/build_3/build_out/freertos_riscv_ram\libfreertos_riscv_ram.a(timers.o)
 .rodata.prvCheckForValidListAndQueue.str1.4
                0x0000000023008e78        0x5 D:/BL602/final_code/build_3/build_out/freertos_riscv_ram\libfreertos_riscv_ram.a(timers.o)
 *fill*         0x0000000023008e7d        0x3 
 .rodata.xTimerCreateTimerTask.str1.4
                0x0000000023008e80        0x8 D:/BL602/final_code/build_3/build_out/freertos_riscv_ram\libfreertos_riscv_ram.a(timers.o)
 .rodata        0x0000000023008e88       0x20 D:/BL602/final_code/build_3/build_out/hal_drv\libhal_drv.a(bl_uart.o)
 .rodata.exception_entry
                0x0000000023008ea8       0x40 D:/BL602/final_code/build_3/build_out/hal_drv\libhal_drv.a(bl_irq.o)
 .rodata.exception_entry.str1.4
                0x0000000023008ee8      0x26c D:/BL602/final_code/build_3/build_out/hal_drv\libhal_drv.a(bl_irq.o)
 .rodata.interrupt_entry.str1.4
                0x0000000023009154       0x40 D:/BL602/final_code/build_3/build_out/hal_drv\libhal_drv.a(bl_irq.o)
 .rodata.vApplicationMallocFailedHook.str1.4
                0x0000000023009194       0x34 D:/BL602/final_code/build_3/build_out/main3_file\libmain3_file.a(freertos.o)
 .rodata.vApplicationStackOverflowHook.str1.4
                0x00000000230091c8       0x2c D:/BL602/final_code/build_3/build_out/main3_file\libmain3_file.a(freertos.o)
 .rodata.ADC_Parse_Result.cst4
                0x00000000230091f4        0xc D:/BL602/final_code/build_3/build_out/bl602_std\libbl602_std.a(bl602_adc.o)
 .rodata.ADC_Parse_Result.cst8
                0x0000000023009200       0x30 D:/BL602/final_code/build_3/build_out/bl602_std\libbl602_std.a(bl602_adc.o)
 .rodata.Default_Handler.str1.4
                0x0000000023009230       0x14 D:/BL602/final_code/build_3/build_out/bl602_std\libbl602_std.a(bl602_common.o)
                                         0x12 (size before relaxing)
 .rodata        0x0000000023009244       0x3c d:/bl602/newbl602_sdk/bl_iot_sdk/toolchain/riscv/msys/bin/../lib/gcc/riscv64-unknown-elf/8.3.0/rv32imf/ilp32f\libgcc.a(divdf3.o)
 .rodata        0x0000000023009280       0x3c d:/bl602/newbl602_sdk/bl_iot_sdk/toolchain/riscv/msys/bin/../lib/gcc/riscv64-unknown-elf/8.3.0/rv32imf/ilp32f\libgcc.a(muldf3.o)
 .rodata        0x00000000230092bc      0x100 d:/bl602/newbl602_sdk/bl_iot_sdk/toolchain/riscv/msys/bin/../lib/gcc/riscv64-unknown-elf/8.3.0/rv32imf/ilp32f\libgcc.a(_clz.o)
                0x00000000230092bc                __clz_tab
 *(.sdata2.*)
 .sdata2.pullMachineTimerCompareRegister
                0x00000000230093bc        0x4 D:/BL602/final_code/build_3/build_out/freertos_riscv_ram\libfreertos_riscv_ram.a(port.o)
                0x00000000230093bc                pullMachineTimerCompareRegister
 .sdata2.uxTimerIncrementsForOneTick
                0x00000000230093c0        0x4 D:/BL602/final_code/build_3/build_out/freertos_riscv_ram\libfreertos_riscv_ram.a(port.o)
                0x00000000230093c0                uxTimerIncrementsForOneTick
 .sdata2.xISRStackTop
                0x00000000230093c4        0x4 D:/BL602/final_code/build_3/build_out/freertos_riscv_ram\libfreertos_riscv_ram.a(port.o)
                0x00000000230093c4                xISRStackTop
 .sdata2.uartAddr
                0x00000000230093c8        0x8 D:/BL602/final_code/build_3/build_out/hal_drv\libhal_drv.a(bl_uart.o)
 .sdata2.uartAddr
                0x00000000230093d0        0x8 D:/BL602/final_code/build_3/build_out/bl602_std\libbl602_std.a(bl602_uart.o)
                0x00000000230093d8                . = ALIGN (0x4)
                0x00000000230093d8                _bl_static_cli_cmds_start = .
 *(.static_cli_cmds)
 *(.static_cli_cmds)
                0x00000000230093d8                _bl_static_cli_cmds_end = .
                0x00000000230093d8                . = ALIGN (0x4)
                0x00000000230093d8                _bl_static_fw_cfg_entry_start = .
 *(.wifi.cfg.entry)
                0x00000000230093d8                _bl_static_fw_cfg_entry_end = .
                0x00000000230093d8                . = ALIGN (0x4)
                0x00000000230093d8                _bl_static_blogcomponent_code_start = .
 SORT_BY_NAME(*)(.static_blogcomponent_code*)
 *(.static_blogcomponent_code*)
                0x00000000230093d8                _bl_static_blogcomponent_code_end = .
                0x00000000230093d8                . = ALIGN (0x4)
                0x00000000230093d8                _bl_static_blogfile_code_start = .
 SORT_BY_NAME(*)(.static_blogfile_code*)
 *(.static_blogfile_code*)
                0x00000000230093d8                _bl_static_blogfile_code_end = .
                0x00000000230093d8                . = ALIGN (0x4)
                0x00000000230093d8                _bl_static_blogpri_code_start = .
 SORT_BY_NAME(*)(.static_blogpri_code*)
 *(.static_blogpri_code*)
                0x00000000230093d8                _bl_static_blogpri_code_end = .
 *(.gnu.linkonce.r.*)
                0x00000000230093d8                . = ALIGN (0x4)
                0x00000000230093d8                _rom_framework_audio_device_start = .
 *(.framework.audio_device)
                0x00000000230093d8                _rom_framework_audio_device_end = .

.rela.dyn       0x00000000230093d8        0x0
 .rela.init     0x00000000230093d8        0x0 D:/BL602/final_code/build_3/build_out/bl602\libbl602.a(start.o)
 .rela.text.hal_boot2_get_flash_addr
                0x00000000230093d8        0x0 D:/BL602/final_code/build_3/build_out/bl602\libbl602.a(start.o)
 .rela.data.xHeapRegions
                0x00000000230093d8        0x0 D:/BL602/final_code/build_3/build_out/bl602\libbl602.a(start.o)
 .rela.text.xPortStartScheduler
                0x00000000230093d8        0x0 D:/BL602/final_code/build_3/build_out/bl602\libbl602.a(start.o)
 .rela.sdata2.xISRStackTop
                0x00000000230093d8        0x0 D:/BL602/final_code/build_3/build_out/bl602\libbl602.a(start.o)
 .rela.text.vQueueAddToRegistry
                0x00000000230093d8        0x0 D:/BL602/final_code/build_3/build_out/bl602\libbl602.a(start.o)
 .rela.text.exception_entry
                0x00000000230093d8        0x0 D:/BL602/final_code/build_3/build_out/bl602\libbl602.a(start.o)

.preinit_array  0x00000000230093d8        0x0
                0x00000000230093d8                . = ALIGN (0x4)
                0x00000000230093d8                __preinit_array_start = .
 *(.preinit_array)
                0x00000000230093d8                __preinit_array_end = .

.init_array     0x00000000230093d8        0x0
                0x00000000230093d8                . = ALIGN (0x4)
                0x00000000230093d8                __init_array_start = .
 *(SORT_BY_INIT_PRIORITY(.init_array.*))
 *(.init_array)
                0x00000000230093d8                __init_array_end = .

.wifibss        0x0000000042042000        0x0
                0x0000000042042000                PROVIDE (__wifi_bss_start = ADDR (.wifibss))
                0x0000000042042000                PROVIDE (__wifi_bss_end = (ADDR (.wifibss) + SIZEOF (.wifibss)))
 *ipc_shared.o(COMMON)
 *sdu_shared.o(COMMON)
 *hal_desc.o(COMMON)
 *txl_buffer_shared.o(COMMON)
 *txl_frame_shared.o(COMMON)
 *scan_shared.o(COMMON)
 *scanu_shared.o(COMMON)
 *mfp_bip.o(COMMON)
 *me_mic.o(COMMON)
 *bl_sta_mgmt_others.o(COMMON)
 *bl_pmk_mgmt.o(COMMON)
 *bl_pmk_mgmt_internal.o(COMMON)
 *libwifi_drv.a:bl_utils.o(COMMON)
 *libwifi_drv.a:bl_utils.o(.bss*)
 *(.wifi_ram*)
                0x0000000042042000                . = ALIGN (0x10)
                0x0000000042042000                PROVIDE (_heap_wifi_start = .)
                0x000000000000a000                PROVIDE (_heap_wifi_size = ((ORIGIN (ram_wifi) + LENGTH (ram_wifi)) - _heap_wifi_start))

.romdata        0x000000004200c000      0x498 load address 0x00000000230093d8
                [!provide]                        PROVIDE (__global_pointer_head$ = .)
                0x000000004200c7f0                PROVIDE (__global_pointer$ = (. + 0x7f0))
                0x000000004200c498                . = (. + 0x498)
 *fill*         0x000000004200c000      0x498 

.data           0x000000004200c498      0xaa8 load address 0x00000000230093d8
                0x00000000230093d8                PROVIDE (_data_load = LOADADDR (.data))
                0x000000004200c498                PROVIDE (_data_run = ADDR (.data))
                0x000000004200cf40                PROVIDE (_data_run_end = (ADDR (.data) + SIZEOF (.data)))
 *(.tcm_code)
 .tcm_code      0x000000004200c498      0x550 D:/BL602/final_code/build_3/build_out/bl602_std\libbl602_std.a(bl602_romapi.o)
                0x000000004200c498                AON_Power_On_BG
                0x000000004200c4a2                AON_Power_Off_BG
                0x000000004200c4ac                AON_Power_On_LDO11_SOC
                0x000000004200c4b6                AON_Power_Off_LDO11_SOC
                0x000000004200c4c0                AON_Power_On_LDO15_RF
                0x000000004200c4ca                AON_Power_Off_LDO15_RF
                0x000000004200c4d4                AON_Power_On_SFReg
                0x000000004200c4de                AON_Power_Off_SFReg
                0x000000004200c4e8                AON_LowPower_Enter_PDS0
                0x000000004200c4f2                AON_LowPower_Exit_PDS0
                0x000000004200c4fc                ASM_Delay_Us
                0x000000004200c506                BL602_Delay_US
                0x000000004200c510                BL602_Delay_MS
                0x000000004200c51a                BL602_MemCpy
                0x000000004200c524                BL602_MemCpy4
                0x000000004200c52e                BL602_MemCpy_Fast
                0x000000004200c538                BL602_MemSet
                0x000000004200c542                BL602_MemSet4
                0x000000004200c54c                BL602_MemCmp
                0x000000004200c556                EF_Ctrl_Sw_AHB_Clk_0
                0x000000004200c560                EF_Ctrl_Program_Efuse_0
                0x000000004200c56a                EF_Ctrl_Load_Efuse_R0
                0x000000004200c574                EF_Ctrl_Busy
                0x000000004200c57e                EF_Ctrl_AutoLoad_Done
                0x000000004200c588                EF_Ctrl_Clear
                0x000000004200c592                GLB_SW_System_Reset
                0x000000004200c59c                GLB_SW_CPU_Reset
                0x000000004200c5a6                GLB_SW_POR_Reset
                0x000000004200c5b0                GLB_Select_Internal_Flash
                0x000000004200c5ba                GLB_Select_External_Flash
                0x000000004200c5c4                GLB_Deswap_Flash_Pin
                0x000000004200c5ce                GLB_Swap_Flash_Pin
                0x000000004200c5d8                GLB_GPIO_Init
                0x000000004200c5e2                GLB_GPIO_OUTPUT_Enable
                0x000000004200c5ec                GLB_GPIO_OUTPUT_Disable
                0x000000004200c5f6                GLB_GPIO_Set_HZ
                0x000000004200c600                GLB_GPIO_Get_Fun
                0x000000004200c60a                HBN_Mode_Enter
                0x000000004200c614                HBN_Power_Down_Flash
                0x000000004200c61e                HBN_Enable
                0x000000004200c628                HBN_Reset
                0x000000004200c632                HBN_Set_Ldo11_Aon_Vout
                0x000000004200c63c                HBN_Set_Ldo11_Rt_Vout
                0x000000004200c646                HBN_Set_Ldo11_Soc_Vout
                0x000000004200c650                HBN_Hw_Pu_Pd_Cfg
                0x000000004200c65a                HBN_Pin_WakeUp_Mask
                0x000000004200c664                HBN_GPIO7_Dbg_Pull_Cfg
                0x000000004200c66e                HBN_Set_Embedded_Flash_Pullup
                0x000000004200c678                L1C_Set_Wrap
                0x000000004200c682                L1C_Set_Way_Disable
                0x000000004200c68c                L1C_IROM_2T_Access_Set
                0x000000004200c696                PDS_Reset
                0x000000004200c6a0                PDS_Force_Config
                0x000000004200c6aa                PDS_RAM_Config
                0x000000004200c6b4                PDS_Default_Level_Config
                0x000000004200c6be                SEC_Eng_Turn_On_Sec_Ring
                0x000000004200c6c8                SEC_Eng_Turn_Off_Sec_Ring
                0x000000004200c6d2                SFlash_Init
                0x000000004200c6dc                SFlash_SetSPIMode
                0x000000004200c6e6                SFlash_Read_Reg
                0x000000004200c6f0                SFlash_Write_Reg
                0x000000004200c6fa                SFlash_Busy
                0x000000004200c704                SFlash_Write_Enable
                0x000000004200c70e                SFlash_Qspi_Enable
                0x000000004200c718                SFlash_Volatile_Reg_Write_Enable
                0x000000004200c722                SFlash_Chip_Erase
                0x000000004200c72c                SFlash_Sector_Erase
                0x000000004200c736                SFlash_Blk32_Erase
                0x000000004200c740                SFlash_Blk64_Erase
                0x000000004200c74a                SFlash_Erase
                0x000000004200c754                SFlash_Program
                0x000000004200c75e                SFlash_GetUniqueId
                0x000000004200c768                SFlash_GetJedecId
                0x000000004200c772                SFlash_GetDeviceId
                0x000000004200c77c                SFlash_Powerdown
                0x000000004200c786                SFlash_Releae_Powerdown
                0x000000004200c790                SFlash_SetBurstWrap
                0x000000004200c79a                SFlash_DisableBurstWrap
                0x000000004200c7a4                SFlash_Software_Reset
                0x000000004200c7ae                SFlash_Reset_Continue_Read
                0x000000004200c7b8                SFlash_Set_IDbus_Cfg
                0x000000004200c7c2                SFlash_IDbus_Read_Enable
                0x000000004200c7cc                SFlash_Cache_Enable_Set
                0x000000004200c7d6                SFlash_Cache_Flush
                0x000000004200c7e0                SFlash_Cache_Read_Enable
                0x000000004200c7ea                SFlash_Cache_Hit_Count_Get
                0x000000004200c7f4                SFlash_Cache_Miss_Count_Get
                0x000000004200c7fe                SFlash_Cache_Read_Disable
                0x000000004200c808                SFlash_Read
                0x000000004200c812                SFlash_Read_Reg_With_Cmd
                0x000000004200c81c                SFlash_Write_Reg_With_Cmd
                0x000000004200c826                SF_Cfg_Init_Ext_Flash_Gpio
                0x000000004200c830                SF_Cfg_Init_Internal_Flash_Gpio
                0x000000004200c83a                SF_Cfg_Deinit_Ext_Flash_Gpio
                0x000000004200c844                SF_Cfg_Restore_GPIO17_Fun
                0x000000004200c84e                SF_Cfg_Get_Flash_Cfg_Need_Lock
                0x000000004200c858                SF_Cfg_Init_Flash_Gpio
                0x000000004200c862                SF_Cfg_Flash_Identify
                0x000000004200c86c                SF_Ctrl_Enable
                0x000000004200c876                SF_Ctrl_Select_Pad
                0x000000004200c880                SF_Ctrl_Set_Owner
                0x000000004200c88a                SF_Ctrl_Disable
                0x000000004200c894                SF_Ctrl_AES_Enable_BE
                0x000000004200c89e                SF_Ctrl_AES_Enable_LE
                0x000000004200c8a8                SF_Ctrl_AES_Set_Region
                0x000000004200c8b2                SF_Ctrl_AES_Set_Key
                0x000000004200c8bc                SF_Ctrl_AES_Set_Key_BE
                0x000000004200c8c6                SF_Ctrl_AES_Set_IV
                0x000000004200c8d0                SF_Ctrl_AES_Set_IV_BE
                0x000000004200c8da                SF_Ctrl_AES_Enable
                0x000000004200c8e4                SF_Ctrl_AES_Disable
                0x000000004200c8ee                SF_Ctrl_Set_Flash_Image_Offset
                0x000000004200c8f8                SF_Ctrl_Get_Flash_Image_Offset
                0x000000004200c902                SF_Ctrl_Select_Clock
                0x000000004200c90c                SF_Ctrl_SendCmd
                0x000000004200c916                SF_Ctrl_Icache_Set
                0x000000004200c920                SF_Ctrl_Icache2_Set
                0x000000004200c92a                SF_Ctrl_GetBusyState
                0x000000004200c934                SF_Ctrl_Is_AES_Enable
                0x000000004200c93e                SF_Ctrl_Get_Clock_Delay
                0x000000004200c948                SF_Ctrl_Set_Clock_Delay
                0x000000004200c952                XIP_SFlash_State_Save
                0x000000004200c95c                XIP_SFlash_State_Restore
                0x000000004200c966                XIP_SFlash_Erase_Need_Lock
                0x000000004200c970                XIP_SFlash_Write_Need_Lock
                0x000000004200c97a                XIP_SFlash_Read_Need_Lock
                0x000000004200c984                XIP_SFlash_GetJedecId_Need_Lock
                0x000000004200c98e                XIP_SFlash_GetDeviceId_Need_Lock
                0x000000004200c998                XIP_SFlash_GetUniqueId_Need_Lock
                0x000000004200c9a2                XIP_SFlash_Read_Via_Cache_Need_Lock
                0x000000004200c9ac                XIP_SFlash_Read_With_Lock
                0x000000004200c9b6                XIP_SFlash_Write_With_Lock
                0x000000004200c9c0                XIP_SFlash_Erase_With_Lock
                0x000000004200c9ca                XIP_SFlash_Opt_Enter
                0x000000004200c9d4                XIP_SFlash_Opt_Exit
                0x000000004200c9de                BFLB_Soft_CRC32
 *(.tcm_const)
 *(.sclock_rlt_code)
 .sclock_rlt_code
                0x000000004200c9e8      0x25e D:/BL602/final_code/build_3/build_out/bl602_std\libbl602_std.a(bl602_adc.o)
                0x000000004200c9e8                ADC_Trim_TSEN
                0x000000004200cb5c                ADC_Gain_Trim
 .sclock_rlt_code
                0x000000004200cc46      0x140 D:/BL602/final_code/build_3/build_out/bl602_std\libbl602_std.a(bl602_ef_ctrl.o)
                0x000000004200cce4                EF_Ctrl_Read_TSEN_Trim
                0x000000004200cd40                EF_Ctrl_Read_ADC_Gain_Trim
 .sclock_rlt_code
                0x000000004200cd86      0x154 D:/BL602/final_code/build_3/build_out/bl602_std\libbl602_std.a(bl602_romapi.o)
                0x000000004200cd86                AON_Power_On_MBG
                0x000000004200cd90                AON_Power_Off_MBG
                0x000000004200cd9a                AON_Power_On_XTAL
                0x000000004200cda4                AON_Set_Xtal_CapCode
                0x000000004200cdae                AON_Get_Xtal_CapCode
                0x000000004200cdb8                AON_Power_Off_XTAL
                0x000000004200cdc2                EF_Ctrl_Get_Trim_Parity
                0x000000004200cdcc                EF_Ctrl_Read_RC32M_Trim
                0x000000004200cdd6                EF_Ctrl_Read_RC32K_Trim
                0x000000004200cde0                GLB_Get_Root_CLK_Sel
                0x000000004200cdea                GLB_Set_System_CLK_Div
                0x000000004200cdf4                GLB_Get_BCLK_Div
                0x000000004200cdfe                GLB_Get_HCLK_Div
                0x000000004200ce08                Update_SystemCoreClockWith_XTAL
                0x000000004200ce12                GLB_Set_System_CLK
                0x000000004200ce1c                System_Core_Clock_Update_From_RC32M
                0x000000004200ce26                GLB_Set_SF_CLK
                0x000000004200ce30                GLB_Set_PKA_CLK_Sel
                0x000000004200ce3a                HBN_32K_Sel
                0x000000004200ce44                HBN_Set_ROOT_CLK_Sel
                0x000000004200ce4e                HBN_Power_On_Xtal_32K
                0x000000004200ce58                HBN_Power_Off_Xtal_32K
                0x000000004200ce62                HBN_Power_On_RC32K
                0x000000004200ce6c                HBN_Power_Off_RC32K
                0x000000004200ce76                HBN_Trim_RC32K
                0x000000004200ce80                PDS_Trim_RC32M
                0x000000004200ce8a                PDS_Select_RC32M_As_PLL_Ref
                0x000000004200ce94                PDS_Select_XTAL_As_PLL_Ref
                0x000000004200ce9e                PDS_Power_On_PLL
                0x000000004200cea8                PDS_Enable_PLL_All_Clks
                0x000000004200ceb2                PDS_Disable_PLL_All_Clks
                0x000000004200cebc                PDS_Enable_PLL_Clk
                0x000000004200cec6                PDS_Disable_PLL_Clk
                0x000000004200ced0                PDS_Power_Off_PLL
 *(.sclock_rlt_const)
 *(.data .data.*)
 *fill*         0x000000004200ceda        0x2 
 .data.xHeapRegions
                0x000000004200cedc       0x20 D:/BL602/final_code/build_3/build_out/main3_file\libmain3_file.a(main.o)
 *(.gnu.linkonce.d.*)
 *(.sdata .sdata.*)
 .sdata.pTrapNetCounter
                0x000000004200cefc        0x4 D:/BL602/final_code/build_3/build_out/freertos_riscv_ram\libfreertos_riscv_ram.a(port.o)
                0x000000004200cefc                pTrapNetCounter
 .sdata.pullNextTime
                0x000000004200cf00        0x4 D:/BL602/final_code/build_3/build_out/freertos_riscv_ram\libfreertos_riscv_ram.a(port.o)
                0x000000004200cf00                pullNextTime
 .sdata.sys_log_all_enable
                0x000000004200cf04        0x1 D:/BL602/final_code/build_3/build_out/hal_drv\libhal_drv.a(bl_sys.o)
                0x000000004200cf04                sys_log_all_enable
 *fill*         0x000000004200cf05        0x3 
 .sdata.uxTopUsedPriority
                0x000000004200cf08        0x4 D:/BL602/final_code/build_3/build_out/main3_file\libmain3_file.a(freertos.o)
                0x000000004200cf08                uxTopUsedPriority
 .sdata.adcGainCoeffCal
                0x000000004200cf0c        0x8 D:/BL602/final_code/build_3/build_out/bl602_std\libbl602_std.a(bl602_adc.o)
 *(.gnu.linkonce.s.*)
                0x000000004200cf18                . = ALIGN (0x8)
 *fill*         0x000000004200cf14        0x4 
 *(.srodata.cst16)
 *(.srodata.cst8)
 .srodata.cst8  0x000000004200cf18       0x20 D:/BL602/final_code/build_3/build_out/bl602_std\libbl602_std.a(bl602_adc.o)
 *(.srodata.cst4)
 *(.srodata.cst2)
 *(.srodata .srodata.*)
 .srodata       0x000000004200cf38        0x4 D:/BL602/final_code/build_3/build_out/hal_drv\libhal_drv.a(bl_uart.o)
                0x000000004200cf40                . = ALIGN (0x8)
 *fill*         0x000000004200cf3c        0x4 
 *(._k_queue.static.*)
 *(._k_sem.static.*)
 *(._k_mutex.static.*)
                0x000000004200cf40                _net_buf_pool_list = .
 *(SORT_BY_NAME(._net_buf_pool.static.*))
                0x000000004200cf40                _bt_gatt_service_static_list_start = .
 *(SORT_BY_NAME(._bt_gatt_service_static.static.*))
                0x000000004200cf40                _bt_gatt_service_static_list_end = .
                0x000000004200cf40                _bt_l2cap_fixed_chan_list_start = .
 *(SORT_BY_NAME(._bt_l2cap_fixed_chan.static.*))
                0x000000004200cf40                _bt_l2cap_fixed_chan_list_end = .

.boot2          0x000000004200cf40      0x258 load address 0x0000000023009e80
                0x000000004200cf40                PROVIDE (__boot2_pt_addr_start = .)
 *(.bss.boot2_partition_table)
 .bss.boot2_partition_table
                0x000000004200cf40      0x258 D:/BL602/final_code/build_3/build_out/hal_drv\libhal_drv.a(hal_boot2.o)
                0x000000004200d198                PROVIDE (__boot2_pt_addr_end = .)
                0x000000004200d198                PROVIDE (__boot2_flashCfg_start = .)
 *(.bss.boot2_flashCfg)
                0x000000004200d198                PROVIDE (__boot2_flashCfg_end = .)

.bss            0x000000004200d198     0x2a68 load address 0x0000000023009e80
                0x000000004200d198                PROVIDE (__bss_start = ADDR (.bss))
                0x000000004200fc00                PROVIDE (__bss_end = (ADDR (.bss) + SIZEOF (.bss)))
 *(.sbss*)
 .sbss.pxCurrentTCB
                0x000000004200d198        0x4 D:/BL602/final_code/build_3/build_out/freertos_riscv_ram\libfreertos_riscv_ram.a(tasks.o)
                0x000000004200d198                pxCurrentTCB
 .sbss.pxDelayedTaskList
                0x000000004200d19c        0x4 D:/BL602/final_code/build_3/build_out/freertos_riscv_ram\libfreertos_riscv_ram.a(tasks.o)
 .sbss.pxOverflowDelayedTaskList
                0x000000004200d1a0        0x4 D:/BL602/final_code/build_3/build_out/freertos_riscv_ram\libfreertos_riscv_ram.a(tasks.o)
 .sbss.uxCurrentNumberOfTasks
                0x000000004200d1a4        0x4 D:/BL602/final_code/build_3/build_out/freertos_riscv_ram\libfreertos_riscv_ram.a(tasks.o)
 .sbss.uxDeletedTasksWaitingCleanUp
                0x000000004200d1a8        0x4 D:/BL602/final_code/build_3/build_out/freertos_riscv_ram\libfreertos_riscv_ram.a(tasks.o)
 .sbss.uxPendedTicks
                0x000000004200d1ac        0x4 D:/BL602/final_code/build_3/build_out/freertos_riscv_ram\libfreertos_riscv_ram.a(tasks.o)
 .sbss.uxSchedulerSuspended
                0x000000004200d1b0        0x4 D:/BL602/final_code/build_3/build_out/freertos_riscv_ram\libfreertos_riscv_ram.a(tasks.o)
 .sbss.uxTaskNumber
                0x000000004200d1b4        0x4 D:/BL602/final_code/build_3/build_out/freertos_riscv_ram\libfreertos_riscv_ram.a(tasks.o)
 .sbss.uxTopReadyPriority
                0x000000004200d1b8        0x4 D:/BL602/final_code/build_3/build_out/freertos_riscv_ram\libfreertos_riscv_ram.a(tasks.o)
 .sbss.xNextTaskUnblockTime
                0x000000004200d1bc        0x4 D:/BL602/final_code/build_3/build_out/freertos_riscv_ram\libfreertos_riscv_ram.a(tasks.o)
 .sbss.xNumOfOverflows
                0x000000004200d1c0        0x4 D:/BL602/final_code/build_3/build_out/freertos_riscv_ram\libfreertos_riscv_ram.a(tasks.o)
 .sbss.xSchedulerRunning
                0x000000004200d1c4        0x4 D:/BL602/final_code/build_3/build_out/freertos_riscv_ram\libfreertos_riscv_ram.a(tasks.o)
 .sbss.xTickCount
                0x000000004200d1c8        0x4 D:/BL602/final_code/build_3/build_out/freertos_riscv_ram\libfreertos_riscv_ram.a(tasks.o)
 .sbss.xYieldPending
                0x000000004200d1cc        0x4 D:/BL602/final_code/build_3/build_out/freertos_riscv_ram\libfreertos_riscv_ram.a(tasks.o)
 .sbss.pxCurrentTimerList
                0x000000004200d1d0        0x4 D:/BL602/final_code/build_3/build_out/freertos_riscv_ram\libfreertos_riscv_ram.a(timers.o)
 .sbss.pxOverflowTimerList
                0x000000004200d1d4        0x4 D:/BL602/final_code/build_3/build_out/freertos_riscv_ram\libfreertos_riscv_ram.a(timers.o)
 .sbss.xLastTime.2297
                0x000000004200d1d8        0x4 D:/BL602/final_code/build_3/build_out/freertos_riscv_ram\libfreertos_riscv_ram.a(timers.o)
 .sbss.xTimerQueue
                0x000000004200d1dc        0x4 D:/BL602/final_code/build_3/build_out/freertos_riscv_ram\libfreertos_riscv_ram.a(timers.o)
 .sbss.xTimerTaskHandle
                0x000000004200d1e0        0x4 D:/BL602/final_code/build_3/build_out/freertos_riscv_ram\libfreertos_riscv_ram.a(timers.o)
 .sbss.TrapNetCounter
                0x000000004200d1e4        0x4 D:/BL602/final_code/build_3/build_out/freertos_riscv_ram\libfreertos_riscv_ram.a(port.o)
                0x000000004200d1e4                TrapNetCounter
 .sbss.ullNextTime
                0x000000004200d1e8        0x8 D:/BL602/final_code/build_3/build_out/freertos_riscv_ram\libfreertos_riscv_ram.a(port.o)
                0x000000004200d1e8                ullNextTime
 .sbss.pxEnd    0x000000004200d1f0        0x4 D:/BL602/final_code/build_3/build_out/freertos_riscv_ram\libfreertos_riscv_ram.a(heap_5.o)
 .sbss.xBlockAllocatedBit
                0x000000004200d1f4        0x4 D:/BL602/final_code/build_3/build_out/freertos_riscv_ram\libfreertos_riscv_ram.a(heap_5.o)
 .sbss.xFreeBytesRemaining
                0x000000004200d1f8        0x4 D:/BL602/final_code/build_3/build_out/freertos_riscv_ram\libfreertos_riscv_ram.a(heap_5.o)
 .sbss.xMinimumEverFreeBytesRemaining
                0x000000004200d1fc        0x4 D:/BL602/final_code/build_3/build_out/freertos_riscv_ram\libfreertos_riscv_ram.a(heap_5.o)
 .sbss.xStart   0x000000004200d200        0x8 D:/BL602/final_code/build_3/build_out/freertos_riscv_ram\libfreertos_riscv_ram.a(heap_5.o)
 .sbss.uart_clk_init.7788
                0x000000004200d208        0x1 D:/BL602/final_code/build_3/build_out/hal_drv\libhal_drv.a(bl_uart.o)
 *fill*         0x000000004200d209        0x3 
 .sbss.dma_copy_list
                0x000000004200d20c        0x8 D:/BL602/final_code/build_3/build_out/hal_drv\libhal_drv.a(bl_dma.o)
 .sbss.uart_dbg_disable
                0x000000004200d214        0x1 D:/BL602/final_code/build_3/build_out/bl602_std\libbl602_std.a(platform_device.o)
 *fill*         0x000000004200d215        0x3 
 .sbss.init_tick_rtc
                0x000000004200d218        0x4 D:/BL602/final_code/build_3/build_out/bltime\libbltime.a(bl_sys_time.o)
 .sbss.init_tick_rtos
                0x000000004200d21c        0x4 D:/BL602/final_code/build_3/build_out/bltime\libbltime.a(bl_sys_time.o)
 .sbss.sync_init
                0x000000004200d220        0x4 D:/BL602/final_code/build_3/build_out/bltime\libbltime.a(bl_sys_time.o)
 *(.gnu.linkonce.sb.*)
 *(.bss .bss.*)
 .bss.adc_stack.3516
                0x000000004200d224      0x800 D:/BL602/final_code/build_3/build_out/main3_file\libmain3_file.a(main.o)
 .bss.adc_task.3517
                0x000000004200da24       0x60 D:/BL602/final_code/build_3/build_out/main3_file\libmain3_file.a(main.o)
 .bss.adc_data.4429
                0x000000004200da84     0x1000 D:/BL602/final_code/build_3/build_out/main3_file\libmain3_file.a(adc.o)
 .bss.string    0x000000004200ea84      0x200 D:/BL602/final_code/build_3/build_out/bl602\libbl602.a(debug.o)
 .bss.pxReadyTasksLists
                0x000000004200ec84      0x280 D:/BL602/final_code/build_3/build_out/freertos_riscv_ram\libfreertos_riscv_ram.a(tasks.o)
 .bss.xDelayedTaskList1
                0x000000004200ef04       0x14 D:/BL602/final_code/build_3/build_out/freertos_riscv_ram\libfreertos_riscv_ram.a(tasks.o)
 .bss.xDelayedTaskList2
                0x000000004200ef18       0x14 D:/BL602/final_code/build_3/build_out/freertos_riscv_ram\libfreertos_riscv_ram.a(tasks.o)
 .bss.xPendingReadyList
                0x000000004200ef2c       0x14 D:/BL602/final_code/build_3/build_out/freertos_riscv_ram\libfreertos_riscv_ram.a(tasks.o)
 .bss.xSuspendedTaskList
                0x000000004200ef40       0x14 D:/BL602/final_code/build_3/build_out/freertos_riscv_ram\libfreertos_riscv_ram.a(tasks.o)
 .bss.xTasksWaitingTermination
                0x000000004200ef54       0x14 D:/BL602/final_code/build_3/build_out/freertos_riscv_ram\libfreertos_riscv_ram.a(tasks.o)
 .bss.ucStaticTimerQueueStorage.2344
                0x000000004200ef68       0x40 D:/BL602/final_code/build_3/build_out/freertos_riscv_ram\libfreertos_riscv_ram.a(timers.o)
 .bss.xActiveTimerList1
                0x000000004200efa8       0x14 D:/BL602/final_code/build_3/build_out/freertos_riscv_ram\libfreertos_riscv_ram.a(timers.o)
 .bss.xActiveTimerList2
                0x000000004200efbc       0x14 D:/BL602/final_code/build_3/build_out/freertos_riscv_ram\libfreertos_riscv_ram.a(timers.o)
 .bss.xStaticTimerQueue.2343
                0x000000004200efd0       0x50 D:/BL602/final_code/build_3/build_out/freertos_riscv_ram\libfreertos_riscv_ram.a(timers.o)
 .bss.g_uart_notify_arg
                0x000000004200f020       0x20 D:/BL602/final_code/build_3/build_out/hal_drv\libhal_drv.a(bl_uart.o)
 .bss.handler_list
                0x000000004200f040      0x280 D:/BL602/final_code/build_3/build_out/hal_drv\libhal_drv.a(bl_irq.o)
 .bss.uxIdleTaskStack.2391
                0x000000004200f2c0      0x180 D:/BL602/final_code/build_3/build_out/main3_file\libmain3_file.a(freertos.o)
 .bss.uxTimerTaskStack.2398
                0x000000004200f440      0x640 D:/BL602/final_code/build_3/build_out/main3_file\libmain3_file.a(freertos.o)
 .bss.xIdleTaskTCB.2390
                0x000000004200fa80       0x60 D:/BL602/final_code/build_3/build_out/main3_file\libmain3_file.a(freertos.o)
 .bss.xTimerTaskTCB.2397
                0x000000004200fae0       0x60 D:/BL602/final_code/build_3/build_out/main3_file\libmain3_file.a(freertos.o)
 .bss.print_buf.9485
                0x000000004200fb40       0x80 D:/BL602/final_code/build_3/build_out/bl602_std\libbl602_std.a(platform_device.o)
 *(.gnu.linkonce.b.*)
 *(COMMON)
 COMMON         0x000000004200fbc0       0x40 D:/BL602/final_code/build_3/build_out/freertos_riscv_ram\libfreertos_riscv_ram.a(queue.o)
                0x000000004200fbc0                xQueueRegistry
                0x000000004200fc00                PROVIDE (_heap_start = .)
                0x0000000000031c00                PROVIDE (_heap_size = (ADDR (.stack) - _heap_start))

.stack          0x0000000042041800      0x800
                0x0000000042042000                . = (. + __stack_size)
 *fill*         0x0000000042041800      0x800 
                0x0000000042042000                PROVIDE (_sp_main = .)
                0x0000000042042000                __freertos_irq_stack_top = .
                [!provide]                        PROVIDE (_ld_bl_static_cli_cmds_start = _bl_static_cli_cmds_start)
                [!provide]                        PROVIDE (_ld_bl_static_cli_cmds_end = _bl_static_cli_cmds_end)
                [!provide]                        PROVIDE (_ld_bl_static_cfg_entry_start = _bl_static_fw_cfg_entry_start)
                [!provide]                        PROVIDE (_ld_bl_static_cfg_entry_end = _bl_static_fw_cfg_entry_end)
                [!provide]                        PROVIDE (_ld_bl_static_blogcomponent_code_start = _bl_static_blogcomponent_code_start)
                [!provide]                        PROVIDE (_ld_bl_static_blogcomponent_code_end = _bl_static_blogcomponent_code_end)
                [!provide]                        PROVIDE (_ld_bl_static_blogfile_code_start = _bl_static_blogfile_code_start)
                [!provide]                        PROVIDE (_ld_bl_static_blogfile_code_end = _bl_static_blogfile_code_end)
                [!provide]                        PROVIDE (_ld_bl_static_blogpri_code_start = _bl_static_blogpri_code_start)
                [!provide]                        PROVIDE (_ld_bl_static_blogpri_code_end = _bl_static_blogpri_code_end)
                [!provide]                        PROVIDE (_ld_ram_size0 = LENGTH (flash))
                [!provide]                        PROVIDE (_ld_ram_addr0 = ORIGIN (flash))
                [!provide]                        PROVIDE (_ld_ram_size1 = LENGTH (ram_tcm))
                [!provide]                        PROVIDE (_ld_ram_addr1 = ORIGIN (ram_tcm))
                [!provide]                        PROVIDE (_ld_ram_size2 = LENGTH (ram_wifi))
                [!provide]                        PROVIDE (_ld_ram_addr2 = ORIGIN (ram_wifi))
                0x0000000042049c00                PROVIDE (__boot2_pt_addr_src = BOOT2_PT_ADDR)
                0x0000000042049c18                PROVIDE (__boot2_flashCfg_src = BOOT2_FLASHCFG_ADDR)
                [!provide]                        PROVIDE (xTaskGetTickCount = 0x21017694)
                [!provide]                        PROVIDE (xTaskGetTickCountFromISR = 0x210176aa)
                [!provide]                        PROVIDE (pvPortMalloc = 0x21019662)
                [!provide]                        PROVIDE (vPortFree = 0x2101973a)
                [!provide]                        PROVIDE (vTaskNotifyGiveFromISR = 0x210188e8)
                [!provide]                        PROVIDE (vTaskSwitchContext = 0x21017a04)
                [!provide]                        PROVIDE (ulTaskNotifyTake = 0x21018548)
                [!provide]                        PROVIDE (vTaskExitCritical = 0x210183f4)
                [!provide]                        PROVIDE (vTaskEnterCritical = 0x210183e4)
                [!provide]                        PROVIDE (xTaskGetCurrentTaskHandle = 0x21018152)
                [!provide]                        PROVIDE (xQueueSemaphoreTake = 0x21015ce8)
                [!provide]                        PROVIDE (xQueueGenericSend = 0x21015834)
                [!provide]                        PROVIDE (xQueueGenericSendFromISR = 0x21015a4c)
                [!provide]                        PROVIDE (xTaskCreateStatic = 0x210170a2)
                [!provide]                        PROVIDE (xTaskCreate = 0x2101713a)
                [!provide]                        PROVIDE (xQueueCreateMutex = 0x21015a1c)
                [!provide]                        PROVIDE (xQueueCreateMutexStatic = 0x21015994)
                [!provide]                        PROVIDE (vQueueDelete = 0x210161d8)
                [!provide]                        PROVIDE (xQueueGenericCreateStatic = 0x210156c2)
                [!provide]                        PROVIDE (xQueueGenericCreate = 0x21015744)
                [!provide]                        PROVIDE (xQueueReceive = 0x21015b8a)
                [!provide]                        PROVIDE (uxQueueMessagesWaiting = 0x21016168)
                [!provide]                        PROVIDE (vTaskDelay = 0x210179c6)
                [!provide]                        PROVIDE (vTaskDelayUntil = 0x21017952)
                [!provide]                        PROVIDE (xPortGetFreeHeapSize = 0x210197ce)
                [!provide]                        PROVIDE (vTaskList = 0x21018408)
                [!provide]                        PROVIDE (xTimerGenericCommand = 0x21018bec)
                [!provide]                        PROVIDE (xTimerCreateTimerTask = 0x21018a9e)
                [!provide]                        PROVIDE (xTimerCreate = 0x21018af6)
                [!provide]                        PROVIDE (xTimerCreateStatic = 0x21018b66)
                [!provide]                        PROVIDE (xQueueCreateCountingSemaphoreStatic = 0x210157c2)
                [!provide]                        PROVIDE (xQueueCreateCountingSemaphore = 0x21015800)
                [!provide]                        PROVIDE (pTrapNetCounter = __global_pointer_head$)
                [!provide]                        PROVIDE (TrapNetCounter = (__global_pointer_head$ + 0x58))
                [!provide]                        PROVIDE (vEventGroupDelete = 0x210153be)
                [!provide]                        PROVIDE (xEventGroupWaitBits = 0x21015086)
                [!provide]                        PROVIDE (xEventGroupCreateStatic = 0x21015000)
                [!provide]                        PROVIDE (xEventGroupSetBits = 0x210151e0)
                [!provide]                        PROVIDE (xStreamBufferGenericCreateStatic = 0x210165c0)
                [!provide]                        PROVIDE (xStreamBufferReceive = 0x210169ae)
                [!provide]                        PROVIDE (xStreamBufferSend = 0x210167a8)
                [!provide]                        PROVIDE (pvTimerGetTimerID = 0x21018fd4)
                [!provide]                        PROVIDE (xTaskGenericNotify = 0x210186be)
                [!provide]                        PROVIDE (xTaskGenericNotifyFromISR = 0x210187de)
                [!provide]                        PROVIDE (xQueueGiveMutexRecursive = 0x210159c8)
                [!provide]                        PROVIDE (xQueueTakeMutexRecursive = 0x21015e70)
                [!provide]                        PROVIDE (xTaskGetTickCount2 = 0x2101769a)
                [!provide]                        PROVIDE (xQueueGiveFromISR = 0x21015b0e)
                [!provide]                        PROVIDE (vTaskDelete = 0x210171b6)
                [!provide]                        PROVIDE (uxTaskGetStackHighWaterMark = 0x21018110)
                [!provide]                        PROVIDE (pcTaskGetName = 0x210176b6)
                [!provide]                        PROVIDE (vTaskStartScheduler = 0x21017610)
                [!provide]                        PROVIDE (vPortDefineHeapRegions = 0x210197da)
                0x0000000000000000                PROVIDE (__LD_CONFIG_EM_SEL = __EM_SIZE)
                [!provide]                        PROVIDE (_ld_symbol_rom_framework_audio_device_start = _rom_framework_audio_device_start)
                [!provide]                        PROVIDE (_ld_symbol_rom_framework_audio_device_end = _rom_framework_audio_device_end)
OUTPUT(D:/BL602/final_code/build_3/build_out/main3_file.elf elf32-littleriscv)

.riscv.attributes
                0x0000000000000000       0x2b
 .riscv.attributes
                0x0000000000000000       0x29 D:/BL602/final_code/build_3/build_out/bl602\libbl602.a(start.o)
 .riscv.attributes
                0x0000000000000029       0x2b D:/BL602/final_code/build_3/build_out/hal_drv\libhal_drv.a(hal_boot2.o)
 .riscv.attributes
                0x0000000000000054       0x2b D:/BL602/final_code/build_3/build_out/main3_file\libmain3_file.a(main.o)
 .riscv.attributes
                0x000000000000007f       0x2b D:/BL602/final_code/build_3/build_out/main3_file\libmain3_file.a(adc.o)
 .riscv.attributes
                0x00000000000000aa       0x2b D:/BL602/final_code/build_3/build_out/bl602\libbl602.a(debug.o)
 .riscv.attributes
                0x00000000000000d5       0x2b D:/BL602/final_code/build_3/build_out/freertos_riscv_ram\libfreertos_riscv_ram.a(tasks.o)
 .riscv.attributes
                0x0000000000000100       0x2b D:/BL602/final_code/build_3/build_out/freertos_riscv_ram\libfreertos_riscv_ram.a(timers.o)
 .riscv.attributes
                0x000000000000012b       0x2b D:/BL602/final_code/build_3/build_out/freertos_riscv_ram\libfreertos_riscv_ram.a(port.o)
 .riscv.attributes
                0x0000000000000156       0x29 D:/BL602/final_code/build_3/build_out/freertos_riscv_ram\libfreertos_riscv_ram.a(portASM.o)
 .riscv.attributes
                0x000000000000017f       0x2b D:/BL602/final_code/build_3/build_out/freertos_riscv_ram\libfreertos_riscv_ram.a(heap_5.o)
 .riscv.attributes
                0x00000000000001aa       0x2b D:/BL602/final_code/build_3/build_out/freertos_riscv_ram\libfreertos_riscv_ram.a(list.o)
 .riscv.attributes
                0x00000000000001d5       0x2b D:/BL602/final_code/build_3/build_out/freertos_riscv_ram\libfreertos_riscv_ram.a(queue.o)
 .riscv.attributes
                0x0000000000000200       0x2b D:/BL602/final_code/build_3/build_out/hal_drv\libhal_drv.a(bl_uart.o)
 .riscv.attributes
                0x000000000000022b       0x2b D:/BL602/final_code/build_3/build_out/hal_drv\libhal_drv.a(bl_sys.o)
 .riscv.attributes
                0x0000000000000256       0x2b D:/BL602/final_code/build_3/build_out/hal_drv\libhal_drv.a(bl_dma.o)
 .riscv.attributes
                0x0000000000000281       0x2b D:/BL602/final_code/build_3/build_out/hal_drv\libhal_drv.a(bl_irq.o)
 .riscv.attributes
                0x00000000000002ac       0x2b D:/BL602/final_code/build_3/build_out/hal_drv\libhal_drv.a(bl_gpio.o)
 .riscv.attributes
                0x00000000000002d7       0x2b D:/BL602/final_code/build_3/build_out/hal_drv\libhal_drv.a(bl_adc.o)
 .riscv.attributes
                0x0000000000000302       0x2b D:/BL602/final_code/build_3/build_out/main3_file\libmain3_file.a(freertos.o)
 .riscv.attributes
                0x000000000000032d       0x2b D:/BL602/final_code/build_3/build_out/utils\libutils.a(utils_list.o)
 .riscv.attributes
                0x0000000000000358       0x2b D:/BL602/final_code/build_3/build_out/bl602_std\libbl602_std.a(bl602_uart.o)
 .riscv.attributes
                0x0000000000000383       0x2b D:/BL602/final_code/build_3/build_out/bl602_std\libbl602_std.a(bl602_adc.o)
 .riscv.attributes
                0x00000000000003ae       0x2b D:/BL602/final_code/build_3/build_out/bl602_std\libbl602_std.a(bl602_dma.o)
 .riscv.attributes
                0x00000000000003d9       0x2b D:/BL602/final_code/build_3/build_out/bl602_std\libbl602_std.a(bl602_common.o)
 .riscv.attributes
                0x0000000000000404       0x2b D:/BL602/final_code/build_3/build_out/bl602_std\libbl602_std.a(bl602_glb.o)
 .riscv.attributes
                0x000000000000042f       0x2b D:/BL602/final_code/build_3/build_out/bl602_std\libbl602_std.a(bl602_hbn.o)
 .riscv.attributes
                0x000000000000045a       0x2b D:/BL602/final_code/build_3/build_out/bl602_std\libbl602_std.a(bl602_ef_ctrl.o)
 .riscv.attributes
                0x0000000000000485       0x2b D:/BL602/final_code/build_3/build_out/bl602_std\libbl602_std.a(platform_device.o)
 .riscv.attributes
                0x00000000000004b0       0x2b D:/BL602/final_code/build_3/build_out/bl602_std\libbl602_std.a(interrupt.o)
 .riscv.attributes
                0x00000000000004db       0x2b D:/BL602/final_code/build_3/build_out/bl602_std\libbl602_std.a(bl602_romapi.o)
 .riscv.attributes
                0x0000000000000506       0x2b D:/BL602/final_code/build_3/build_out/bltime\libbltime.a(bl_sys_time.o)
 .riscv.attributes
                0x0000000000000531       0x2b D:/BL602/final_code/build_3/build_out/freertos_riscv_ram\libfreertos_riscv_ram.a(misaligned_ldst.o)
 .riscv.attributes
                0x000000000000055c       0x29 D:/BL602/final_code/build_3/build_out/freertos_riscv_ram\libfreertos_riscv_ram.a(fp_asm.o)
 .riscv.attributes
                0x0000000000000585       0x2b D:/BL602/final_code/build_3/build_out/freertos_riscv_ram\libfreertos_riscv_ram.a(panic_c.o)
 .riscv.attributes
                0x00000000000005b0       0x2b D:/BL602/final_code/build_3/build_out/hal_drv\libhal_drv.a(bl_rtc.o)
 .riscv.attributes
                0x00000000000005db       0x26 d:/bl602/newbl602_sdk/bl_iot_sdk/toolchain/riscv/msys/bin/../lib/gcc/riscv64-unknown-elf/8.3.0/../../../../riscv64-unknown-elf/lib/rv32imf/ilp32f\libm.a(lib_a-s_modf.o)
 .riscv.attributes
                0x0000000000000601       0x26 d:/bl602/newbl602_sdk/bl_iot_sdk/toolchain/riscv/msys/bin/../lib/gcc/riscv64-unknown-elf/8.3.0/rv32imf/ilp32f\libgcc.a(_clzsi2.o)
 .riscv.attributes
                0x0000000000000627       0x26 d:/bl602/newbl602_sdk/bl_iot_sdk/toolchain/riscv/msys/bin/../lib/gcc/riscv64-unknown-elf/8.3.0/rv32imf/ilp32f\libgcc.a(_udivdi3.o)
 .riscv.attributes
                0x000000000000064d       0x26 d:/bl602/newbl602_sdk/bl_iot_sdk/toolchain/riscv/msys/bin/../lib/gcc/riscv64-unknown-elf/8.3.0/rv32imf/ilp32f\libgcc.a(_umoddi3.o)
 .riscv.attributes
                0x0000000000000673       0x26 d:/bl602/newbl602_sdk/bl_iot_sdk/toolchain/riscv/msys/bin/../lib/gcc/riscv64-unknown-elf/8.3.0/rv32imf/ilp32f\libgcc.a(adddf3.o)
 .riscv.attributes
                0x0000000000000699       0x26 d:/bl602/newbl602_sdk/bl_iot_sdk/toolchain/riscv/msys/bin/../lib/gcc/riscv64-unknown-elf/8.3.0/rv32imf/ilp32f\libgcc.a(divdf3.o)
 .riscv.attributes
                0x00000000000006bf       0x26 d:/bl602/newbl602_sdk/bl_iot_sdk/toolchain/riscv/msys/bin/../lib/gcc/riscv64-unknown-elf/8.3.0/rv32imf/ilp32f\libgcc.a(eqdf2.o)
 .riscv.attributes
                0x00000000000006e5       0x26 d:/bl602/newbl602_sdk/bl_iot_sdk/toolchain/riscv/msys/bin/../lib/gcc/riscv64-unknown-elf/8.3.0/rv32imf/ilp32f\libgcc.a(gedf2.o)
 .riscv.attributes
                0x000000000000070b       0x26 d:/bl602/newbl602_sdk/bl_iot_sdk/toolchain/riscv/msys/bin/../lib/gcc/riscv64-unknown-elf/8.3.0/rv32imf/ilp32f\libgcc.a(ledf2.o)
 .riscv.attributes
                0x0000000000000731       0x26 d:/bl602/newbl602_sdk/bl_iot_sdk/toolchain/riscv/msys/bin/../lib/gcc/riscv64-unknown-elf/8.3.0/rv32imf/ilp32f\libgcc.a(muldf3.o)
 .riscv.attributes
                0x0000000000000757       0x26 d:/bl602/newbl602_sdk/bl_iot_sdk/toolchain/riscv/msys/bin/../lib/gcc/riscv64-unknown-elf/8.3.0/rv32imf/ilp32f\libgcc.a(subdf3.o)
 .riscv.attributes
                0x000000000000077d       0x26 d:/bl602/newbl602_sdk/bl_iot_sdk/toolchain/riscv/msys/bin/../lib/gcc/riscv64-unknown-elf/8.3.0/rv32imf/ilp32f\libgcc.a(fixdfsi.o)
 .riscv.attributes
                0x00000000000007a3       0x26 d:/bl602/newbl602_sdk/bl_iot_sdk/toolchain/riscv/msys/bin/../lib/gcc/riscv64-unknown-elf/8.3.0/rv32imf/ilp32f\libgcc.a(floatsidf.o)
 .riscv.attributes
                0x00000000000007c9       0x26 d:/bl602/newbl602_sdk/bl_iot_sdk/toolchain/riscv/msys/bin/../lib/gcc/riscv64-unknown-elf/8.3.0/rv32imf/ilp32f\libgcc.a(extendsfdf2.o)
 .riscv.attributes
                0x00000000000007ef       0x26 d:/bl602/newbl602_sdk/bl_iot_sdk/toolchain/riscv/msys/bin/../lib/gcc/riscv64-unknown-elf/8.3.0/rv32imf/ilp32f\libgcc.a(truncdfsf2.o)
 .riscv.attributes
                0x0000000000000815       0x26 d:/bl602/newbl602_sdk/bl_iot_sdk/toolchain/riscv/msys/bin/../lib/gcc/riscv64-unknown-elf/8.3.0/rv32imf/ilp32f\libgcc.a(_clz.o)
 .riscv.attributes
                0x000000000000083b       0x26 d:/bl602/newbl602_sdk/bl_iot_sdk/toolchain/riscv/msys/bin/../lib/gcc/riscv64-unknown-elf/8.3.0/../../../../riscv64-unknown-elf/lib/rv32imf/ilp32f\libc.a(lib_a-memcpy.o)
 .riscv.attributes
                0x0000000000000861       0x24 d:/bl602/newbl602_sdk/bl_iot_sdk/toolchain/riscv/msys/bin/../lib/gcc/riscv64-unknown-elf/8.3.0/../../../../riscv64-unknown-elf/lib/rv32imf/ilp32f\libc.a(lib_a-memset.o)
 .riscv.attributes
                0x0000000000000885       0x26 d:/bl602/newbl602_sdk/bl_iot_sdk/toolchain/riscv/msys/bin/../lib/gcc/riscv64-unknown-elf/8.3.0/../../../../riscv64-unknown-elf/lib/rv32imf/ilp32f\libc.a(lib_a-strlen.o)
 .riscv.attributes
                0x00000000000008ab       0x26 d:/bl602/newbl602_sdk/bl_iot_sdk/toolchain/riscv/msys/bin/../lib/gcc/riscv64-unknown-elf/8.3.0/../../../../riscv64-unknown-elf/lib/rv32imf/ilp32f\libc.a(lib_a-strnlen.o)

.comment        0x0000000000000000       0x28